Component: ARM Compiler 5.06 update 6 (build 750) Tool: armlink [4d35ed]

==============================================================================

Section Cross References

    thread.o(i.Init_Thread) refers to rt_cmsis.o(i.osThreadCreate) for osThreadCreate
    thread.o(i.Init_Thread) refers to thread.o(.constdata) for os_thread_def_Thread
    thread.o(i.Init_Thread) refers to thread.o(.data) for tid_Thread
    thread.o(i.Thread) refers to rt_cmsis.o(i.osThreadYield) for osThreadYield
    thread.o(.constdata) refers to thread.o(i.Thread) for Thread
    main.o(i.MX_GPIO_Init) refers to stm32f7xx_hal_gpio.o(i.HAL_GPIO_WritePin) for HAL_GPIO_WritePin
    main.o(i.MX_GPIO_Init) refers to stm32f7xx_hal_gpio.o(i.HAL_GPIO_Init) for HAL_GPIO_Init
    main.o(i.SystemClock_Config) refers to stm32f7xx_hal_rcc.o(i.HAL_RCC_OscConfig) for HAL_RCC_OscConfig
    main.o(i.SystemClock_Config) refers to main.o(i._Error_Handler) for _Error_Handler
    main.o(i.SystemClock_Config) refers to stm32f7xx_hal_pwr_ex.o(i.HAL_PWREx_EnableOverDrive) for HAL_PWREx_EnableOverDrive
    main.o(i.SystemClock_Config) refers to stm32f7xx_hal_rcc.o(i.HAL_RCC_ClockConfig) for HAL_RCC_ClockConfig
    main.o(i.SystemClock_Config) refers to stm32f7xx_hal_rcc.o(i.HAL_RCC_GetHCLKFreq) for HAL_RCC_GetHCLKFreq
    main.o(i.SystemClock_Config) refers to stm32f7xx_hal_cortex.o(i.HAL_SYSTICK_Config) for HAL_SYSTICK_Config
    main.o(i.SystemClock_Config) refers to stm32f7xx_hal_cortex.o(i.HAL_SYSTICK_CLKSourceConfig) for HAL_SYSTICK_CLKSourceConfig
    main.o(i.SystemClock_Config) refers to stm32f7xx_hal_cortex.o(i.HAL_NVIC_SetPriority) for HAL_NVIC_SetPriority
    main.o(i.callback) refers to stm32f7xx_hal_gpio.o(i.HAL_GPIO_TogglePin) for HAL_GPIO_TogglePin
    main.o(i.ledThread1) refers to rt_cmsis.o(i.osSignalWait) for osSignalWait
    main.o(i.ledThread1) refers to stm32f7xx_hal_gpio.o(i.HAL_GPIO_WritePin) for HAL_GPIO_WritePin
    main.o(i.ledThread2) refers to stm32f7xx_hal_gpio.o(i.HAL_GPIO_WritePin) for HAL_GPIO_WritePin
    main.o(i.ledThread2) refers to rt_cmsis.o(i.osSignalSet) for osSignalSet
    main.o(i.ledThread2) refers to rt_cmsis.o(i.osDelay) for osDelay
    main.o(i.ledThread2) refers to main.o(.data) for T_ledThread1
    main.o(i.main) refers to rt_cmsis.o(i.osTimerCreate) for osTimerCreate
    main.o(i.main) refers to rt_cmsis.o(i.osKernelInitialize) for osKernelInitialize
    main.o(i.main) refers to stm32f7xx_hal.o(i.HAL_Init) for HAL_Init
    main.o(i.main) refers to main.o(i.SystemClock_Config) for SystemClock_Config
    main.o(i.main) refers to main.o(i.MX_GPIO_Init) for MX_GPIO_Init
    main.o(i.main) refers to rt_cmsis.o(i.osTimerStart) for osTimerStart
    main.o(i.main) refers to rt_cmsis.o(i.osThreadCreate) for osThreadCreate
    main.o(i.main) refers to rt_cmsis.o(i.osKernelStart) for osKernelStart
    main.o(i.main) refers to main.o(.constdata) for os_timer_def_timer0_handle
    main.o(i.main) refers to main.o(.data) for T_ledThread1
    main.o(.constdata) refers to main.o(i.ledThread1) for ledThread1
    main.o(.constdata) refers to main.o(i.ledThread2) for ledThread2
    main.o(.constdata) refers to main.o(i.callback) for callback
    main.o(.constdata) refers to main.o(.bss) for os_timer_cb_timer0_handle
    rtx_conf_cm.o(.emb_text) refers to rt_cmsis.o(i.osKernelInitialize) for osKernelInitialize
    rtx_conf_cm.o(.emb_text) refers to rt_cmsis.o(i.osThreadCreate) for osThreadCreate
    rtx_conf_cm.o(.emb_text) refers to rt_cmsis.o(i.osKernelStart) for osKernelStart
    rtx_conf_cm.o(.emb_text) refers to exit.o(.text) for exit
    rtx_conf_cm.o(.emb_text) refers to rtx_conf_cm.o(.constdata) for os_thread_def_main
    rtx_conf_cm.o(i.__user_perthread_libspace) refers to rt_task.o(i.rt_tsk_self) for rt_tsk_self
    rtx_conf_cm.o(i.__user_perthread_libspace) refers to rt_cmsis.o(.data) for os_running
    rtx_conf_cm.o(i.__user_perthread_libspace) refers to rtx_conf_cm.o(.bss) for .bss
    rtx_conf_cm.o(i.__user_perthread_libspace) refers to libspace.o(.bss) for __libspace_start
    rtx_conf_cm.o(i._mutex_acquire) refers to rt_cmsis.o(.data) for os_running
    rtx_conf_cm.o(i._mutex_acquire) refers to rt_mutex.o(i.rt_mut_wait) for rt_mut_wait
    rtx_conf_cm.o(i._mutex_initialize) refers to rt_mutex.o(i.rt_mut_init) for rt_mut_init
    rtx_conf_cm.o(i._mutex_initialize) refers to rtx_conf_cm.o(.data) for .data
    rtx_conf_cm.o(i._mutex_initialize) refers to rtx_conf_cm.o(.bss) for .bss
    rtx_conf_cm.o(i._mutex_release) refers to rt_cmsis.o(.data) for os_running
    rtx_conf_cm.o(i._mutex_release) refers to rt_mutex.o(i.rt_mut_release) for rt_mut_release
    rtx_conf_cm.o(.constdata) refers to rt_cmsis.o(i.osTimerThread) for osTimerThread
    rtx_conf_cm.o(.constdata) refers to rtx_conf_cm.o(.bss) for os_messageQ_q_osTimerMessageQ
    rtx_conf_cm.o(.constdata) refers to main.o(i.main) for main
    stm32f7xx_hal.o(i.HAL_DeInit) refers to stm32f7xx_hal.o(i.HAL_MspDeInit) for HAL_MspDeInit
[...]
    RTE\Device\STM32F746NGHx\system_stm32f7xx.c 0x00000000   Number         0  system_stm32f7xx.o ABSOLUTE
    RTE\\CMSIS\\RTX_Conf_CM.c                0x00000000   Number         0  rtx_conf_cm.o ABSOLUTE
    RTE\\Device\\STM32F746NGHx\\system_stm32f7xx.c 0x00000000   Number         0  system_stm32f7xx.o ABSOLUTE
    SVC_Table.s                              0x00000000   Number         0  svc_table.o ABSOLUTE
    Thread.c                                 0x00000000   Number         0  thread.o ABSOLUTE
    dc.s                                     0x00000000   Number         0  dc.o ABSOLUTE
    main.c                                   0x00000000   Number         0  main.o ABSOLUTE
    main.c                                   0x00000000   Number         0  main.o ABSOLUTE
    RESET                                    0x08000000   Section      456  startup_stm32f746xx.o(RESET)
    !!!main                                  0x080001c8   Section        8  __main.o(!!!main)
    !!!scatter                               0x080001d0   Section       52  __scatter.o(!!!scatter)
    !!handler_copy                           0x08000204   Section       26  __scatter_copy.o(!!handler_copy)
    !!handler_zi                             0x08000220   Section       28  __scatter_zi.o(!!handler_zi)
    .ARM.Collect$$libinit$$00000000          0x0800023c   Section        2  libinit.o(.ARM.Collect$$libinit$$00000000)
    .ARM.Collect$$libinit$$00000001          0x0800023e   Section        4  libinit2.o(.ARM.Collect$$libinit$$00000001)
    .ARM.Collect$$libinit$$00000004          0x08000242   Section        0  libinit2.o(.ARM.Collect$$libinit$$00000004)
    .ARM.Collect$$libinit$$0000000A          0x08000242   Section        0  libinit2.o(.ARM.Collect$$libinit$$0000000A)
    .ARM.Collect$$libinit$$0000000C          0x08000242   Section        0  libinit2.o(.ARM.Collect$$libinit$$0000000C)
    .ARM.Collect$$libinit$$0000000E          0x08000242   Section        0  libinit2.o(.ARM.Collect$$libinit$$0000000E)
    .ARM.Collect$$libinit$$00000011          0x08000242   Section        0  libinit2.o(.ARM.Collect$$libinit$$00000011)
    .ARM.Collect$$libinit$$00000013          0x08000242   Section        0  libinit2.o(.ARM.Collect$$libinit$$00000013)
    .ARM.Collect$$libinit$$00000015          0x08000242   Section        0  libinit2.o(.ARM.Collect$$libinit$$00000015)
    .ARM.Collect$$libinit$$00000017          0x08000242   Section        0  libinit2.o(.ARM.Collect$$libinit$$00000017)
    .ARM.Collect$$libinit$$00000019          0x08000242   Section        0  libinit2.o(.ARM.Collect$$libinit$$00000019)
    .ARM.Collect$$libinit$$0000001B          0x08000242   Section        0  libinit2.o(.ARM.Collect$$libinit$$0000001B)
    .ARM.Collect$$libinit$$0000001D          0x08000242   Section        0  libinit2.o(.ARM.Collect$$libinit$$0000001D)
    .ARM.Collect$$libinit$$0000001F          0x08000242   Section        0  libinit2.o(.ARM.Collect$$libinit$$0000001F)
    .ARM.Collect$$libinit$$00000021          0x08000242   Section        0  libinit2.o(.ARM.Collect$$libinit$$00000021)
    .ARM.Collect$$libinit$$00000023          0x08000242   Section        0  libinit2.o(.ARM.Collect$$libinit$$00000023)
    .ARM.Collect$$libinit$$00000025          0x08000242   Section        0  libinit2.o(.ARM.Collect$$libinit$$00000025)
    .ARM.Collect$$libinit$$0000002C          0x08000242   Section        0  libinit2.o(.ARM.Collect$$libinit$$0000002C)
    .ARM.Collect$$libinit$$0000002E          0x08000242   Section        0  libinit2.o(.ARM.Collect$$libinit$$0000002E)
    .ARM.Collect$$libinit$$00000030          0x08000242   Section        0  libinit2.o(.ARM.Collect$$libinit$$00000030)
    .ARM.Collect$$libinit$$00000032          0x08000242   Section        0  libinit2.o(.ARM.Collect$$libinit$$00000032)
    .ARM.Collect$$libinit$$00000033          0x08000242   Section        2  libinit2.o(.ARM.Collect$$libinit$$00000033)
    .ARM.Collect$$libshutdown$$00000000      0x08000244   Section        2  libshutdown.o(.ARM.Collect$$libshutdown$$00000000)
    .ARM.Collect$$libshutdown$$00000002      0x08000246   Section        0  libshutdown2.o(.ARM.Collect$$libshutdown$$00000002)
    .ARM.Collect$$libshutdown$$00000004      0x08000246   Section        0  libshutdown2.o(.ARM.Collect$$libshutdown$$00000004)
    .ARM.Collect$$libshutdown$$00000007      0x08000246   Section        0  libshutdown2.o(.ARM.Collect$$libshutdown$$00000007)
    .ARM.Collect$$libshutdown$$0000000A      0x08000246   Section        0  libshutdown2.o(.ARM.Collect$$libshutdown$$0000000A)
    .ARM.Collect$$libshutdown$$0000000C      0x08000246   Section        0  libshutdown2.o(.ARM.Collect$$libshutdown$$0000000C)
    .ARM.Collect$$libshutdown$$0000000F      0x08000246   Section        0  libshutdown2.o(.ARM.Collect$$libshutdown$$0000000F)
    .ARM.Collect$$libshutdown$$00000010      0x08000246   Section        2  libshutdown2.o(.ARM.Collect$$libshutdown$$00000010)
    .ARM.Collect$$rtentry$$00000000          0x08000248   Section        0  __rtentry.o(.ARM.Collect$$rtentry$$00000000)
    .ARM.Collect$$rtentry$$00000002          0x08000248   Section        0  __rtentry2.o(.ARM.Collect$$rtentry$$00000002)
    .ARM.Collect$$rtentry$$00000004          0x08000248   Section        6  __rtentry4.o(.ARM.Collect$$rtentry$$00000004)
    .ARM.Collect$$rtentry$$00000009          0x0800024e   Section        0  __rtentry2.o(.ARM.Collect$$rtentry$$00000009)
    .ARM.Collect$$rtentry$$0000000A          0x0800024e   Section        4  __rtentry2.o(.ARM.Collect$$rtentry$$0000000A)
    .ARM.Collect$$rtentry$$0000000B          0x08000252   Section        8  __rtentry2.o(.ARM.Collect$$rtentry$$0000000B)
    .ARM.Collect$$rtentry$$0000000D          0x0800025a   Section        8  __rtentry2.o(.ARM.Collect$$rtentry$$0000000D)
    .ARM.Collect$$rtexit$$00000000           0x08000262   Section        2  rtexit.o(.ARM.Collect$$rtexit$$00000000)
    .ARM.Collect$$rtexit$$00000002           0x08000264   Section        0  rtexit2.o(.ARM.Collect$$rtexit$$00000002)
    .ARM.Collect$$rtexit$$00000003           0x08000264   Section        4  rtexit2.o(.ARM.Collect$$rtexit$$00000003)
    .ARM.Collect$$rtexit$$00000004           0x08000268   Section        6  rtexit2.o(.ARM.Collect$$rtexit$$00000004)
    .emb_text                                0x08000270   Section       28  rtx_conf_cm.o(.emb_text)
    $v0                                      0x08000270   Number         0  rtx_conf_cm.o(.emb_text)
    .emb_text                                0x0800028c   Section      408  hal_cm4.o(.emb_text)
    $v0                                      0x0800028c   Number         0  hal_cm4.o(.emb_text)
    .text                                    0x08000424   Section       64  startup_stm32f746xx.o(.text)
    $v0                                      0x08000424   Number         0  startup_stm32f746xx.o(.text)
    .text                                    0x08000464   Section        8  libspace.o(.text)
    .text                                    0x0800046c   Section      238  lludivv7m.o(.text)
    .text                                    0x0800055a   Section        0  exit.o(.text)
    .text                                    0x0800056c   Section        0  heapauxi.o(.text)
    .text                                    0x08000574   Section        0  sys_exit.o(.text)
    .text                                    0x08000580   Section       74  sys_stackheap_outer.o(.text)
    .text                                    0x080005ca   Section        2  use_no_semi.o(.text)
    .text                                    0x080005cc   Section        0  indicate_semi.o(.text)
    SVC_TABLE                                0x080005cc   Section        4  svc_table.o(SVC_TABLE)
    i.HAL_GPIO_Init                          0x080005d0   Section        0  stm32f7xx_hal_gpio.o(i.HAL_GPIO_Init)
    i.HAL_GPIO_TogglePin                     0x080007e8   Section        0  stm32f7xx_hal_gpio.o(i.HAL_GPIO_TogglePin)
    i.HAL_GPIO_WritePin                      0x080007f0   Section        0  stm32f7xx_hal_gpio.o(i.HAL_GPIO_WritePin)
    i.HAL_GetTick                            0x080007fc   Section        0  stm32f7xx_hal.o(i.HAL_GetTick)
    i.HAL_Init                               0x08000808   Section        0  stm32f7xx_hal.o(i.HAL_Init)
    i.HAL_InitTick                           0x08000830   Section        0  stm32f7xx_hal.o(i.HAL_InitTick)
    i.HAL_MspInit                            0x08000858   Section        0  stm32f7xx_hal.o(i.HAL_MspInit)
    i.HAL_NVIC_SetPriority                   0x0800085a   Section        0  stm32f7xx_hal_cortex.o(i.HAL_NVIC_SetPriority)
    i.HAL_NVIC_SetPriorityGrouping           0x080008d8   Section        0  stm32f7xx_hal_cortex.o(i.HAL_NVIC_SetPriorityGrouping)
    i.HAL_PWREx_EnableOverDrive              0x08000900   Section        0  stm32f7xx_hal_pwr_ex.o(i.HAL_PWREx_EnableOverDrive)
    i.HAL_RCC_ClockConfig                    0x08000990   Section        0  stm32f7xx_hal_rcc.o(i.HAL_RCC_ClockConfig)
    i.HAL_RCC_GetHCLKFreq                    0x08000b44   Section        0  stm32f7xx_hal_rcc.o(i.HAL_RCC_GetHCLKFreq)
    i.HAL_RCC_GetSysClockFreq                0x08000b50   Section        0  stm32f7xx_hal_rcc.o(i.HAL_RCC_GetSysClockFreq)
    i.HAL_RCC_OscConfig                      0x08000c04   Section        0  stm32f7xx_hal_rcc.o(i.HAL_RCC_OscConfig)
    i.HAL_SYSTICK_CLKSourceConfig            0x080010ec   Section        0  stm32f7xx_hal_cortex.o(i.HAL_SYSTICK_CLKSourceConfig)
    i.HAL_SYSTICK_Config                     0x08001114   Section        0  stm32f7xx_hal_cortex.o(i.HAL_SYSTICK_Config)
    i.MX_GPIO_Init                           0x08001148   Section        0  main.o(i.MX_GPIO_Init)
    MX_GPIO_Init                             0x08001149   Thumb Code   130  main.o(i.MX_GPIO_Init)
    i.SystemClock_Config                     0x080011d8   Section        0  main.o(i.SystemClock_Config)
    i.SystemInit                             0x080012b4   Section        0  system_stm32f7xx.o(i.SystemInit)
    i._Error_Handler                         0x08001318   Section        0  main.o(i._Error_Handler)
    i.__NVIC_GetPriorityGrouping             0x0800131c   Section        0  stm32f7xx_hal_cortex.o(i.__NVIC_GetPriorityGrouping)
    __NVIC_GetPriorityGrouping               0x0800131d   Thumb Code    10  stm32f7xx_hal_cortex.o(i.__NVIC_GetPriorityGrouping)
    i.__NVIC_SetPriority                     0x0800132c   Section        0  stm32f7xx_hal_cortex.o(i.__NVIC_SetPriority)
    __NVIC_SetPriority                       0x0800132d   Thumb Code    32  stm32f7xx_hal_cortex.o(i.__NVIC_SetPriority)
    i._init_box                              0x08001354   Section        0  rt_membox.o(i._init_box)
    i._mutex_acquire                         0x0800139c   Section        0  rtx_conf_cm.o(i._mutex_acquire)
    __tagsym$$used                           0x0800139d   Number         0  rtx_conf_cm.o(i._mutex_acquire)
    i._mutex_release                         0x080013bc   Section        0  rtx_conf_cm.o(i._mutex_release)
    __tagsym$$used                           0x080013bd   Number         0  rtx_conf_cm.o(i._mutex_release)
    i.callback                               0x080013d8   Section        0  main.o(i.callback)
    i.dbg_init                               0x08001420   Section        0  hal_cm.o(i.dbg_init)
    i.dbg_task_notify                        0x08001450   Section        0  hal_cm.o(i.dbg_task_notify)
    i.dbg_task_switch                        0x08001470   Section        0  hal_cm.o(i.dbg_task_switch)
    i.isrMessageGet                          0x08001480   Section        0  rt_cmsis.o(i.isrMessageGet)
    i.isrMessagePut                          0x080014aa   Section        0  rt_cmsis.o(i.isrMessagePut)
    i.isrSignalSet                           0x080014d6   Section        0  rt_cmsis.o(i.isrSignalSet)
    i.isr_evt_set                            0x080014fc   Section        0  rt_event.o(i.isr_evt_set)
    i.isr_mbx_receive                        0x08001524   Section        0  rt_mailbox.o(i.isr_mbx_receive)
    i.isr_mbx_send                           0x0800157a   Section        0  rt_mailbox.o(i.isr_mbx_send)
    i.ledThread1                             0x08001588   Section        0  main.o(i.ledThread1)
    i.ledThread2                             0x080015c4   Section        0  main.o(i.ledThread2)
    i.main                                   0x0800160c   Section        0  main.o(i.main)
    i.osDelay                                0x080016bc   Section        0  rt_cmsis.o(i.osDelay)
    i.osKernelInitialize                     0x080016d4   Section        0  rt_cmsis.o(i.osKernelInitialize)
    i.osKernelStart                          0x080016f8   Section        0  rt_cmsis.o(i.osKernelStart)
    i.osMessageGet                           0x08001764   Section        0  rt_cmsis.o(i.osMessageGet)
    i.osSignalSet                            0x0800177c   Section        0  rt_cmsis.o(i.osSignalSet)
    i.osSignalWait                           0x08001794   Section        0  rt_cmsis.o(i.osSignalWait)
    i.osThreadCreate                         0x080017ac   Section        0  rt_cmsis.o(i.osThreadCreate)
    i.osThreadExit                           0x080017d8   Section        0  rt_cmsis.o(i.osThreadExit)
    i.osTimerCall                            0x080017f0   Section        0  rt_cmsis.o(i.osTimerCall)
    i.osTimerCreate                          0x080017fc   Section        0  rt_cmsis.o(i.osTimerCreate)
    i.osTimerStart                           0x08001828   Section        0  rt_cmsis.o(i.osTimerStart)
    i.osTimerThread                          0x08001840   Section        0  rt_cmsis.o(i.osTimerThread)
    i.os_error                               0x0800186c   Section        0  rtx_conf_cm.o(i.os_error)
    i.os_idle_demon                          0x0800188e   Section        0  rtx_conf_cm.o(i.os_idle_demon)
    i.os_tick_init                           0x08001894   Section        0  rt_system.o(i.os_tick_init)
    i.os_tick_irqack                         0x080018bc   Section        0  rt_system.o(i.os_tick_irqack)
    i.rt_alloc_box                           0x080018be   Section        0  rt_membox.o(i.rt_alloc_box)
    i.rt_alloc_mem                           0x080018d8   Section        0  rt_memory.o(i.rt_alloc_mem)
    i.rt_block                               0x08001918   Section        0  rt_task.o(i.rt_block)
    i.rt_chk_robin                           0x08001950   Section        0  rt_robin.o(i.rt_chk_robin)
    i.rt_dec_dly                             0x08001998   Section        0  rt_list.o(i.rt_dec_dly)
    i.rt_dispatch                            0x08001a08   Section        0  rt_task.o(i.rt_dispatch)
    i.rt_dly_wait                            0x08001a4c   Section        0  rt_time.o(i.rt_dly_wait)
    i.rt_evt_psh                             0x08001a54   Section        0  rt_event.o(i.rt_evt_psh)
    i.rt_evt_set                             0x08001aa4   Section        0  rt_event.o(i.rt_evt_set)
    i.rt_evt_wait                            0x08001b00   Section        0  rt_event.o(i.rt_evt_wait)
    i.rt_free_box                            0x08001b3c   Section        0  rt_membox.o(i.rt_free_box)
    i.rt_free_mem                            0x08001b68   Section        0  rt_memory.o(i.rt_free_mem)
    i.rt_get_first                           0x08001b90   Section        0  rt_list.o(i.rt_get_first)
    i.rt_id2obj                              0x08001bb8   Section        0  rt_cmsis.o(i.rt_id2obj)
    rt_id2obj                                0x08001bb9   Thumb Code     8  rt_cmsis.o(i.rt_id2obj)
    i.rt_init_context                        0x08001bc0   Section        0  rt_task.o(i.rt_init_context)
    rt_init_context                          0x08001bc1   Thumb Code    66  rt_task.o(i.rt_init_context)
    i.rt_init_mem                            0x08001c08   Section        0  rt_memory.o(i.rt_init_mem)
    i.rt_init_robin                          0x08001c24   Section        0  rt_robin.o(i.rt_init_robin)
    i.rt_init_stack                          0x08001c3c   Section        0  hal_cm.o(i.rt_init_stack)
    i.rt_mbx_check                           0x08001cbc   Section        0  rt_mailbox.o(i.rt_mbx_check)
    i.rt_mbx_init                            0x08001cc4   Section        0  rt_mailbox.o(i.rt_mbx_init)
    i.rt_mbx_psh                             0x08001ce0   Section        0  rt_mailbox.o(i.rt_mbx_psh)
    i.rt_mbx_wait                            0x08001dd0   Section        0  rt_mailbox.o(i.rt_mbx_wait)
    i.rt_ms2tick                             0x08001e84   Section        0  rt_cmsis.o(i.rt_ms2tick)
    rt_ms2tick                               0x08001e85   Thumb Code    58  rt_cmsis.o(i.rt_ms2tick)
    i.rt_mut_release                         0x08001ec8   Section        0  rt_mutex.o(i.rt_mut_release)
    i.rt_mut_wait                            0x08001fa0   Section        0  rt_mutex.o(i.rt_mut_wait)
    i.rt_pop_req                             0x08002018   Section        0  rt_system.o(i.rt_pop_req)
    i.rt_psh_req                             0x08002094   Section        0  rt_system.o(i.rt_psh_req)
    i.rt_psq_enq                             0x080020b4   Section        0  rt_list.o(i.rt_psq_enq)
    i.rt_put_dly                             0x08002110   Section        0  rt_list.o(i.rt_put_dly)
    i.rt_put_prio                            0x08002158   Section        0  rt_list.o(i.rt_put_prio)
    i.rt_put_rdy_first                       0x08002190   Section        0  rt_list.o(i.rt_put_rdy_first)
    i.rt_resort_prio                         0x080021a4   Section        0  rt_list.o(i.rt_resort_prio)
    i.rt_ret_regs                            0x080021d8   Section        0  hal_cm.o(i.rt_ret_regs)
    rt_ret_regs                              0x080021d9   Thumb Code    16  hal_cm.o(i.rt_ret_regs)
    i.rt_ret_val                             0x080021e8   Section        0  hal_cm.o(i.rt_ret_val)
    i.rt_ret_val2                            0x080021f4   Section        0  hal_cm.o(i.rt_ret_val2)
    i.rt_rmv_dly                             0x08002204   Section        0  rt_list.o(i.rt_rmv_dly)
    i.rt_rmv_list                            0x0800222c   Section        0  rt_list.o(i.rt_rmv_list)
    i.rt_sem_psh                             0x0800225c   Section        0  rt_semaphore.o(i.rt_sem_psh)
    i.rt_stk_check                           0x08002290   Section        0  rt_system.o(i.rt_stk_check)
    i.rt_switch_req                          0x080022b4   Section        0  rt_task.o(i.rt_switch_req)
    i.rt_sys_init                            0x080022dc   Section        0  rt_task.o(i.rt_sys_init)
    i.rt_sys_start                           0x080023a8   Section        0  rt_task.o(i.rt_sys_start)
    i.rt_systick                             0x08002420   Section        0  rt_system.o(i.rt_systick)
    i.rt_tid2ptcb                            0x08002460   Section        0  rt_cmsis.o(i.rt_tid2ptcb)
    rt_tid2ptcb                              0x08002461   Thumb Code    18  rt_cmsis.o(i.rt_tid2ptcb)
    i.rt_timer_insert                        0x08002474   Section        0  rt_cmsis.o(i.rt_timer_insert)
    rt_timer_insert                          0x08002475   Thumb Code    48  rt_cmsis.o(i.rt_timer_insert)
    i.rt_timer_remove                        0x080024a8   Section        0  rt_cmsis.o(i.rt_timer_remove)
    rt_timer_remove                          0x080024a9   Thumb Code    56  rt_cmsis.o(i.rt_timer_remove)
    i.rt_tsk_create                          0x080024e4   Section        0  rt_task.o(i.rt_tsk_create)
    i.rt_tsk_delete                          0x0800256c   Section        0  rt_task.o(i.rt_tsk_delete)
    i.rt_tsk_prio                            0x080026e8   Section        0  rt_task.o(i.rt_tsk_prio)
    i.rt_tsk_self                            0x08002764   Section        0  rt_task.o(i.rt_tsk_self)
    i.svcDelay                               0x08002774   Section        0  rt_cmsis.o(i.svcDelay)
    i.svcKernelInitialize                    0x08002788   Section        0  rt_cmsis.o(i.svcKernelInitialize)
    i.svcKernelStart                         0x080027f8   Section        0  rt_cmsis.o(i.svcKernelStart)
    i.svcMessageCreate                       0x08002840   Section        0  rt_cmsis.o(i.svcMessageCreate)
    i.svcMessageGet                          0x08002864   Section        0  rt_cmsis.o(i.svcMessageGet)
    i.svcSignalSet                           0x0800289e   Section        0  rt_cmsis.o(i.svcSignalSet)
    i.svcSignalWait                          0x080028c4   Section        0  rt_cmsis.o(i.svcSignalWait)
    i.svcThreadCreate                        0x08002918   Section        0  rt_cmsis.o(i.svcThreadCreate)
    i.svcThreadGetId                         0x08002984   Section        0  rt_cmsis.o(i.svcThreadGetId)
    i.svcThreadTerminate                     0x080029a0   Section        0  rt_cmsis.o(i.svcThreadTerminate)
    i.svcTimerCall                           0x080029d8   Section        0  rt_cmsis.o(i.svcTimerCall)
    i.svcTimerCreate                         0x080029f0   Section        0  rt_cmsis.o(i.svcTimerCreate)
    i.svcTimerStart                          0x08002a28   Section        0  rt_cmsis.o(i.svcTimerStart)
    i.sysTimerTick                           0x08002a8c   Section        0  rt_cmsis.o(i.sysTimerTick)
    x$fpl$fpinit                             0x08002ae8   Section       10  fpinit.o(x$fpl$fpinit)
    $v0                                      0x08002ae8   Number         0  fpinit.o(x$fpl$fpinit)
    .constdata                               0x08002af4   Section       64  main.o(.constdata)
    .constdata                               0x08002b34   Section      104  rtx_conf_cm.o(.constdata)
    __tagsym$$used                           0x08002b50   Number         0  rtx_conf_cm.o(.constdata)
    __tagsym$$used                           0x08002b54   Number         0  rtx_conf_cm.o(.constdata)
    __tagsym$$used                           0x08002b58   Number         0  rtx_conf_cm.o(.constdata)
    __tagsym$$used                           0x08002b5c   Number         0  rtx_conf_cm.o(.constdata)
    .constdata                               0x08002b9c   Section       24  system_stm32f7xx.o(.constdata)
    .data                                    0x20010000   Section       16  main.o(.data)
    .data                                    0x20010010   Section       20  rtx_conf_cm.o(.data)
    nr_mutex                                 0x20010020   Data           4  rtx_conf_cm.o(.data)
    .data                                    0x20010024   Section        4  stm32f7xx_hal.o(.data)
    .data                                    0x20010028   Section        4  system_stm32f7xx.o(.data)
    .data                                    0x2001002c   Section        8  rt_cmsis.o(.data)
    .data                                    0x20010034   Section        8  rt_task.o(.data)
    .data                                    0x2001003c   Section        8  rt_system.o(.data)
    os_lock                                  0x2001003c   Data           1  rt_system.o(.data)
    os_psh_flag                              0x2001003d   Data           1  rt_system.o(.data)
    pend_flags                               0x2001003e   Data           1  rt_system.o(.data)
    .data                                    0x20010044   Section        4  rt_time.o(.data)
    .data                                    0x20010048   Section        8  rt_robin.o(.data)
    .data                                    0x20010050   Section        1  hal_cm.o(.data)
    .bss                                     0x20010054   Section       96  main.o(.bss)
    .bss                                     0x200100b8   Section     3016  rtx_conf_cm.o(.bss)
    std_libspace                             0x20010960   Data         672  rtx_conf_cm.o(.bss)
    std_libmutex                             0x20010c00   Data         128  rtx_conf_cm.o(.bss)
    .bss                                     0x20010c80   Section       52  rt_task.o(.bss)
    .bss                                     0x20010cb4   Section       48  rt_list.o(.bss)
    .bss                                     0x20010ce4   Section       96  libspace.o(.bss)
    HEAP                                     0x20010d48   Section      512  startup_stm32f746xx.o(HEAP)
    Heap_Mem                                 0x20010d48   Data         512  startup_stm32f746xx.o(HEAP)
    STACK                                    0x20010f48   Section     1024  startup_stm32f746xx.o(STACK)
    Stack_Mem                                0x20010f48   Data        1024  startup_stm32f746xx.o(STACK)
    __initial_sp                             0x20011348   Data           0  startup_stm32f746xx.o(STACK)

    Global Symbols

    Symbol Name                              Value     Ov Type        Size  Object(Section)

    BuildAttributes$$THM_ISAv4$E$P$D$K$B$S$7EM$VFPi5$EXTD16$VFPS$VFMA$PE$PLD8$A:L22UL41UL21$X:L11$S22US41US21$IEEE1$IW$USESV6$~STKCKD$USESV7$~SHL$OSPACE$ROPI$EBA8$UX$STANDARDLIB$REQ8$PRES8$EABIv2 0x00000000   Number         0  anon$$obj.o ABSOLUTE
    __ARM_use_no_argv                        0x00000000   Number         0  main.o ABSOLUTE
    __ARM_exceptions_init                     - Undefined Weak Reference
    __alloca_initialize                       - Undefined Weak Reference
    __arm_preinit_                            - Undefined Weak Reference
    __cpp_initialize__aeabi_                  - Undefined Weak Reference
    __cxa_finalize                            - Undefined Weak Reference
    __rt_locale                               - Undefined Weak Reference
    __sigvec_lookup                           - Undefined Weak Reference
    _atexit_init                              - Undefined Weak Reference
    _call_atexit_fns                          - Undefined Weak Reference
    _clock_init                               - Undefined Weak Reference
    _fp_trap_init                             - Undefined Weak Reference
    _fp_trap_shutdown                         - Undefined Weak Reference
    _get_lc_collate                           - Undefined Weak Reference
    _get_lc_ctype                             - Undefined Weak Reference
    _get_lc_monetary                          - Undefined Weak Reference
    _get_lc_numeric                           - Undefined Weak Reference
    _get_lc_time                              - Undefined Weak Reference
    _getenv_init                              - Undefined Weak Reference
    _handle_redirection                       - Undefined Weak Reference
    _init_alloc                               - Undefined Weak Reference
    _init_user_alloc                          - Undefined Weak Reference
    _initio                                   - Undefined Weak Reference
    _rand_init                                - Undefined Weak Reference
    _signal_finish                            - Undefined Weak Reference
    _signal_init                              - Undefined Weak Reference
    _terminate_alloc                          - Undefined Weak Reference
    _terminate_user_alloc                     - Undefined Weak Reference
    _terminateio                              - Undefined Weak Reference
    __Vectors_Size                           0x000001c8   Number         0  startup_stm32f746xx.o ABSOLUTE
    __RL_RTX_VER                             0x00000482   Number         0  rt_system.o ABSOLUTE
    __Vectors                                0x08000000   Data           4  startup_stm32f746xx.o(RESET)
    __Vectors_End                            0x080001c8   Data           0  startup_stm32f746xx.o(RESET)
    __main                                   0x080001c9   Thumb Code     8  __main.o(!!!main)
    __scatterload                            0x080001d1   Thumb Code     0  __scatter.o(!!!scatter)
    __scatterload_rt2                        0x080001d1   Thumb Code    44  __scatter.o(!!!scatter)
    __scatterload_rt2_thumb_only             0x080001d1   Thumb Code     0  __scatter.o(!!!scatter)
    __scatterload_null                       0x080001df   Thumb Code     0  __scatter.o(!!!scatter)
    __scatterload_copy                       0x08000205   Thumb Code    26  __scatter_copy.o(!!handler_copy)
    __scatterload_zeroinit                   0x08000221   Thumb Code    28  __scatter_zi.o(!!handler_zi)
    __rt_lib_init                            0x0800023d   Thumb Code     0  libinit.o(.ARM.Collect$$libinit$$00000000)
    __rt_lib_init_fp_1                       0x0800023f   Thumb Code     0  libinit2.o(.ARM.Collect$$libinit$$00000001)
    __rt_lib_init_alloca_1                   0x08000243   Thumb Code     0  libinit2.o(.ARM.Collect$$libinit$$0000002E)
    __rt_lib_init_argv_1                     0x08000243   Thumb Code     0  libinit2.o(.ARM.Collect$$libinit$$0000002C)
    __rt_lib_init_atexit_1                   0x08000243   Thumb Code     0  libinit2.o(.ARM.Collect$$libinit$$0000001B)
    __rt_lib_init_clock_1                    0x08000243   Thumb Code     0  libinit2.o(.ARM.Collect$$libinit$$00000021)
    __rt_lib_init_cpp_1                      0x08000243   Thumb Code     0  libinit2.o(.ARM.Collect$$libinit$$00000032)
    __rt_lib_init_exceptions_1               0x08000243   Thumb Code     0  libinit2.o(.ARM.Collect$$libinit$$00000030)
    __rt_lib_init_fp_trap_1                  0x08000243   Thumb Code     0  libinit2.o(.ARM.Collect$$libinit$$0000001F)
    __rt_lib_init_getenv_1                   0x08000243   Thumb Code     0  libinit2.o(.ARM.Collect$$libinit$$00000023)
    __rt_lib_init_heap_1                     0x08000243   Thumb Code     0  libinit2.o(.ARM.Collect$$libinit$$0000000A)
    __rt_lib_init_lc_collate_1               0x08000243   Thumb Code     0  libinit2.o(.ARM.Collect$$libinit$$00000011)
    __rt_lib_init_lc_ctype_1                 0x08000243   Thumb Code     0  libinit2.o(.ARM.Collect$$libinit$$00000013)
    __rt_lib_init_lc_monetary_1              0x08000243   Thumb Code     0  libinit2.o(.ARM.Collect$$libinit$$00000015)
    __rt_lib_init_lc_numeric_1               0x08000243   Thumb Code     0  libinit2.o(.ARM.Collect$$libinit$$00000017)
    __rt_lib_init_lc_time_1                  0x08000243   Thumb Code     0  libinit2.o(.ARM.Collect$$libinit$$00000019)
    __rt_lib_init_preinit_1                  0x08000243   Thumb Code     0  libinit2.o(.ARM.Collect$$libinit$$00000004)
    __rt_lib_init_rand_1                     0x08000243   Thumb Code     0  libinit2.o(.ARM.Collect$$libinit$$0000000E)
    __rt_lib_init_return                     0x08000243   Thumb Code     0  libinit2.o(.ARM.Collect$$libinit$$00000033)
    __rt_lib_init_signal_1                   0x08000243   Thumb Code     0  libinit2.o(.ARM.Collect$$libinit$$0000001D)
    __rt_lib_init_stdio_1                    0x08000243   Thumb Code     0  libinit2.o(.ARM.Collect$$libinit$$00000025)
    __rt_lib_init_user_alloc_1               0x08000243   Thumb Code     0  libinit2.o(.ARM.Collect$$libinit$$0000000C)
    __rt_lib_shutdown                        0x08000245   Thumb Code     0  libshutdown.o(.ARM.Collect$$libshutdown$$00000000)
    __rt_lib_shutdown_cpp_1                  0x08000247   Thumb Code     0  libshutdown2.o(.ARM.Collect$$libshutdown$$00000002)
    __rt_lib_shutdown_fp_trap_1              0x08000247   Thumb Code     0  libshutdown2.o(.ARM.Collect$$libshutdown$$00000007)
    __rt_lib_shutdown_heap_1                 0x08000247   Thumb Code     0  libshutdown2.o(.ARM.Collect$$libshutdown$$0000000F)
    __rt_lib_shutdown_return                 0x08000247   Thumb Code     0  libshutdown2.o(.ARM.Collect$$libshutdown$$00000010)
    __rt_lib_shutdown_signal_1               0x08000247   Thumb Code     0  libshutdown2.o(.ARM.Collect$$libshutdown$$0000000A)
    __rt_lib_shutdown_stdio_1                0x08000247   Thumb Code     0  libshutdown2.o(.ARM.Collect$$libshutdown$$00000004)
    __rt_lib_shutdown_user_alloc_1           0x08000247   Thumb Code     0  libshutdown2.o(.ARM.Collect$$libshutdown$$0000000C)
    __rt_entry                               0x08000249   Thumb Code     0  __rtentry.o(.ARM.Collect$$rtentry$$00000000)
    __rt_entry_presh_1                       0x08000249   Thumb Code     0  __rtentry2.o(.ARM.Collect$$rtentry$$00000002)
    __rt_entry_sh                            0x08000249   Thumb Code     0  __rtentry4.o(.ARM.Collect$$rtentry$$00000004)
    __rt_entry_li                            0x0800024f   Thumb Code     0  __rtentry2.o(.ARM.Collect$$rtentry$$0000000A)
    __rt_entry_postsh_1                      0x0800024f   Thumb Code     0  __rtentry2.o(.ARM.Collect$$rtentry$$00000009)
    __rt_entry_postli_1                      0x08000253   Thumb Code     0  __rtentry2.o(.ARM.Collect$$rtentry$$0000000B)
    __rt_entry_main                          0x0800025b   Thumb Code     0  __rtentry2.o(.ARM.Collect$$rtentry$$0000000D)
    __rt_exit                                0x08000263   Thumb Code     0  rtexit.o(.ARM.Collect$$rtexit$$00000000)
    __rt_exit_ls                             0x08000265   Thumb Code     0  rtexit2.o(.ARM.Collect$$rtexit$$00000003)
    __rt_exit_prels_1                        0x08000265   Thumb Code     0  rtexit2.o(.ARM.Collect$$rtexit$$00000002)
    __rt_exit_exit                           0x08000269   Thumb Code     0  rtexit2.o(.ARM.Collect$$rtexit$$00000004)
    _platform_post_lib_init                  0x08000271   Thumb Code    24  rtx_conf_cm.o(.emb_text)
    rt_set_PSP                               0x0800028d   Thumb Code     6  hal_cm4.o(.emb_text)
    rt_get_PSP                               0x08000293   Thumb Code     6  hal_cm4.o(.emb_text)
    os_set_env                               0x08000299   Thumb Code    24  hal_cm4.o(.emb_text)
    _alloc_box                               0x080002b5   Thumb Code    28  hal_cm4.o(.emb_text)
    _free_box                                0x080002d5   Thumb Code    28  hal_cm4.o(.emb_text)
    SVC_Handler                              0x080002f5   Thumb Code   168  hal_cm4.o(.emb_text)
    PendSV_Handler                           0x080003ad   Thumb Code    96  hal_cm4.o(.emb_text)
    SysTick_Handler                          0x08000411   Thumb Code     8  hal_cm4.o(.emb_text)
    OS_Tick_Handler                          0x08000419   Thumb Code    12  hal_cm4.o(.emb_text)
    Reset_Handler                            0x08000425   Thumb Code     8  startup_stm32f746xx.o(.text)
    NMI_Handler                              0x0800042d   Thumb Code     2  startup_stm32f746xx.o(.text)
    HardFault_Handler                        0x0800042f   Thumb Code     2  startup_stm32f746xx.o(.text)
    MemManage_Handler                        0x08000431   Thumb Code     2  startup_stm32f746xx.o(.text)
    BusFault_Handler                         0x08000433   Thumb Code     2  startup_stm32f746xx.o(.text)
    UsageFault_Handler                       0x08000435   Thumb Code     2  startup_stm32f746xx.o(.text)
    DebugMon_Handler                         0x08000439   Thumb Code     2  startup_stm32f746xx.o(.text)
    ADC_IRQHandler                           0x0800043f   Thumb Code     0  startup_stm32f746xx.o(.text)
    CAN1_RX0_IRQHandler                      0x0800043f   Thumb Code     0  startup_stm32f746xx.o(.text)
    CAN1_RX1_IRQHandler                      0x0800043f   Thumb Code     0  startup_stm32f746xx.o(.text)
    CAN1_SCE_IRQHandler                      0x0800043f   Thumb Code     0  startup_stm32f746xx.o(.text)
    CAN1_TX_IRQHandler                       0x0800043f   Thumb Code     0  startup_stm32f746xx.o(.text)
    CAN2_RX0_IRQHandler                      0x0800043f   Thumb Code     0  startup_stm32f746xx.o(.text)
    CAN2_RX1_IRQHandler                      0x0800043f   Thumb Code     0  startup_stm32f746xx.o(.text)
    CAN2_SCE_IRQHandler                      0x0800043f   Thumb Code     0  startup_stm32f746xx.o(.text)
    CAN2_TX_IRQHandler                       0x0800043f   Thumb Code     0  startup_stm32f746xx.o(.text)
    CEC_IRQHandler                           0x0800043f   Thumb Code     0  startup_stm32f746xx.o(.text)
    DCMI_IRQHandler                          0x0800043f   Thumb Code     0  startup_stm32f746xx.o(.text)
    DMA1_Stream0_IRQHandler                  0x0800043f   Thumb Code     0  startup_stm32f746xx.o(.text)
    DMA1_Stream1_IRQHandler                  0x0800043f   Thumb Code     0  startup_stm32f746xx.o(.text)
    DMA1_Stream2_IRQHandler                  0x0800043f   Thumb Code     0  startup_stm32f746xx.o(.text)
    DMA1_Stream3_IRQHandler                  0x0800043f   Thumb Code     0  startup_stm32f746xx.o(.text)
    DMA1_Stream4_IRQHandler                  0x0800043f   Thumb Code     0  startup_stm32f746xx.o(.text)
    DMA1_Stream5_IRQHandler                  0x0800043f   Thumb Code     0  startup_stm32f746xx.o(.text)
    DMA1_Stream6_IRQHandler                  0x0800043f   Thumb Code     0  startup_stm32f746xx.o(.text)
    DMA1_Stream7_IRQHandler                  0x0800043f   Thumb Code     0  startup_stm32f746xx.o(.text)
    DMA2D_IRQHandler                         0x0800043f   Thumb Code     0  startup_stm32f746xx.o(.text)
    DMA2_Stream0_IRQHandler                  0x0800043f   Thumb Code     0  startup_stm32f746xx.o(.text)
    DMA2_Stream1_IRQHandler                  0x0800043f   Thumb Code     0  startup_stm32f746xx.o(.text)
    DMA2_Stream2_IRQHandler                  0x0800043f   Thumb Code     0  startup_stm32f746xx.o(.text)
    DMA2_Stream3_IRQHandler                  0x0800043f   Thumb Code     0  startup_stm32f746xx.o(.text)
    DMA2_Stream4_IRQHandler                  0x0800043f   Thumb Code     0  startup_stm32f746xx.o(.text)
    DMA2_Stream5_IRQHandler                  0x0800043f   Thumb Code     0  startup_stm32f746xx.o(.text)
    DMA2_Stream6_IRQHandler                  0x0800043f   Thumb Code     0  startup_stm32f746xx.o(.text)
    DMA2_Stream7_IRQHandler                  0x0800043f   Thumb Code     0  startup_stm32f746xx.o(.text)
    ETH_IRQHandler                           0x0800043f   Thumb Code     0  startup_stm32f746xx.o(.text)
    ETH_WKUP_IRQHandler                      0x0800043f   Thumb Code     0  startup_stm32f746xx.o(.text)
    EXTI0_IRQHandler                         0x0800043f   Thumb Code     0  startup_stm32f746xx.o(.text)
    EXTI15_10_IRQHandler                     0x0800043f   Thumb Code     0  startup_stm32f746xx.o(.text)
    EXTI1_IRQHandler                         0x0800043f   Thumb Code     0  startup_stm32f746xx.o(.text)
    EXTI2_IRQHandler                         0x0800043f   Thumb Code     0  startup_stm32f746xx.o(.text)
    EXTI3_IRQHandler                         0x0800043f   Thumb Code     0  startup_stm32f746xx.o(.text)
    EXTI4_IRQHandler                         0x0800043f   Thumb Code     0  startup_stm32f746xx.o(.text)
    EXTI9_5_IRQHandler                       0x0800043f   Thumb Code     0  startup_stm32f746xx.o(.text)
    FLASH_IRQHandler                         0x0800043f   Thumb Code     0  startup_stm32f746xx.o(.text)
    FMC_IRQHandler                           0x0800043f   Thumb Code     0  startup_stm32f746xx.o(.text)
    FPU_IRQHandler                           0x0800043f   Thumb Code     0  startup_stm32f746xx.o(.text)
    I2C1_ER_IRQHandler                       0x0800043f   Thumb Code     0  startup_stm32f746xx.o(.text)
    I2C1_EV_IRQHandler                       0x0800043f   Thumb Code     0  startup_stm32f746xx.o(.text)
    I2C2_ER_IRQHandler                       0x0800043f   Thumb Code     0  startup_stm32f746xx.o(.text)
    I2C2_EV_IRQHandler                       0x0800043f   Thumb Code     0  startup_stm32f746xx.o(.text)
    I2C3_ER_IRQHandler                       0x0800043f   Thumb Code     0  startup_stm32f746xx.o(.text)
    I2C3_EV_IRQHandler                       0x0800043f   Thumb Code     0  startup_stm32f746xx.o(.text)
    I2C4_ER_IRQHandler                       0x0800043f   Thumb Code     0  startup_stm32f746xx.o(.text)
    I2C4_EV_IRQHandler                       0x0800043f   Thumb Code     0  startup_stm32f746xx.o(.text)
    LPTIM1_IRQHandler                        0x0800043f   Thumb Code     0  startup_stm32f746xx.o(.text)
    LTDC_ER_IRQHandler                       0x0800043f   Thumb Code     0  startup_stm32f746xx.o(.text)
    LTDC_IRQHandler                          0x0800043f   Thumb Code     0  startup_stm32f746xx.o(.text)
    OTG_FS_IRQHandler                        0x0800043f   Thumb Code     0  startup_stm32f746xx.o(.text)
    OTG_FS_WKUP_IRQHandler                   0x0800043f   Thumb Code     0  startup_stm32f746xx.o(.text)
    OTG_HS_EP1_IN_IRQHandler                 0x0800043f   Thumb Code     0  startup_stm32f746xx.o(.text)
    OTG_HS_EP1_OUT_IRQHandler                0x0800043f   Thumb Code     0  startup_stm32f746xx.o(.text)
    OTG_HS_IRQHandler                        0x0800043f   Thumb Code     0  startup_stm32f746xx.o(.text)
    OTG_HS_WKUP_IRQHandler                   0x0800043f   Thumb Code     0  startup_stm32f746xx.o(.text)
    PVD_IRQHandler                           0x0800043f   Thumb Code     0  startup_stm32f746xx.o(.text)
    QUADSPI_IRQHandler                       0x0800043f   Thumb Code     0  startup_stm32f746xx.o(.text)
    RCC_IRQHandler                           0x0800043f   Thumb Code     0  startup_stm32f746xx.o(.text)
    RNG_IRQHandler                           0x0800043f   Thumb Code     0  startup_stm32f746xx.o(.text)
    RTC_Alarm_IRQHandler                     0x0800043f   Thumb Code     0  startup_stm32f746xx.o(.text)
    RTC_WKUP_IRQHandler                      0x0800043f   Thumb Code     0  startup_stm32f746xx.o(.text)
    SAI1_IRQHandler                          0x0800043f   Thumb Code     0  startup_stm32f746xx.o(.text)
    SAI2_IRQHandler                          0x0800043f   Thumb Code     0  startup_stm32f746xx.o(.text)
    SDMMC1_IRQHandler                        0x0800043f   Thumb Code     0  startup_stm32f746xx.o(.text)
    SPDIF_RX_IRQHandler                      0x0800043f   Thumb Code     0  startup_stm32f746xx.o(.text)
    SPI1_IRQHandler                          0x0800043f   Thumb Code     0  startup_stm32f746xx.o(.text)
    SPI2_IRQHandler                          0x0800043f   Thumb Code     0  startup_stm32f746xx.o(.text)
    SPI3_IRQHandler                          0x0800043f   Thumb Code     0  startup_stm32f746xx.o(.text)
    SPI4_IRQHandler                          0x0800043f   Thumb Code     0  startup_stm32f746xx.o(.text)
    SPI5_IRQHandler                          0x0800043f   Thumb Code     0  startup_stm32f746xx.o(.text)
    SPI6_IRQHandler                          0x0800043f   Thumb Code     0  startup_stm32f746xx.o(.text)
    TAMP_STAMP_IRQHandler                    0x0800043f   Thumb Code     0  startup_stm32f746xx.o(.text)
    TIM1_BRK_TIM9_IRQHandler                 0x0800043f   Thumb Code     0  startup_stm32f746xx.o(.text)
    TIM1_CC_IRQHandler                       0x0800043f   Thumb Code     0  startup_stm32f746xx.o(.text)
    TIM1_TRG_COM_TIM11_IRQHandler            0x0800043f   Thumb Code     0  startup_stm32f746xx.o(.text)
    TIM1_UP_TIM10_IRQHandler                 0x0800043f   Thumb Code     0  startup_stm32f746xx.o(.text)
    TIM2_IRQHandler                          0x0800043f   Thumb Code     0  startup_stm32f746xx.o(.text)
    TIM3_IRQHandler                          0x0800043f   Thumb Code     0  startup_stm32f746xx.o(.text)
    TIM4_IRQHandler                          0x0800043f   Thumb Code     0  startup_stm32f746xx.o(.text)
    TIM5_IRQHandler                          0x0800043f   Thumb Code     0  startup_stm32f746xx.o(.text)
    TIM6_DAC_IRQHandler                      0x0800043f   Thumb Code     0  startup_stm32f746xx.o(.text)
    TIM7_IRQHandler                          0x0800043f   Thumb Code     0  startup_stm32f746xx.o(.text)
    TIM8_BRK_TIM12_IRQHandler                0x0800043f   Thumb Code     0  startup_stm32f746xx.o(.text)
    TIM8_CC_IRQHandler                       0x0800043f   Thumb Code     0  startup_stm32f746xx.o(.text)
    TIM8_TRG_COM_TIM14_IRQHandler            0x0800043f   Thumb Code     0  startup_stm32f746xx.o(.text)
    TIM8_UP_TIM13_IRQHandler                 0x0800043f   Thumb Code     0  startup_stm32f746xx.o(.text)
    UART4_IRQHandler                         0x0800043f   Thumb Code     0  startup_stm32f746xx.o(.text)
    UART5_IRQHandler                         0x0800043f   Thumb Code     0  startup_stm32f746xx.o(.text)
    UART7_IRQHandler                         0x0800043f   Thumb Code     0  startup_stm32f746xx.o(.text)
    UART8_IRQHandler                         0x0800043f   Thumb Code     0  startup_stm32f746xx.o(.text)
    USART1_IRQHandler                        0x0800043f   Thumb Code     0  startup_stm32f746xx.o(.text)
    USART2_IRQHandler                        0x0800043f   Thumb Code     0  startup_stm32f746xx.o(.text)
    USART3_IRQHandler                        0x0800043f   Thumb Code     0  startup_stm32f746xx.o(.text)
    USART6_IRQHandler                        0x0800043f   Thumb Code     0  startup_stm32f746xx.o(.text)
    WWDG_IRQHandler                          0x0800043f   Thumb Code     0  startup_stm32f746xx.o(.text)
    __user_initial_stackheap                 0x08000441   Thumb Code     0  startup_stm32f746xx.o(.text)
    __user_libspace                          0x08000465   Thumb Code     8  libspace.o(.text)
    __user_perproc_libspace                  0x08000465   Thumb Code     0  libspace.o(.text)
    __aeabi_uldivmod                         0x0800046d   Thumb Code     0  lludivv7m.o(.text)
    _ll_udiv                                 0x0800046d   Thumb Code   238  lludivv7m.o(.text)
    exit                                     0x0800055b   Thumb Code    18  exit.o(.text)
    __use_two_region_memory                  0x0800056d   Thumb Code     2  heapauxi.o(.text)
    __rt_heap_escrow$2region                 0x0800056f   Thumb Code     2  heapauxi.o(.text)
    __rt_heap_expand$2region                 0x08000571   Thumb Code     2  heapauxi.o(.text)
    _sys_exit                                0x08000575   Thumb Code     8  sys_exit.o(.text)
    __user_setup_stackheap                   0x08000581   Thumb Code    74  sys_stackheap_outer.o(.text)
    __I$use$semihosting                      0x080005cb   Thumb Code     0  use_no_semi.o(.text)
    __use_no_semihosting_swi                 0x080005cb   Thumb Code     2  use_no_semi.o(.text)
    SVC_Count                                0x080005cc   Data           4  svc_table.o(SVC_TABLE)
    __semihosting_library_function           0x080005cd   Thumb Code     0  indicate_semi.o(.text)
    HAL_GPIO_Init                            0x080005d1   Thumb Code   484  stm32f7xx_hal_gpio.o(i.HAL_GPIO_Init)
    SVC_Table                                0x080005d0   Data           0  svc_table.o(SVC_TABLE)
    HAL_GPIO_TogglePin                       0x080007e9   Thumb Code     8  stm32f7xx_hal_gpio.o(i.HAL_GPIO_TogglePin)
    HAL_GPIO_WritePin                        0x080007f1   Thumb Code    12  stm32f7xx_hal_gpio.o(i.HAL_GPIO_WritePin)
    HAL_GetTick                              0x080007fd   Thumb Code     6  stm32f7xx_hal.o(i.HAL_GetTick)
    HAL_Init                                 0x08000809   Thumb Code    34  stm32f7xx_hal.o(i.HAL_Init)
    HAL_InitTick                             0x08000831   Thumb Code    36  stm32f7xx_hal.o(i.HAL_InitTick)
    HAL_MspInit                              0x08000859   Thumb Code     2  stm32f7xx_hal.o(i.HAL_MspInit)
    HAL_NVIC_SetPriority                     0x0800085b   Thumb Code   124  stm32f7xx_hal_cortex.o(i.HAL_NVIC_SetPriority)
    HAL_NVIC_SetPriorityGrouping             0x080008d9   Thumb Code    32  stm32f7xx_hal_cortex.o(i.HAL_NVIC_SetPriorityGrouping)
    HAL_PWREx_EnableOverDrive                0x08000901   Thumb Code   136  stm32f7xx_hal_pwr_ex.o(i.HAL_PWREx_EnableOverDrive)
    HAL_RCC_ClockConfig                      0x08000991   Thumb Code   420  stm32f7xx_hal_rcc.o(i.HAL_RCC_ClockConfig)
    HAL_RCC_GetHCLKFreq                      0x08000b45   Thumb Code     6  stm32f7xx_hal_rcc.o(i.HAL_RCC_GetHCLKFreq)
    HAL_RCC_GetSysClockFreq                  0x08000b51   Thumb Code   168  stm32f7xx_hal_rcc.o(i.HAL_RCC_GetSysClockFreq)
    HAL_RCC_OscConfig                        0x08000c05   Thumb Code  1252  stm32f7xx_hal_rcc.o(i.HAL_RCC_OscConfig)
    HAL_SYSTICK_CLKSourceConfig              0x080010ed   Thumb Code    40  stm32f7xx_hal_cortex.o(i.HAL_SYSTICK_CLKSourceConfig)
    HAL_SYSTICK_Config                       0x08001115   Thumb Code    52  stm32f7xx_hal_cortex.o(i.HAL_SYSTICK_Config)
    SystemClock_Config                       0x080011d9   Thumb Code   204  main.o(i.SystemClock_Config)
    SystemInit                               0x080012b5   Thumb Code    82  system_stm32f7xx.o(i.SystemInit)
    _Error_Handler                           0x08001319   Thumb Code     4  main.o(i._Error_Handler)
    _init_box                                0x08001355   Thumb Code    70  rt_membox.o(i._init_box)
    _mutex_acquire                           0x0800139d   Thumb Code    22  rtx_conf_cm.o(i._mutex_acquire)
    _mutex_release                           0x080013bd   Thumb Code    18  rtx_conf_cm.o(i._mutex_release)
    callback                                 0x080013d9   Thumb Code    68  main.o(i.callback)
    dbg_init                                 0x08001421   Thumb Code    34  hal_cm.o(i.dbg_init)
    dbg_task_notify                          0x08001451   Thumb Code    32  hal_cm.o(i.dbg_task_notify)
    dbg_task_switch                          0x08001471   Thumb Code    16  hal_cm.o(i.dbg_task_switch)
    isrMessageGet                            0x08001481   Thumb Code    42  rt_cmsis.o(i.isrMessageGet)
    isrMessagePut                            0x080014ab   Thumb Code    44  rt_cmsis.o(i.isrMessagePut)
    isrSignalSet                             0x080014d7   Thumb Code    36  rt_cmsis.o(i.isrSignalSet)
    isr_evt_set                              0x080014fd   Thumb Code    34  rt_event.o(i.isr_evt_set)
    isr_mbx_receive                          0x08001525   Thumb Code    86  rt_mailbox.o(i.isr_mbx_receive)
    isr_mbx_send                             0x0800157b   Thumb Code    14  rt_mailbox.o(i.isr_mbx_send)
    ledThread1                               0x08001589   Thumb Code    54  main.o(i.ledThread1)
    ledThread2                               0x080015c5   Thumb Code    62  main.o(i.ledThread2)
    main                                     0x0800160d   Thumb Code   142  main.o(i.main)
    osDelay                                  0x080016bd   Thumb Code    18  rt_cmsis.o(i.osDelay)
    osKernelInitialize                       0x080016d5   Thumb Code    30  rt_cmsis.o(i.osKernelInitialize)
    osKernelStart                            0x080016f9   Thumb Code    98  rt_cmsis.o(i.osKernelStart)
    osMessageGet                             0x08001765   Thumb Code    18  rt_cmsis.o(i.osMessageGet)
    osSignalSet                              0x0800177d   Thumb Code    18  rt_cmsis.o(i.osSignalSet)
    osSignalWait                             0x08001795   Thumb Code    18  rt_cmsis.o(i.osSignalWait)
    osThreadCreate                           0x080017ad   Thumb Code    36  rt_cmsis.o(i.osThreadCreate)
    osThreadExit                             0x080017d9   Thumb Code    14  rt_cmsis.o(i.osThreadExit)
    osTimerCall                              0x080017f1   Thumb Code     8  rt_cmsis.o(i.osTimerCall)
    osTimerCreate                            0x080017fd   Thumb Code    36  rt_cmsis.o(i.osTimerCreate)
    osTimerStart                             0x08001829   Thumb Code    18  rt_cmsis.o(i.osTimerStart)
    osTimerThread                            0x08001841   Thumb Code    38  rt_cmsis.o(i.osTimerThread)
    os_error                                 0x0800186d   Thumb Code    34  rtx_conf_cm.o(i.os_error)
    os_idle_demon                            0x0800188f   Thumb Code     4  rtx_conf_cm.o(i.os_idle_demon)
    os_tick_init                             0x08001895   Thumb Code    32  rt_system.o(i.os_tick_init)
    os_tick_irqack                           0x080018bd   Thumb Code     2  rt_system.o(i.os_tick_irqack)
    rt_alloc_box                             0x080018bf   Thumb Code    26  rt_membox.o(i.rt_alloc_box)
    rt_alloc_mem                             0x080018d9   Thumb Code    62  rt_memory.o(i.rt_alloc_mem)
    rt_block                                 0x08001919   Thumb Code    48  rt_task.o(i.rt_block)
    rt_chk_robin                             0x08001951   Thumb Code    60  rt_robin.o(i.rt_chk_robin)
    rt_dec_dly                               0x08001999   Thumb Code   102  rt_list.o(i.rt_dec_dly)
    rt_dispatch                              0x08001a09   Thumb Code    60  rt_task.o(i.rt_dispatch)
    rt_dly_wait                              0x08001a4d   Thumb Code     6  rt_time.o(i.rt_dly_wait)
    rt_evt_psh                               0x08001a55   Thumb Code    76  rt_event.o(i.rt_evt_psh)
    rt_evt_set                               0x08001aa5   Thumb Code    88  rt_event.o(i.rt_evt_set)
    rt_evt_wait                              0x08001b01   Thumb Code    56  rt_event.o(i.rt_evt_wait)
    rt_free_box                              0x08001b3d   Thumb Code    44  rt_membox.o(i.rt_free_box)
    rt_free_mem                              0x08001b69   Thumb Code    40  rt_memory.o(i.rt_free_mem)
    rt_get_first                             0x08001b91   Thumb Code    40  rt_list.o(i.rt_get_first)
    rt_init_mem                              0x08001c09   Thumb Code    26  rt_memory.o(i.rt_init_mem)
    rt_init_robin                            0x08001c25   Thumb Code    14  rt_robin.o(i.rt_init_robin)
    rt_init_stack                            0x08001c3d   Thumb Code   118  hal_cm.o(i.rt_init_stack)
    rt_mbx_check                             0x08001cbd   Thumb Code     8  rt_mailbox.o(i.rt_mbx_check)
    rt_mbx_init                              0x08001cc5   Thumb Code    26  rt_mailbox.o(i.rt_mbx_init)
    rt_mbx_psh                               0x08001ce1   Thumb Code   236  rt_mailbox.o(i.rt_mbx_psh)
    rt_mbx_wait                              0x08001dd1   Thumb Code   174  rt_mailbox.o(i.rt_mbx_wait)
    rt_mut_release                           0x08001ec9   Thumb Code   208  rt_mutex.o(i.rt_mut_release)
    rt_mut_wait                              0x08001fa1   Thumb Code   114  rt_mutex.o(i.rt_mut_wait)
    rt_pop_req                               0x08002019   Thumb Code   112  rt_system.o(i.rt_pop_req)
    rt_psh_req                               0x08002095   Thumb Code    22  rt_system.o(i.rt_psh_req)
    rt_psq_enq                               0x080020b5   Thumb Code    88  rt_list.o(i.rt_psq_enq)
    rt_put_dly                               0x08002111   Thumb Code    68  rt_list.o(i.rt_put_dly)
    rt_put_prio                              0x08002159   Thumb Code    54  rt_list.o(i.rt_put_prio)
    rt_put_rdy_first                         0x08002191   Thumb Code    14  rt_list.o(i.rt_put_rdy_first)
    rt_resort_prio                           0x080021a5   Thumb Code    46  rt_list.o(i.rt_resort_prio)
    rt_ret_val                               0x080021e9   Thumb Code    12  hal_cm.o(i.rt_ret_val)
    rt_ret_val2                              0x080021f5   Thumb Code    16  hal_cm.o(i.rt_ret_val2)
    rt_rmv_dly                               0x08002205   Thumb Code    40  rt_list.o(i.rt_rmv_dly)
    rt_rmv_list                              0x0800222d   Thumb Code    44  rt_list.o(i.rt_rmv_list)
    rt_sem_psh                               0x0800225d   Thumb Code    48  rt_semaphore.o(i.rt_sem_psh)
    rt_stk_check                             0x08002291   Thumb Code    28  rt_system.o(i.rt_stk_check)
    rt_switch_req                            0x080022b5   Thumb Code    30  rt_task.o(i.rt_switch_req)
    rt_sys_init                              0x080022dd   Thumb Code   138  rt_task.o(i.rt_sys_init)
    rt_sys_start                             0x080023a9   Thumb Code   110  rt_task.o(i.rt_sys_start)
    rt_systick                               0x08002421   Thumb Code    50  rt_system.o(i.rt_systick)
    rt_tsk_create                            0x080024e5   Thumb Code   118  rt_task.o(i.rt_tsk_create)
    rt_tsk_delete                            0x0800256d   Thumb Code   352  rt_task.o(i.rt_tsk_delete)
    rt_tsk_prio                              0x080026e9   Thumb Code   108  rt_task.o(i.rt_tsk_prio)
    rt_tsk_self                              0x08002765   Thumb Code    12  rt_task.o(i.rt_tsk_self)
    svcDelay                                 0x08002775   Thumb Code    18  rt_cmsis.o(i.svcDelay)
    svcKernelInitialize                      0x08002789   Thumb Code    80  rt_cmsis.o(i.svcKernelInitialize)
    svcKernelStart                           0x080027f9   Thumb Code    62  rt_cmsis.o(i.svcKernelStart)
    svcMessageCreate                         0x08002841   Thumb Code    36  rt_cmsis.o(i.svcMessageCreate)
    svcMessageGet                            0x08002865   Thumb Code    58  rt_cmsis.o(i.svcMessageGet)
    svcSignalSet                             0x0800289f   Thumb Code    36  rt_cmsis.o(i.svcSignalSet)
    svcSignalWait                            0x080028c5   Thumb Code    80  rt_cmsis.o(i.svcSignalWait)
    svcThreadCreate                          0x08002919   Thumb Code    96  rt_cmsis.o(i.svcThreadCreate)
    svcThreadGetId                           0x08002985   Thumb Code    22  rt_cmsis.o(i.svcThreadGetId)
    svcThreadTerminate                       0x080029a1   Thumb Code    50  rt_cmsis.o(i.svcThreadTerminate)
    svcTimerCall                             0x080029d9   Thumb Code    24  rt_cmsis.o(i.svcTimerCall)
    svcTimerCreate                           0x080029f1   Thumb Code    52  rt_cmsis.o(i.svcTimerCreate)
    svcTimerStart                            0x08002a29   Thumb Code    96  rt_cmsis.o(i.svcTimerStart)
    sysTimerTick                             0x08002a8d   Thumb Code    84  rt_cmsis.o(i.sysTimerTick)
    _fp_init                                 0x08002ae9   Thumb Code    10  fpinit.o(x$fpl$fpinit)
    __fplib_config_fpu_vfp                   0x08002af1   Thumb Code     0  fpinit.o(x$fpl$fpinit)
    __fplib_config_pureend_doubles           0x08002af1   Thumb Code     0  fpinit.o(x$fpl$fpinit)
    os_thread_def_ledThread1                 0x08002af4   Data          16  main.o(.constdata)
    os_thread_def_ledThread2                 0x08002b04   Data          16  main.o(.constdata)
    os_timer_def_timer0_handle               0x08002b14   Data           8  main.o(.constdata)
    os_timer_def_timer1_handle               0x08002b1c   Data           8  main.o(.constdata)
    os_timer_def_timer2_handle               0x08002b24   Data           8  main.o(.constdata)
    os_timer_def_timer3_handle               0x08002b2c   Data           8  main.o(.constdata)
    os_maxtaskrun                            0x08002b34   Data           2  rtx_conf_cm.o(.constdata)
    os_stackinfo                             0x08002b38   Data           4  rtx_conf_cm.o(.constdata)
    os_rrobin                                0x08002b3c   Data           4  rtx_conf_cm.o(.constdata)
    os_tickfreq                              0x08002b40   Data           4  rtx_conf_cm.o(.constdata)
    os_tickus_i                              0x08002b44   Data           2  rtx_conf_cm.o(.constdata)
    os_tickus_f                              0x08002b46   Data           2  rtx_conf_cm.o(.constdata)
    os_trv                                   0x08002b48   Data           4  rtx_conf_cm.o(.constdata)
    os_flags                                 0x08002b4c   Data           1  rtx_conf_cm.o(.constdata)
    CMSIS_RTOS_API_Version                   0x08002b50   Data           4  rtx_conf_cm.o(.constdata)
    CMSIS_RTOS_RTX_Version                   0x08002b54   Data           4  rtx_conf_cm.o(.constdata)
    os_clockrate                             0x08002b58   Data           4  rtx_conf_cm.o(.constdata)
    os_timernum                              0x08002b5c   Data           4  rtx_conf_cm.o(.constdata)
    mp_tcb_size                              0x08002b60   Data           2  rtx_conf_cm.o(.constdata)
    mp_stk_size                              0x08002b64   Data           4  rtx_conf_cm.o(.constdata)
    os_stack_sz                              0x08002b68   Data           4  rtx_conf_cm.o(.constdata)
    os_fifo_size                             0x08002b6c   Data           1  rtx_conf_cm.o(.constdata)
    os_thread_def_osTimerThread              0x08002b70   Data          16  rtx_conf_cm.o(.constdata)
    os_messageQ_def_osTimerMessageQ          0x08002b80   Data           8  rtx_conf_cm.o(.constdata)
    mp_tmr_size                              0x08002b88   Data           2  rtx_conf_cm.o(.constdata)
    os_thread_def_main                       0x08002b8c   Data          16  rtx_conf_cm.o(.constdata)
    AHBPrescTable                            0x08002b9c   Data          16  system_stm32f7xx.o(.constdata)
    APBPrescTable                            0x08002bac   Data           8  system_stm32f7xx.o(.constdata)
    Region$$Table$$Base                      0x08002bb4   Number         0  anon$$obj.o(Region$$Table)
    Region$$Table$$Limit                     0x08002bd4   Number         0  anon$$obj.o(Region$$Table)
    counter1                                 0x20010000   Data           4  main.o(.data)
    counter2                                 0x20010004   Data           4  main.o(.data)
    T_ledThread1                             0x20010008   Data           4  main.o(.data)
    T_ledThread2                             0x2001000c   Data           4  main.o(.data)
    osThreadId_osTimerThread                 0x20010010   Data           4  rtx_conf_cm.o(.data)
    osMessageQId_osTimerMessageQ             0x20010014   Data           4  rtx_conf_cm.o(.data)
    os_tmr                                   0x20010018   Data           4  rtx_conf_cm.o(.data)
    m_tmr                                    0x2001001c   Data           4  rtx_conf_cm.o(.data)
    uwTick                                   0x20010024   Data           4  stm32f7xx_hal.o(.data)
    SystemCoreClock                          0x20010028   Data           4  system_stm32f7xx.o(.data)
    os_initialized                           0x2001002c   Data           1  rt_cmsis.o(.data)
    os_running                               0x2001002d   Data           1  rt_cmsis.o(.data)
    os_timer_head                            0x20010030   Data           4  rt_cmsis.o(.data)
    os_tsk                                   0x20010034   Data           8  rt_task.o(.data)
    os_tick_irqn                             0x20010040   Data           4  rt_system.o(.data)
    os_time                                  0x20010044   Data           4  rt_time.o(.data)
    os_robin                                 0x20010048   Data           8  rt_robin.o(.data)
    dbg_msg                                  0x20010050   Data           1  hal_cm.o(.data)
    os_timer_cb_timer0_handle                0x20010054   Data          24  main.o(.bss)
    os_timer_cb_timer1_handle                0x2001006c   Data          24  main.o(.bss)
    os_timer_cb_timer2_handle                0x20010084   Data          24  main.o(.bss)
    os_timer_cb_timer3_handle                0x2001009c   Data          24  main.o(.bss)
    mp_tcb                                   0x200100b8   Data         376  rtx_conf_cm.o(.bss)
    mp_stk                                   0x20010230   Data        1216  rtx_conf_cm.o(.bss)
    os_stack_mem                             0x200106f0   Data         432  rtx_conf_cm.o(.bss)
    os_fifo                                  0x200108a0   Data         132  rtx_conf_cm.o(.bss)
    os_active_TCB                            0x20010924   Data          28  rtx_conf_cm.o(.bss)
    os_messageQ_q_osTimerMessageQ            0x20010940   Data          32  rtx_conf_cm.o(.bss)
    os_idle_TCB                              0x20010c80   Data          52  rt_task.o(.bss)
    os_rdy                                   0x20010cb4   Data          24  rt_list.o(.bss)
    os_dly                                   0x20010ccc   Data          24  rt_list.o(.bss)
    __libspace_start                         0x20010ce4   Data          96  libspace.o(.bss)
    __temporary_stack_top$libspace           0x20010d44   Data           0  libspace.o(.bss)



==============================================================================

Memory Map of the image

  Image Entry point : 0x080001c9

  Load Region LR_IROM1 (Base: 0x08000000, Size: 0x00002c28, Max: 0x00100000, ABSOLUTE)

    Execution Region ER_IROM1 (Exec base: 0x08000000, Load base: 0x08000000, Size: 0x00002bd4, Max: 0x00100000, ABSOLUTE)

    Exec Addr    Load Addr    Size         Type   Attr      Idx    E Section Name        Object

    0x08000000   0x08000000   0x000001c8   Data   RO          954    RESET               startup_stm32f746xx.o
    0x080001c8   0x080001c8   0x00000008   Code   RO         2220  * !!!main             c_w.l(__main.o)
    0x080001d0   0x080001d0   0x00000034   Code   RO         2381    !!!scatter          c_w.l(__scatter.o)
    0x08000204   0x08000204   0x0000001a   Code   RO         2383    !!handler_copy      c_w.l(__scatter_copy.o)
    0x0800021e   0x0800021e   0x00000002   PAD
    0x08000220   0x08000220   0x0000001c   Code   RO         2385    !!handler_zi        c_w.l(__scatter_zi.o)
    0x0800023c   0x0800023c   0x00000002   Code   RO         2267    .ARM.Collect$$libinit$$00000000  c_w.l(libinit.o)
    0x0800023e   0x0800023e   0x00000004   Code   RO         2278    .ARM.Collect$$libinit$$00000001  c_w.l(libinit2.o)
    0x08000242   0x08000242   0x00000000   Code   RO         2281    .ARM.Collect$$libinit$$00000004  c_w.l(libinit2.o)
    0x08000242   0x08000242   0x00000000   Code   RO         2284    .ARM.Collect$$libinit$$0000000A  c_w.l(libinit2.o)
    0x08000242   0x08000242   0x00000000   Code   RO         2286    .ARM.Collect$$libinit$$0000000C  c_w.l(libinit2.o)
    0x08000242   0x08000242   0x00000000   Code   RO         2288    .ARM.Collect$$libinit$$0000000E  c_w.l(libinit2.o)
    0x08000242   0x08000242   0x00000000   Code   RO         2291    .ARM.Collect$$libinit$$00000011  c_w.l(libinit2.o)
    0x08000242   0x08000242   0x00000000   Code   RO         2293    .ARM.Collect$$libinit$$00000013  c_w.l(libinit2.o)
    0x08000242   0x08000242   0x00000000   Code   RO         2295    .ARM.Collect$$libinit$$00000015  c_w.l(libinit2.o)
    0x08000242   0x08000242   0x00000000   Code   RO         2297    .ARM.Collect$$libinit$$00000017  c_w.l(libinit2.o)
    0x08000242   0x08000242   0x00000000   Code   RO         2299    .ARM.Collect$$libinit$$00000019  c_w.l(libinit2.o)
    0x08000242   0x08000242   0x00000000   Code   RO         2301    .ARM.Collect$$libinit$$0000001B  c_w.l(libinit2.o)
    0x08000242   0x08000242   0x00000000   Code   RO         2303    .ARM.Collect$$libinit$$0000001D  c_w.l(libinit2.o)
    0x08000242   0x08000242   0x00000000   Code   RO         2305    .ARM.Collect$$libinit$$0000001F  c_w.l(libinit2.o)
    0x08000242   0x08000242   0x00000000   Code   RO         2307    .ARM.Collect$$libinit$$00000021  c_w.l(libinit2.o)
    0x08000242   0x08000242   0x00000000   Code   RO         2309    .ARM.Collect$$libinit$$00000023  c_w.l(libinit2.o)
    0x08000242   0x08000242   0x00000000   Code   RO         2311    .ARM.Collect$$libinit$$00000025  c_w.l(libinit2.o)
    0x08000242   0x08000242   0x00000000   Code   RO         2315    .ARM.Collect$$libinit$$0000002C  c_w.l(libinit2.o)
    0x08000242   0x08000242   0x00000000   Code   RO         2317    .ARM.Collect$$libinit$$0000002E  c_w.l(libinit2.o)
    0x08000242   0x08000242   0x00000000   Code   RO         2319    .ARM.Collect$$libinit$$00000030  c_w.l(libinit2.o)
    0x08000242   0x08000242   0x00000000   Code   RO         2321    .ARM.Collect$$libinit$$00000032  c_w.l(libinit2.o)
    0x08000242   0x08000242   0x00000002   Code   RO         2322    .ARM.Collect$$libinit$$00000033  c_w.l(libinit2.o)
    0x08000244   0x08000244   0x00000002   Code   RO         2268    .ARM.Collect$$libshutdown$$00000000  c_w.l(libshutdown.o)
    0x08000246   0x08000246   0x00000000   Code   RO         2324    .ARM.Collect$$libshutdown$$00000002  c_w.l(libshutdown2.o)
    0x08000246   0x08000246   0x00000000   Code   RO         2326    .ARM.Collect$$libshutdown$$00000004  c_w.l(libshutdown2.o)
    0x08000246   0x08000246   0x00000000   Code   RO         2329    .ARM.Collect$$libshutdown$$00000007  c_w.l(libshutdown2.o)
    0x08000246   0x08000246   0x00000000   Code   RO         2332    .ARM.Collect$$libshutdown$$0000000A  c_w.l(libshutdown2.o)
    0x08000246   0x08000246   0x00000000   Code   RO         2334    .ARM.Collect$$libshutdown$$0000000C  c_w.l(libshutdown2.o)
    0x08000246   0x08000246   0x00000000   Code   RO         2337    .ARM.Collect$$libshutdown$$0000000F  c_w.l(libshutdown2.o)
    0x08000246   0x08000246   0x00000002   Code   RO         2338    .ARM.Collect$$libshutdown$$00000010  c_w.l(libshutdown2.o)
    0x08000248   0x08000248   0x00000000   Code   RO         2222    .ARM.Collect$$rtentry$$00000000  c_w.l(__rtentry.o)
    0x08000248   0x08000248   0x00000000   Code   RO         2230    .ARM.Collect$$rtentry$$00000002  c_w.l(__rtentry2.o)
    0x08000248   0x08000248   0x00000006   Code   RO         2242    .ARM.Collect$$rtentry$$00000004  c_w.l(__rtentry4.o)
    0x0800024e   0x0800024e   0x00000000   Code   RO         2232    .ARM.Collect$$rtentry$$00000009  c_w.l(__rtentry2.o)
    0x0800024e   0x0800024e   0x00000004   Code   RO         2233    .ARM.Collect$$rtentry$$0000000A  c_w.l(__rtentry2.o)
    0x08000252   0x08000252   0x00000008   Code   RO         2234    .ARM.Collect$$rtentry$$0000000B  c_w.l(__rtentry2.o)
    0x0800025a   0x0800025a   0x00000008   Code   RO         2236    .ARM.Collect$$rtentry$$0000000D  c_w.l(__rtentry2.o)
    0x08000262   0x08000262   0x00000002   Code   RO         2223    .ARM.Collect$$rtexit$$00000000  c_w.l(rtexit.o)
    0x08000264   0x08000264   0x00000000   Code   RO         2245    .ARM.Collect$$rtexit$$00000002  c_w.l(rtexit2.o)
    0x08000264   0x08000264   0x00000004   Code   RO         2246    .ARM.Collect$$rtexit$$00000003  c_w.l(rtexit2.o)
    0x08000268   0x08000268   0x00000006   Code   RO         2247    .ARM.Collect$$rtexit$$00000004  c_w.l(rtexit2.o)
    0x0800026e   0x0800026e   0x00000002   PAD
    0x08000270   0x08000270   0x0000001c   Code   RO          175    .emb_text           rtx_conf_cm.o
    0x0800028c   0x0800028c   0x00000198   Code   RO         2196    .emb_text           RTX_CM4.lib(hal_cm4.o)
    0x08000424   0x08000424   0x00000040   Code   RO          955    .text               startup_stm32f746xx.o
    0x08000464   0x08000464   0x00000008   Code   RO         2211    .text               c_w.l(libspace.o)
    0x0800046c   0x0800046c   0x000000ee   Code   RO         2214    .text               c_w.l(lludivv7m.o)
    0x0800055a   0x0800055a   0x00000012   Code   RO         2216    .text               c_w.l(exit.o)
    0x0800056c   0x0800056c   0x00000006   Code   RO         2218    .text               c_w.l(heapauxi.o)
    0x08000572   0x08000572   0x00000002   PAD
    0x08000574   0x08000574   0x0000000c   Code   RO         2253    .text               c_w.l(sys_exit.o)
    0x08000580   0x08000580   0x0000004a   Code   RO         2255    .text               c_w.l(sys_stackheap_outer.o)
    0x080005ca   0x080005ca   0x00000002   Code   RO         2269    .text               c_w.l(use_no_semi.o)
    0x080005cc   0x080005cc   0x00000000   Code   RO         2271    .text               c_w.l(indicate_semi.o)
    0x080005cc   0x080005cc   0x00000004   Code   RO         2206    SVC_TABLE           RTX_CM4.lib(svc_table.o)
    0x080005d0   0x080005d0   0x00000218   Code   RO          538    i.HAL_GPIO_Init     stm32f7xx_hal_gpio.o
    0x080007e8   0x080007e8   0x00000008   Code   RO          541    i.HAL_GPIO_TogglePin  stm32f7xx_hal_gpio.o
    0x080007f0   0x080007f0   0x0000000c   Code   RO          542    i.HAL_GPIO_WritePin  stm32f7xx_hal_gpio.o
    0x080007fc   0x080007fc   0x0000000c   Code   RO          251    i.HAL_GetTick       stm32f7xx_hal.o
    0x08000808   0x08000808   0x00000028   Code   RO          253    i.HAL_Init          stm32f7xx_hal.o
    0x08000830   0x08000830   0x00000028   Code   RO          254    i.HAL_InitTick      stm32f7xx_hal.o
    0x08000858   0x08000858   0x00000002   Code   RO          256    i.HAL_MspInit       stm32f7xx_hal.o
    0x0800085a   0x0800085a   0x0000007c   Code   RO          406    i.HAL_NVIC_SetPriority  stm32f7xx_hal_cortex.o
    0x080008d6   0x080008d6   0x00000002   PAD
    0x080008d8   0x080008d8   0x00000028   Code   RO          407    i.HAL_NVIC_SetPriorityGrouping  stm32f7xx_hal_cortex.o
    0x08000900   0x08000900   0x00000090   Code   RO          731    i.HAL_PWREx_EnableOverDrive  stm32f7xx_hal_pwr_ex.o
    0x08000990   0x08000990   0x000001b4   Code   RO          818    i.HAL_RCC_ClockConfig  stm32f7xx_hal_rcc.o
    0x08000b44   0x08000b44   0x0000000c   Code   RO          823    i.HAL_RCC_GetHCLKFreq  stm32f7xx_hal_rcc.o
    0x08000b50   0x08000b50   0x000000b4   Code   RO          827    i.HAL_RCC_GetSysClockFreq  stm32f7xx_hal_rcc.o
    0x08000c04   0x08000c04   0x000004e8   Code   RO          830    i.HAL_RCC_OscConfig  stm32f7xx_hal_rcc.o
    0x080010ec   0x080010ec   0x00000028   Code   RO          409    i.HAL_SYSTICK_CLKSourceConfig  stm32f7xx_hal_cortex.o
    0x08001114   0x08001114   0x00000034   Code   RO          411    i.HAL_SYSTICK_Config  stm32f7xx_hal_cortex.o
    0x08001148   0x08001148   0x00000090   Code   RO           38    i.MX_GPIO_Init      main.o
    0x080011d8   0x080011d8   0x000000dc   Code   RO           39    i.SystemClock_Config  main.o
    0x080012b4   0x080012b4   0x00000064   Code   RO          963    i.SystemInit        system_stm32f7xx.o
    0x08001318   0x08001318   0x00000004   Code   RO           40    i._Error_Handler    main.o
    0x0800131c   0x0800131c   0x00000010   Code   RO          413    i.__NVIC_GetPriorityGrouping  stm32f7xx_hal_cortex.o
    0x0800132c   0x0800132c   0x00000028   Code   RO          414    i.__NVIC_SetPriority  stm32f7xx_hal_cortex.o
    0x08001354   0x08001354   0x00000046   Code   RO         2090    i._init_box         RTX_CM4.lib(rt_membox.o)
    0x0800139a   0x0800139a   0x00000002   PAD
    0x0800139c   0x0800139c   0x00000020   Code   RO          177    i._mutex_acquire    rtx_conf_cm.o
    0x080013bc   0x080013bc   0x0000001c   Code   RO          179    i._mutex_release    rtx_conf_cm.o
    0x080013d8   0x080013d8   0x00000048   Code   RO           41    i.callback          main.o
    0x08001420   0x08001420   0x00000030   Code   RO         2143    i.dbg_init          RTX_CM4.lib(hal_cm.o)
    0x08001450   0x08001450   0x00000020   Code   RO         2144    i.dbg_task_notify   RTX_CM4.lib(hal_cm.o)
    0x08001470   0x08001470   0x00000010   Code   RO         2145    i.dbg_task_switch   RTX_CM4.lib(hal_cm.o)
    0x08001480   0x08001480   0x0000002a   Code   RO          999    i.isrMessageGet     RTX_CM4.lib(rt_cmsis.o)
    0x080014aa   0x080014aa   0x0000002c   Code   RO         1000    i.isrMessagePut     RTX_CM4.lib(rt_cmsis.o)
    0x080014d6   0x080014d6   0x00000024   Code   RO         1002    i.isrSignalSet      RTX_CM4.lib(rt_cmsis.o)
    0x080014fa   0x080014fa   0x00000002   PAD
    0x080014fc   0x080014fc   0x00000028   Code   RO         1827    i.isr_evt_set       RTX_CM4.lib(rt_event.o)
    0x08001524   0x08001524   0x00000056   Code   RO         1945    i.isr_mbx_receive   RTX_CM4.lib(rt_mailbox.o)
    0x0800157a   0x0800157a   0x0000000e   Code   RO         1946    i.isr_mbx_send      RTX_CM4.lib(rt_mailbox.o)
    0x08001588   0x08001588   0x0000003c   Code   RO           42    i.ledThread1        main.o
    0x080015c4   0x080015c4   0x00000048   Code   RO           43    i.ledThread2        main.o
    0x0800160c   0x0800160c   0x000000b0   Code   RO           44    i.main              main.o
    0x080016bc   0x080016bc   0x00000018   Code   RO         1003    i.osDelay           RTX_CM4.lib(rt_cmsis.o)
    0x080016d4   0x080016d4   0x00000024   Code   RO         1004    i.osKernelInitialize  RTX_CM4.lib(rt_cmsis.o)
    0x080016f8   0x080016f8   0x0000006c   Code   RO         1006    i.osKernelStart     RTX_CM4.lib(rt_cmsis.o)
    0x08001764   0x08001764   0x00000018   Code   RO         1015    i.osMessageGet      RTX_CM4.lib(rt_cmsis.o)
    0x0800177c   0x0800177c   0x00000018   Code   RO         1030    i.osSignalSet       RTX_CM4.lib(rt_cmsis.o)
    0x08001794   0x08001794   0x00000018   Code   RO         1031    i.osSignalWait      RTX_CM4.lib(rt_cmsis.o)
    0x080017ac   0x080017ac   0x0000002c   Code   RO         1032    i.osThreadCreate    RTX_CM4.lib(rt_cmsis.o)
    0x080017d8   0x080017d8   0x00000018   Code   RO         1033    i.osThreadExit      RTX_CM4.lib(rt_cmsis.o)
    0x080017f0   0x080017f0   0x0000000c   Code   RO         1039    i.osTimerCall       RTX_CM4.lib(rt_cmsis.o)
    0x080017fc   0x080017fc   0x0000002c   Code   RO         1040    i.osTimerCreate     RTX_CM4.lib(rt_cmsis.o)
    0x08001828   0x08001828   0x00000018   Code   RO         1042    i.osTimerStart      RTX_CM4.lib(rt_cmsis.o)
    0x08001840   0x08001840   0x0000002c   Code   RO         1044    i.osTimerThread     RTX_CM4.lib(rt_cmsis.o)
    0x0800186c   0x0800186c   0x00000022   Code   RO          180    i.os_error          rtx_conf_cm.o
    0x0800188e   0x0800188e   0x00000004   Code   RO          181    i.os_idle_demon     rtx_conf_cm.o
    0x08001892   0x08001892   0x00000002   PAD
    0x08001894   0x08001894   0x00000028   Code   RO         1737    i.os_tick_init      RTX_CM4.lib(rt_system.o)
    0x080018bc   0x080018bc   0x00000002   Code   RO         1738    i.os_tick_irqack    RTX_CM4.lib(rt_system.o)
    0x080018be   0x080018be   0x0000001a   Code   RO         2091    i.rt_alloc_box      RTX_CM4.lib(rt_membox.o)
    0x080018d8   0x080018d8   0x0000003e   Code   RO         2119    i.rt_alloc_mem      RTX_CM4.lib(rt_memory.o)
    0x08001916   0x08001916   0x00000002   PAD
    0x08001918   0x08001918   0x00000038   Code   RO         1618    i.rt_block          RTX_CM4.lib(rt_task.o)
    0x08001950   0x08001950   0x00000048   Code   RO         2068    i.rt_chk_robin      RTX_CM4.lib(rt_robin.o)
    0x08001998   0x08001998   0x00000070   Code   RO         1869    i.rt_dec_dly        RTX_CM4.lib(rt_list.o)
    0x08001a08   0x08001a08   0x00000044   Code   RO         1619    i.rt_dispatch       RTX_CM4.lib(rt_task.o)
    0x08001a4c   0x08001a4c   0x00000006   Code   RO         2035    i.rt_dly_wait       RTX_CM4.lib(rt_time.o)
    0x08001a52   0x08001a52   0x00000002   PAD
    0x08001a54   0x08001a54   0x00000050   Code   RO         1830    i.rt_evt_psh        RTX_CM4.lib(rt_event.o)
    0x08001aa4   0x08001aa4   0x0000005c   Code   RO         1831    i.rt_evt_set        RTX_CM4.lib(rt_event.o)
    0x08001b00   0x08001b00   0x0000003c   Code   RO         1832    i.rt_evt_wait       RTX_CM4.lib(rt_event.o)
    0x08001b3c   0x08001b3c   0x0000002c   Code   RO         2092    i.rt_free_box       RTX_CM4.lib(rt_membox.o)
    0x08001b68   0x08001b68   0x00000028   Code   RO         2120    i.rt_free_mem       RTX_CM4.lib(rt_memory.o)
    0x08001b90   0x08001b90   0x00000028   Code   RO         1870    i.rt_get_first      RTX_CM4.lib(rt_list.o)
    0x08001bb8   0x08001bb8   0x00000008   Code   RO         1049    i.rt_id2obj         RTX_CM4.lib(rt_cmsis.o)
    0x08001bc0   0x08001bc0   0x00000048   Code   RO         1620    i.rt_init_context   RTX_CM4.lib(rt_task.o)
    0x08001c08   0x08001c08   0x0000001a   Code   RO         2121    i.rt_init_mem       RTX_CM4.lib(rt_memory.o)
    0x08001c22   0x08001c22   0x00000002   PAD
    0x08001c24   0x08001c24   0x00000018   Code   RO         2069    i.rt_init_robin     RTX_CM4.lib(rt_robin.o)
    0x08001c3c   0x08001c3c   0x00000080   Code   RO         2146    i.rt_init_stack     RTX_CM4.lib(hal_cm.o)
    0x08001cbc   0x08001cbc   0x00000008   Code   RO         1947    i.rt_mbx_check      RTX_CM4.lib(rt_mailbox.o)
    0x08001cc4   0x08001cc4   0x0000001a   Code   RO         1948    i.rt_mbx_init       RTX_CM4.lib(rt_mailbox.o)
    0x08001cde   0x08001cde   0x00000002   PAD
    0x08001ce0   0x08001ce0   0x000000f0   Code   RO         1949    i.rt_mbx_psh        RTX_CM4.lib(rt_mailbox.o)
    0x08001dd0   0x08001dd0   0x000000b4   Code   RO         1951    i.rt_mbx_wait       RTX_CM4.lib(rt_mailbox.o)
    0x08001e84   0x08001e84   0x00000044   Code   RO         1050    i.rt_ms2tick        RTX_CM4.lib(rt_cmsis.o)
    0x08001ec8   0x08001ec8   0x000000d8   Code   RO         1704    i.rt_mut_release    RTX_CM4.lib(rt_mutex.o)
    0x08001fa0   0x08001fa0   0x00000078   Code   RO         1705    i.rt_mut_wait       RTX_CM4.lib(rt_mutex.o)
    0x08002018   0x08002018   0x0000007c   Code   RO         1741    i.rt_pop_req        RTX_CM4.lib(rt_system.o)
    0x08002094   0x08002094   0x00000020   Code   RO         1742    i.rt_psh_req        RTX_CM4.lib(rt_system.o)
    0x080020b4   0x080020b4   0x0000005c   Code   RO         1872    i.rt_psq_enq        RTX_CM4.lib(rt_list.o)
    0x08002110   0x08002110   0x00000048   Code   RO         1873    i.rt_put_dly        RTX_CM4.lib(rt_list.o)
    0x08002158   0x08002158   0x00000036   Code   RO         1874    i.rt_put_prio       RTX_CM4.lib(rt_list.o)
    0x0800218e   0x0800218e   0x00000002   PAD
    0x08002190   0x08002190   0x00000014   Code   RO         1875    i.rt_put_rdy_first  RTX_CM4.lib(rt_list.o)
    0x080021a4   0x080021a4   0x00000034   Code   RO         1876    i.rt_resort_prio    RTX_CM4.lib(rt_list.o)
    0x080021d8   0x080021d8   0x00000010   Code   RO         2147    i.rt_ret_regs       RTX_CM4.lib(hal_cm.o)
    0x080021e8   0x080021e8   0x0000000c   Code   RO         2148    i.rt_ret_val        RTX_CM4.lib(hal_cm.o)
    0x080021f4   0x080021f4   0x00000010   Code   RO         2149    i.rt_ret_val2       RTX_CM4.lib(hal_cm.o)
    0x08002204   0x08002204   0x00000028   Code   RO         1877    i.rt_rmv_dly        RTX_CM4.lib(rt_list.o)
    0x0800222c   0x0800222c   0x00000030   Code   RO         1878    i.rt_rmv_list       RTX_CM4.lib(rt_list.o)
    0x0800225c   0x0800225c   0x00000034   Code   RO         1996    i.rt_sem_psh        RTX_CM4.lib(rt_semaphore.o)
    0x08002290   0x08002290   0x00000024   Code   RO         1744    i.rt_stk_check      RTX_CM4.lib(rt_system.o)
    0x080022b4   0x080022b4   0x00000028   Code   RO         1621    i.rt_switch_req     RTX_CM4.lib(rt_task.o)
    0x080022dc   0x080022dc   0x000000cc   Code   RO         1622    i.rt_sys_init       RTX_CM4.lib(rt_task.o)
    0x080023a8   0x080023a8   0x00000078   Code   RO         1623    i.rt_sys_start      RTX_CM4.lib(rt_task.o)
    0x08002420   0x08002420   0x00000040   Code   RO         1746    i.rt_systick        RTX_CM4.lib(rt_system.o)
    0x08002460   0x08002460   0x00000012   Code   RO         1051    i.rt_tid2ptcb       RTX_CM4.lib(rt_cmsis.o)
    0x08002472   0x08002472   0x00000002   PAD
    0x08002474   0x08002474   0x00000034   Code   RO         1052    i.rt_timer_insert   RTX_CM4.lib(rt_cmsis.o)
    0x080024a8   0x080024a8   0x0000003c   Code   RO         1053    i.rt_timer_remove   RTX_CM4.lib(rt_cmsis.o)
    0x080024e4   0x080024e4   0x00000088   Code   RO         1624    i.rt_tsk_create     RTX_CM4.lib(rt_task.o)
    0x0800256c   0x0800256c   0x0000017c   Code   RO         1625    i.rt_tsk_delete     RTX_CM4.lib(rt_task.o)
    0x080026e8   0x080026e8   0x0000007c   Code   RO         1627    i.rt_tsk_prio       RTX_CM4.lib(rt_task.o)
    0x08002764   0x08002764   0x00000010   Code   RO         1628    i.rt_tsk_self       RTX_CM4.lib(rt_task.o)
    0x08002774   0x08002774   0x00000012   Code   RO         1054    i.svcDelay          RTX_CM4.lib(rt_cmsis.o)
    0x08002786   0x08002786   0x00000002   PAD
    0x08002788   0x08002788   0x00000070   Code   RO         1055    i.svcKernelInitialize  RTX_CM4.lib(rt_cmsis.o)
    0x080027f8   0x080027f8   0x00000048   Code   RO         1057    i.svcKernelStart    RTX_CM4.lib(rt_cmsis.o)
    0x08002840   0x08002840   0x00000024   Code   RO         1060    i.svcMessageCreate  RTX_CM4.lib(rt_cmsis.o)
    0x08002864   0x08002864   0x0000003a   Code   RO         1061    i.svcMessageGet     RTX_CM4.lib(rt_cmsis.o)
    0x0800289e   0x0800289e   0x00000024   Code   RO         1073    i.svcSignalSet      RTX_CM4.lib(rt_cmsis.o)
    0x080028c2   0x080028c2   0x00000002   PAD
    0x080028c4   0x080028c4   0x00000054   Code   RO         1074    i.svcSignalWait     RTX_CM4.lib(rt_cmsis.o)
    0x08002918   0x08002918   0x0000006c   Code   RO         1075    i.svcThreadCreate   RTX_CM4.lib(rt_cmsis.o)
    0x08002984   0x08002984   0x0000001c   Code   RO         1076    i.svcThreadGetId    RTX_CM4.lib(rt_cmsis.o)
    0x080029a0   0x080029a0   0x00000038   Code   RO         1079    i.svcThreadTerminate  RTX_CM4.lib(rt_cmsis.o)
    0x080029d8   0x080029d8   0x00000018   Code   RO         1081    i.svcTimerCall      RTX_CM4.lib(rt_cmsis.o)
    0x080029f0   0x080029f0   0x00000038   Code   RO         1082    i.svcTimerCreate    RTX_CM4.lib(rt_cmsis.o)
    0x08002a28   0x08002a28   0x00000064   Code   RO         1084    i.svcTimerStart     RTX_CM4.lib(rt_cmsis.o)
    0x08002a8c   0x08002a8c   0x0000005c   Code   RO         1090    i.sysTimerTick      RTX_CM4.lib(rt_cmsis.o)
    0x08002ae8   0x08002ae8   0x0000000a   Code   RO         2345    x$fpl$fpinit        fz_wm.l(fpinit.o)
    0x08002af2   0x08002af2   0x00000002   PAD
    0x08002af4   0x08002af4   0x00000040   Data   RO           46    .constdata          main.o
    0x08002b34   0x08002b34   0x00000068   Data   RO          183    .constdata          rtx_conf_cm.o
    0x08002b9c   0x08002b9c   0x00000018   Data   RO          964    .constdata          system_stm32f7xx.o
    0x08002bb4   0x08002bb4   0x00000020   Data   RO         2379    Region$$Table       anon$$obj.o


    Execution Region RW_IRAM2 (Exec base: 0x20000000, Load base: 0x08002c28, Size: 0x00000000, Max: 0x00010000, ABSOLUTE)

    **** No section assigned to this execution region ****


    Execution Region RW_IRAM1 (Exec base: 0x20010000, Load base: 0x08002bd4, Size: 0x00001348, Max: 0x00040000, ABSOLUTE)

    Exec Addr    Load Addr    Size         Type   Attr      Idx    E Section Name        Object

    0x20010000   0x08002bd4   0x00000010   Data   RW           47    .data               main.o
    0x20010010   0x08002be4   0x00000014   Data   RW          184    .data               rtx_conf_cm.o
    0x20010024   0x08002bf8   0x00000004   Data   RW          259    .data               stm32f7xx_hal.o
    0x20010028   0x08002bfc   0x00000004   Data   RW          965    .data               system_stm32f7xx.o
    0x2001002c   0x08002c00   0x00000008   Data   RW         1093    .data               RTX_CM4.lib(rt_cmsis.o)
    0x20010034   0x08002c08   0x00000008   Data   RW         1630    .data               RTX_CM4.lib(rt_task.o)
    0x2001003c   0x08002c10   0x00000008   Data   RW         1749    .data               RTX_CM4.lib(rt_system.o)
    0x20010044   0x08002c18   0x00000004   Data   RW         2039    .data               RTX_CM4.lib(rt_time.o)
    0x20010048   0x08002c1c   0x00000008   Data   RW         2070    .data               RTX_CM4.lib(rt_robin.o)
    0x20010050   0x08002c24   0x00000001   Data   RW         2150    .data               RTX_CM4.lib(hal_cm.o)
    0x20010051   0x08002c25   0x00000003   PAD
    0x20010054        -       0x00000060   Zero   RW           45    .bss                main.o
    0x200100b4   0x08002c25   0x00000004   PAD
    0x200100b8        -       0x00000bc8   Zero   RW          182    .bss                rtx_conf_cm.o
    0x20010c80        -       0x00000034   Zero   RW         1629    .bss                RTX_CM4.lib(rt_task.o)
    0x20010cb4        -       0x00000030   Zero   RW         1879    .bss                RTX_CM4.lib(rt_list.o)
    0x20010ce4        -       0x00000060   Zero   RW         2212    .bss                c_w.l(libspace.o)
    0x20010d44   0x08002c25   0x00000004   PAD
    0x20010d48        -       0x00000200   Zero   RW          953    HEAP                startup_stm32f746xx.o
    0x20010f48        -       0x00000400   Zero   RW          952    STACK               startup_stm32f746xx.o


==============================================================================

Image component sizes


      Code (inc. data)   RO Data    RW Data    ZI Data      Debug   Object Name

       748         84         64         16         96     738814   main.o
       126         26        104         20       3016       9263   rtx_conf_cm.o
        64         26        456          0       1536        856   startup_stm32f746xx.o
        94         16          0          4          0       3427   stm32f7xx_hal.o
       312         22          0          0          0      39276   stm32f7xx_hal_cortex.o
       556         52          0          0          0       3225   stm32f7xx_hal_gpio.o
       144          8          0          0          0       1392   stm32f7xx_hal_pwr_ex.o
      1884         46          0          0          0       4570   stm32f7xx_hal_rcc.o
       100         18         24          4          0       1327   system_stm32f7xx.o
         0          0          0          0          0       8582   thread.o

    ----------------------------------------------------------------------
      4032        298        680         44       4652     810732   Object Totals
         0          0         32          0          0          0   (incl. Generated)
         4          0          0          0          4          0   (incl. Padding)

    ----------------------------------------------------------------------

      Code (inc. data)   RO Data    RW Data    ZI Data      Debug   Library Member Name

       268         24          0          1          0       4524   hal_cm.o
       408         34          0          0          0        824   hal_cm4.o
      1640        186          0          8          0      42954   rt_cmsis.o
       272         18          0          0          0       2842   rt_event.o
       530         34          0          0         48       8685   rt_list.o
       554         10          0          0          0       4237   rt_mailbox.o
       140          0          0          0          0       2069   rt_membox.o
       128          0          0          0          0       2451   rt_memory.o
       336         14          0          0          0       1739   rt_mutex.o
        96         22          0          8          0       1254   rt_robin.o
        52          4          0          0          0        621   rt_semaphore.o
       298         52          0          8          0       6511   rt_system.o
      1216        174          0          8         52      10129   rt_task.o
         6          0          0          4          0        700   rt_time.o
         4          4          0          0          0        208   svc_table.o
         8          0          0          0          0         68   __main.o
         0          0          0          0          0          0   __rtentry.o
        20          0          0          0          0          0   __rtentry2.o
         6          0          0          0          0          0   __rtentry4.o
        52          8          0          0          0          0   __scatter.o
        26          0          0          0          0          0   __scatter_copy.o
        28          0          0          0          0          0   __scatter_zi.o
        18          0          0          0          0         80   exit.o
         6          0          0          0          0        152   heapauxi.o
         0          0          0          0          0          0   indicate_semi.o
         2          0          0          0          0          0   libinit.o
         6          0          0          0          0          0   libinit2.o
         2          0          0          0          0          0   libshutdown.o
         2          0          0          0          0          0   libshutdown2.o
         8          4          0          0         96         68   libspace.o
       238          0          0          0          0        100   lludivv7m.o
         2          0          0          0          0          0   rtexit.o
        10          0          0          0          0          0   rtexit2.o
        12          4          0          0          0         68   sys_exit.o
        74          0          0          0          0         80   sys_stackheap_outer.o
         2          0          0          0          0         68   use_no_semi.o
        10          0          0          0          0        116   fpinit.o

    ----------------------------------------------------------------------
      6508        592          0         40        200      90548   Library Totals
        28          0          0          3          4          0   (incl. Padding)

    ----------------------------------------------------------------------

      Code (inc. data)   RO Data    RW Data    ZI Data      Debug   Library Name

      5948        576          0         37        100      89748   RTX_CM4.lib
       522         16          0          0         96        684   c_w.l
        10          0          0          0          0        116   fz_wm.l

    ----------------------------------------------------------------------
      6508        592          0         40        200      90548   Library Totals

    ----------------------------------------------------------------------

==============================================================================


      Code (inc. data)   RO Data    RW Data    ZI Data      Debug   

     10540        890        680         84       4852     890072   Grand Totals
     10540        890        680         84       4852     890072   ELF Image Totals
     10540        890        680         84          0          0   ROM Totals

==============================================================================

    Total RO  Size (Code + RO Data)                11220 (  10.96kB)
    Total RW  Size (RW Data + ZI Data)              4936 (   4.82kB)
    Total ROM Size (Code + RO Data + RW Data)      11304 (  11.04kB)

==============================================================================

