<!doctype html public "-//w3c//dtd html 4.0 transitional//en">
<html><head>
<title>Static Call Graph - [.\Objects\vnc.axf]</title></head>
<body><HR>
<H1>Static Call Graph for image .\Objects\vnc.axf</H1><HR>
<BR><P>#&#060CALLGRAPH&#062# ARM Linker, 5060750: Last Updated: Tue Aug 07 06:25:07 2018
<BR><P>
<H3>Maximum Stack Usage =        688 bytes + Unknown(Functions without stacksize, Cycles, Untraceable Function Pointers)</H3><H3>
Call chain for Maximum Stack Depth:</H3>
GUIThread &rArr; GUI_Exec &rArr; GUI_Exec1 &rArr; WM_Exec &rArr; _Exec1Draw &rArr; _DrawNext &rArr; WM__Paint &rArr; GUI_MEMDEV_Draw &rArr; GUI_MEMDEV_CopyToLCD &rArr; GUI_MEMDEV_CopyToLCDAt &rArr; GUI_MEMDEV__WriteToActiveOpaque &rArr; _WriteToActiveOpaque_8 &rArr; GUI_ALLOC_AllocNoInit &rArr; _Alloc &rArr; _InitOnce &rArr; _EnlargeBlocks &rArr;  _Alloc (Cycle)
<P>
<H3>
Functions with no stack information
</H3><UL>
 <LI><a href="#[1e5]">__user_initial_stackheap</a>
</UL>
</UL>
<P>
<H3>
Mutually Recursive functions
</H3> <LI><a href="#[8d]">rt_alloc_box</a>&nbsp;&nbsp;&nbsp;&rArr;&nbsp;&nbsp;&nbsp;<a href="#[8d]">rt_alloc_box</a><BR>
 <LI><a href="#[23]">NMI_Handler</a>&nbsp;&nbsp;&nbsp;&rArr;&nbsp;&nbsp;&nbsp;<a href="#[23]">NMI_Handler</a><BR>
 <LI><a href="#[24]">HardFault_Handler</a>&nbsp;&nbsp;&nbsp;&rArr;&nbsp;&nbsp;&nbsp;<a href="#[24]">HardFault_Handler</a><BR>
 <LI><a href="#[25]">MemManage_Handler</a>&nbsp;&nbsp;&nbsp;&rArr;&nbsp;&nbsp;&nbsp;<a href="#[25]">MemManage_Handler</a><BR>
 <LI><a href="#[26]">BusFault_Handler</a>&nbsp;&nbsp;&nbsp;&rArr;&nbsp;&nbsp;&nbsp;<a href="#[26]">BusFault_Handler</a><BR>
 <LI><a href="#[27]">UsageFault_Handler</a>&nbsp;&nbsp;&nbsp;&rArr;&nbsp;&nbsp;&nbsp;<a href="#[27]">UsageFault_Handler</a><BR>
 <LI><a href="#[29]">DebugMon_Handler</a>&nbsp;&nbsp;&nbsp;&rArr;&nbsp;&nbsp;&nbsp;<a href="#[29]">DebugMon_Handler</a><BR>
 <LI><a href="#[3e]">ADC_IRQHandler</a>&nbsp;&nbsp;&nbsp;&rArr;&nbsp;&nbsp;&nbsp;<a href="#[3e]">ADC_IRQHandler</a><BR>
 <LI><a href="#[233]">WM__SendMessage</a>&nbsp;&nbsp;&nbsp;&rArr;&nbsp;&nbsp;&nbsp;<a href="#[1fe]">WM_DefaultProc</a><BR>
 <LI><a href="#[3eb]">WM__InvalidateRect</a>&nbsp;&nbsp;&nbsp;&rArr;&nbsp;&nbsp;&nbsp;<a href="#[3eb]">WM__InvalidateRect</a><BR>
 <LI><a href="#[3ce]">WM_InvalidateWindowAndDescsEx</a>&nbsp;&nbsp;&nbsp;&rArr;&nbsp;&nbsp;&nbsp;<a href="#[3ce]">WM_InvalidateWindowAndDescsEx</a><BR>
 <LI><a href="#[3c8]">WM__InvalidateDrawAndDescs</a>&nbsp;&nbsp;&nbsp;&rArr;&nbsp;&nbsp;&nbsp;<a href="#[3c8]">WM__InvalidateDrawAndDescs</a><BR>
 <LI><a href="#[3b3]">WM__ForEachDesc</a>&nbsp;&nbsp;&nbsp;&rArr;&nbsp;&nbsp;&nbsp;<a href="#[3b3]">WM__ForEachDesc</a><BR>
 <LI><a href="#[3ee]">_MoveDescendents</a>&nbsp;&nbsp;&nbsp;&rArr;&nbsp;&nbsp;&nbsp;<a href="#[3ee]">_MoveDescendents</a><BR>
 <LI><a href="#[3d4]">WM_ResizeWindow</a>&nbsp;&nbsp;&nbsp;&rArr;&nbsp;&nbsp;&nbsp;<a href="#[39c]">WM__UpdateChildPositions</a><BR>
 <LI><a href="#[417]">_EnlargeBlocks</a>&nbsp;&nbsp;&nbsp;&rArr;&nbsp;&nbsp;&nbsp;<a href="#[267]">_Alloc</a><BR>
 <LI><a href="#[419]">_Findy1</a>&nbsp;&nbsp;&nbsp;&rArr;&nbsp;&nbsp;&nbsp;<a href="#[419]">_Findy1</a><BR>
 <LI><a href="#[41b]">_Findx1</a>&nbsp;&nbsp;&nbsp;&rArr;&nbsp;&nbsp;&nbsp;<a href="#[41b]">_Findx1</a><BR>
 <LI><a href="#[41a]">_Findx0</a>&nbsp;&nbsp;&nbsp;&rArr;&nbsp;&nbsp;&nbsp;<a href="#[41a]">_Findx0</a><BR>
 <LI><a href="#[3ae]">_DeleteAllChildren</a>&nbsp;&nbsp;&nbsp;&rArr;&nbsp;&nbsp;&nbsp;<a href="#[27e]">WM_DeleteWindow</a><BR>
 <LI><a href="#[3f2]">_PaintTransChildren</a>&nbsp;&nbsp;&nbsp;&rArr;&nbsp;&nbsp;&nbsp;<a href="#[3f2]">_PaintTransChildren</a><BR>
 <LI><a href="#[3cd]">WM_InvalidateWindowAndDescs</a>&nbsp;&nbsp;&nbsp;&rArr;&nbsp;&nbsp;&nbsp;<a href="#[3cd]">WM_InvalidateWindowAndDescs</a><BR>
 <LI><a href="#[43a]">_Screen2hWin</a>&nbsp;&nbsp;&nbsp;&rArr;&nbsp;&nbsp;&nbsp;<a href="#[43a]">_Screen2hWin</a><BR>
 <LI><a href="#[4c7]">net_sys_error</a>&nbsp;&nbsp;&nbsp;&rArr;&nbsp;&nbsp;&nbsp;<a href="#[4c7]">net_sys_error</a><BR>
 <LI><a href="#[3b8]">_GetDialogItem</a>&nbsp;&nbsp;&nbsp;&rArr;&nbsp;&nbsp;&nbsp;<a href="#[3b8]">_GetDialogItem</a><BR>
</UL>
<P>
<H3>
Function Pointers
</H3><UL>
 <LI><a href="#[3e]">ADC_IRQHandler</a> from startup_stm32f746xx.o(.text) referenced from startup_stm32f746xx.o(RESET)
 <LI><a href="#[96]">BUTTON_Callback</a> from button.o(i.BUTTON_Callback) referenced from button.o(i.BUTTON_CreateUser)
 <LI><a href="#[ff]">BUTTON_CreateIndirect</a> from button.o(i.BUTTON_CreateIndirect) referenced from boxdlg.o(.constdata)
 <LI><a href="#[11]">BUTTON_DrawSkinFlex</a> from button_skinflex.o(i.BUTTON_DrawSkinFlex) referenced 2 times from button.o(.data)
 <LI><a href="#[26]">BusFault_Handler</a> from startup_stm32f746xx.o(.text) referenced from startup_stm32f746xx.o(RESET)
 <LI><a href="#[40]">CAN1_RX0_IRQHandler</a> from startup_stm32f746xx.o(.text) referenced from startup_stm32f746xx.o(RESET)
 <LI><a href="#[41]">CAN1_RX1_IRQHandler</a> from startup_stm32f746xx.o(.text) referenced from startup_stm32f746xx.o(RESET)
 <LI><a href="#[42]">CAN1_SCE_IRQHandler</a> from startup_stm32f746xx.o(.text) referenced from startup_stm32f746xx.o(RESET)
 <LI><a href="#[3f]">CAN1_TX_IRQHandler</a> from startup_stm32f746xx.o(.text) referenced from startup_stm32f746xx.o(RESET)
 <LI><a href="#[6c]">CAN2_RX0_IRQHandler</a> from startup_stm32f746xx.o(.text) referenced from startup_stm32f746xx.o(RESET)
 <LI><a href="#[6d]">CAN2_RX1_IRQHandler</a> from startup_stm32f746xx.o(.text) referenced from startup_stm32f746xx.o(RESET)
 <LI><a href="#[6e]">CAN2_SCE_IRQHandler</a> from startup_stm32f746xx.o(.text) referenced from startup_stm32f746xx.o(RESET)
 <LI><a href="#[6b]">CAN2_TX_IRQHandler</a> from startup_stm32f746xx.o(.text) referenced from startup_stm32f746xx.o(RESET)
 <LI><a href="#[89]">CEC_IRQHandler</a> from startup_stm32f746xx.o(.text) referenced from startup_stm32f746xx.o(RESET)
 <LI><a href="#[97]">CHECKBOX_Callback</a> from checkbox.o(i.CHECKBOX_Callback) referenced from checkbox.o(i.CHECKBOX_CreateUser)
 <LI><a href="#[fe]">CHECKBOX_CreateIndirect</a> from checkbox.o(i.CHECKBOX_CreateIndirect) referenced from boxdlg.o(.constdata)
 <LI><a href="#[13]">CHECKBOX_DrawSkinFlex</a> from checkbox_skinflex.o(i.CHECKBOX_DrawSkinFlex) referenced 2 times from checkbox.o(.data)
 <LI><a href="#[12]">CHECKBOX__GetButtonSize</a> from checkbox.o(i.CHECKBOX__GetButtonSize) referenced 2 times from checkbox.o(.data)
 <LI><a href="#[118]">Control</a> from emac_stm32f7xx.o(i.Control) referenced from emac_stm32f7xx.o(.constdata)
 <LI><a href="#[117]">ControlTimer</a> from emac_stm32f7xx.o(i.ControlTimer) referenced from emac_stm32f7xx.o(.constdata)
 <LI><a href="#[7a]">DCMI_IRQHandler</a> from startup_stm32f746xx.o(.text) referenced from startup_stm32f746xx.o(RESET)
 <LI><a href="#[37]">DMA1_Stream0_IRQHandler</a> from startup_stm32f746xx.o(.text) referenced from startup_stm32f746xx.o(RESET)
 <LI><a href="#[38]">DMA1_Stream1_IRQHandler</a> from startup_stm32f746xx.o(.text) referenced from startup_stm32f746xx.o(RESET)
 <LI><a href="#[39]">DMA1_Stream2_IRQHandler</a> from startup_stm32f746xx.o(.text) referenced from startup_stm32f746xx.o(RESET)
 <LI><a href="#[3a]">DMA1_Stream3_IRQHandler</a> from startup_stm32f746xx.o(.text) referenced from startup_stm32f746xx.o(RESET)
 <LI><a href="#[3b]">DMA1_Stream4_IRQHandler</a> from startup_stm32f746xx.o(.text) referenced from startup_stm32f746xx.o(RESET)
 <LI><a href="#[3c]">DMA1_Stream5_IRQHandler</a> from startup_stm32f746xx.o(.text) referenced from startup_stm32f746xx.o(RESET)
 <LI><a href="#[3d]">DMA1_Stream6_IRQHandler</a> from startup_stm32f746xx.o(.text) referenced from startup_stm32f746xx.o(RESET)
 <LI><a href="#[5b]">DMA1_Stream7_IRQHandler</a> from startup_stm32f746xx.o(.text) referenced from startup_stm32f746xx.o(RESET)
 <LI><a href="#[85]">DMA2D_IRQHandler</a> from lcdconf.o(i.DMA2D_IRQHandler) referenced from startup_stm32f746xx.o(RESET)
 <LI><a href="#[64]">DMA2_Stream0_IRQHandler</a> from startup_stm32f746xx.o(.text) referenced from startup_stm32f746xx.o(RESET)
 <LI><a href="#[65]">DMA2_Stream1_IRQHandler</a> from startup_stm32f746xx.o(.text) referenced from startup_stm32f746xx.o(RESET)
 <LI><a href="#[66]">DMA2_Stream2_IRQHandler</a> from startup_stm32f746xx.o(.text) referenced from startup_stm32f746xx.o(RESET)
 <LI><a href="#[67]">DMA2_Stream3_IRQHandler</a> from startup_stm32f746xx.o(.text) referenced from startup_stm32f746xx.o(RESET)
 <LI><a href="#[68]">DMA2_Stream4_IRQHandler</a> from startup_stm32f746xx.o(.text) referenced from startup_stm32f746xx.o(RESET)
 <LI><a href="#[70]">DMA2_Stream5_IRQHandler</a> from startup_stm32f746xx.o(.text) referenced from startup_stm32f746xx.o(RESET)
 <LI><a href="#[71]">DMA2_Stream6_IRQHandler</a> from startup_stm32f746xx.o(.text) referenced from startup_stm32f746xx.o(RESET)
 <LI><a href="#[72]">DMA2_Stream7_IRQHandler</a> from startup_stm32f746xx.o(.text) referenced from startup_stm32f746xx.o(RESET)
 <LI><a href="#[29]">DebugMon_Handler</a> from startup_stm32f746xx.o(.text) referenced from startup_stm32f746xx.o(RESET)
 <LI><a href="#[69]">ETH_IRQHandler</a> from emac_stm32f7xx.o(i.ETH_IRQHandler) referenced from startup_stm32f746xx.o(RESET)
 <LI><a href="#[6a]">ETH_WKUP_IRQHandler</a> from startup_stm32f746xx.o(.text) referenced from startup_stm32f746xx.o(RESET)
 <LI><a href="#[32]">EXTI0_IRQHandler</a> from startup_stm32f746xx.o(.text) referenced from startup_stm32f746xx.o(RESET)
 <LI><a href="#[54]">EXTI15_10_IRQHandler</a> from startup_stm32f746xx.o(.text) referenced from startup_stm32f746xx.o(RESET)
 <LI><a href="#[33]">EXTI1_IRQHandler</a> from startup_stm32f746xx.o(.text) referenced from startup_stm32f746xx.o(RESET)
 <LI><a href="#[34]">EXTI2_IRQHandler</a> from startup_stm32f746xx.o(.text) referenced from startup_stm32f746xx.o(RESET)
 <LI><a href="#[35]">EXTI3_IRQHandler</a> from startup_stm32f746xx.o(.text) referenced from startup_stm32f746xx.o(RESET)
 <LI><a href="#[36]">EXTI4_IRQHandler</a> from startup_stm32f746xx.o(.text) referenced from startup_stm32f746xx.o(RESET)
 <LI><a href="#[43]">EXTI9_5_IRQHandler</a> from startup_stm32f746xx.o(.text) referenced from startup_stm32f746xx.o(RESET)
 <LI><a href="#[30]">FLASH_IRQHandler</a> from startup_stm32f746xx.o(.text) referenced from startup_stm32f746xx.o(RESET)
 <LI><a href="#[5c]">FMC_IRQHandler</a> from startup_stm32f746xx.o(.text) referenced from startup_stm32f746xx.o(RESET)
 <LI><a href="#[7c]">FPU_IRQHandler</a> from startup_stm32f746xx.o(.text) referenced from startup_stm32f746xx.o(RESET)
 <LI><a href="#[99]">FRAMEWIN_Callback</a> from framewin.o(i.FRAMEWIN_Callback) referenced from framewin.o(i.FRAMEWIN_CreateUser)
 <LI><a href="#[fd]">FRAMEWIN_CreateIndirect</a> from framewin.o(i.FRAMEWIN_CreateIndirect) referenced from boxdlg.o(.constdata)
 <LI><a href="#[15]">FRAMEWIN_DrawSkinFlex</a> from framewin_skinflex.o(i.FRAMEWIN_DrawSkinFlex) referenced 4 times from framewin.o(.data)
 <LI><a href="#[14]">FRAMEWIN__GetBorderSize</a> from framewin.o(i.FRAMEWIN__GetBorderSize) referenced 2 times from framewin.o(.data)
 <LI><a href="#[9a]">FRAMEWIN__cbClient</a> from framewin.o(i.FRAMEWIN__cbClient) referenced from framewin.o(i.FRAMEWIN_CreateUser)
 <LI><a href="#[174]">GUIMONO_DispChar</a> from gui_charm.o(i.GUIMONO_DispChar) referenced from f6x8.o(.constdata)
 <LI><a href="#[175]">GUIMONO_GetCharDistX</a> from gui_charm.o(i.GUIMONO_GetCharDistX) referenced from f6x8.o(.constdata)
 <LI><a href="#[176]">GUIMONO_GetFontInfo</a> from gui_charm.o(i.GUIMONO_GetFontInfo) referenced from f6x8.o(.constdata)
 <LI><a href="#[177]">GUIMONO_IsInFont</a> from gui_charm.o(i.GUIMONO_IsInFont) referenced from f6x8.o(.constdata)
 <LI><a href="#[17c]">GUIPROP_DispChar</a> from gui_charp.o(i.GUIPROP_DispChar) referenced 2 times from f32_ascii.o(.constdata)
 <LI><a href="#[178]">GUIPROP_FRM_DispChar</a> from gui_charpfrm.o(i.GUIPROP_FRM_DispChar) referenced from f20f_ascii.o(.constdata)
 <LI><a href="#[179]">GUIPROP_FRM_GetCharDistX</a> from gui_charpfrm.o(i.GUIPROP_FRM_GetCharDistX) referenced from f20f_ascii.o(.constdata)
 <LI><a href="#[17a]">GUIPROP_FRM_GetFontInfo</a> from gui_charpfrm.o(i.GUIPROP_FRM_GetFontInfo) referenced from f20f_ascii.o(.constdata)
 <LI><a href="#[17b]">GUIPROP_FRM_IsInFont</a> from gui_charpfrm.o(i.GUIPROP_FRM_IsInFont) referenced from f20f_ascii.o(.constdata)
 <LI><a href="#[17d]">GUIPROP_GetCharDistX</a> from gui_charp.o(i.GUIPROP_GetCharDistX) referenced 2 times from f32_ascii.o(.constdata)
 <LI><a href="#[17e]">GUIPROP_GetFontInfo</a> from gui_charp.o(i.GUIPROP_GetFontInfo) referenced 2 times from f32_ascii.o(.constdata)
 <LI><a href="#[17f]">GUIPROP_IsInFont</a> from gui_charp.o(i.GUIPROP_IsInFont) referenced 2 times from f32_ascii.o(.constdata)
 <LI><a href="#[fc]">GUIThread</a> from gui_singlethread.o(i.GUIThread) referenced from gui_singlethread.o(.constdata)
 <LI><a href="#[cb]">GUI_MEMDEV_Paint1Static</a> from guidev_staticdevices.o(i.GUI_MEMDEV_Paint1Static) referenced from wm.o(i._Paint1)
 <LI><a href="#[ca]">GUI_MEMDEV__WriteToActiveAlpha</a> from guidev_writetoactivealpha.o(i.GUI_MEMDEV__WriteToActiveAlpha) referenced from guidev_32.o(i._GetDevFunc)
 <LI><a href="#[11c]">GUI_TOUCH_Tick</a> from gui_x_rte.o(i.GUI_TOUCH_Tick) referenced from gui_x_rte.o(.constdata)
 <LI><a href="#[11b]">GUI_Tick</a> from gui_x_rte.o(i.GUI_Tick) referenced from gui_x_rte.o(.constdata)
 <LI><a href="#[1ac]">GUI_USAGE_BM_AddHLine</a> from guidev_usagebm.o(i.GUI_USAGE_BM_AddHLine) referenced from guidev_usagebm.o(.constdata)
 <LI><a href="#[1ab]">GUI_USAGE_BM_AddPixel</a> from guidev_usagebm.o(i.GUI_USAGE_BM_AddPixel) referenced from guidev_usagebm.o(.constdata)
 <LI><a href="#[1ad]">GUI_USAGE_BM_Clear</a> from guidev_usagebm.o(i.GUI_USAGE_BM_Clear) referenced from guidev_usagebm.o(.constdata)
 <LI><a href="#[1af]">GUI_USAGE_BM_GetNextDirty</a> from guidev_usagebm.o(i.GUI_USAGE_BM_GetNextDirty) referenced from guidev_usagebm.o(.constdata)
 <LI><a href="#[19]">GUI_X_ExecIdle</a> from gui_x_rte.o(i.GUI_X_ExecIdle) referenced 2 times from gui_waitevent.o(.data)
 <LI><a href="#[d]">GUI__MixColors</a> from gui__alpha.o(i.GUI__MixColors) referenced 2 times from gui__alpha.o(.data)
 <LI><a href="#[e]">GUI__MixColorsBulk</a> from gui__alpha.o(i.GUI__MixColorsBulk) referenced 2 times from gui__alpha.o(.data)
 <LI><a href="#[10b]">GetCapabilities</a> from emac_stm32f7xx.o(i.GetCapabilities) referenced from emac_stm32f7xx.o(.constdata)
 <LI><a href="#[109]">GetLinkInfo</a> from phy_lan8742a.o(i.GetLinkInfo) referenced from phy_lan8742a.o(.constdata)
 <LI><a href="#[108]">GetLinkState</a> from phy_lan8742a.o(i.GetLinkState) referenced from phy_lan8742a.o(.constdata)
 <LI><a href="#[10f]">GetMacAddress</a> from emac_stm32f7xx.o(i.GetMacAddress) referenced from emac_stm32f7xx.o(.constdata)
 <LI><a href="#[114]">GetRxFrameSize</a> from emac_stm32f7xx.o(i.GetRxFrameSize) referenced from emac_stm32f7xx.o(.constdata)
 <LI><a href="#[115]">GetRxFrameTime</a> from emac_stm32f7xx.o(i.GetRxFrameTime) referenced from emac_stm32f7xx.o(.constdata)
 <LI><a href="#[116]">GetTxFrameTime</a> from emac_stm32f7xx.o(i.GetTxFrameTime) referenced from emac_stm32f7xx.o(.constdata)
 <LI><a href="#[102]">GetVersion</a> from phy_lan8742a.o(i.GetVersion) referenced 2 times from phy_lan8742a.o(.constdata)
 <LI><a href="#[24]">HardFault_Handler</a> from startup_stm32f746xx.o(.text) referenced from startup_stm32f746xx.o(RESET)
 <LI><a href="#[4c]">I2C1_ER_IRQHandler</a> from startup_stm32f746xx.o(.text) referenced from startup_stm32f746xx.o(RESET)
 <LI><a href="#[4b]">I2C1_EV_IRQHandler</a> from startup_stm32f746xx.o(.text) referenced from startup_stm32f746xx.o(RESET)
 <LI><a href="#[4e]">I2C2_ER_IRQHandler</a> from startup_stm32f746xx.o(.text) referenced from startup_stm32f746xx.o(RESET)
 <LI><a href="#[4d]">I2C2_EV_IRQHandler</a> from startup_stm32f746xx.o(.text) referenced from startup_stm32f746xx.o(RESET)
 <LI><a href="#[75]">I2C3_ER_IRQHandler</a> from startup_stm32f746xx.o(.text) referenced from startup_stm32f746xx.o(RESET)
 <LI><a href="#[74]">I2C3_EV_IRQHandler</a> from startup_stm32f746xx.o(.text) referenced from startup_stm32f746xx.o(RESET)
 <LI><a href="#[8b]">I2C4_ER_IRQHandler</a> from startup_stm32f746xx.o(.text) referenced from startup_stm32f746xx.o(RESET)
 <LI><a href="#[8a]">I2C4_EV_IRQHandler</a> from startup_stm32f746xx.o(.text) referenced from startup_stm32f746xx.o(RESET)
 <LI><a href="#[103]">Initialize</a> from phy_lan8742a.o(i.Initialize) referenced 2 times from phy_lan8742a.o(.constdata)
 <LI><a href="#[21]">LCD_AA_MixColors16</a> from lcd_aa.o(i.LCD_AA_MixColors16) referenced 2 times from lcd_aa.o(.data)
 <LI><a href="#[d3]">LCD_Color2Index_8666</a> from guicc_8666.o(i.LCD_Color2Index_8666) referenced from guicc_8666.o(.constdata)
 <LI><a href="#[d3]">LCD_Color2Index_8666</a> from guicc_8666.o(i.LCD_Color2Index_8666) referenced from guivnc_process.o(i._ProcessVNC)
 <LI><a href="#[9c]">LCD_DrawHLine</a> from lcd.o(i.LCD_DrawHLine) referenced from gui_core.o(.constdata)
 <LI><a href="#[9c]">LCD_DrawHLine</a> from lcd.o(i.LCD_DrawHLine) referenced from gui_drawgradient.o(i.GUI_DrawGradientV)
 <LI><a href="#[15a]">LCD_DrawPixel</a> from lcd.o(i.LCD_DrawPixel) referenced from gui_core.o(.constdata)
 <LI><a href="#[f]">LCD_GetpPalConvTableBM</a> from lcd_color.o(i.LCD_GetpPalConvTableBM) referenced 2 times from gui_core.o(.data)
 <LI><a href="#[144]">LCD_Index2Color_8666</a> from guicc_8666.o(i.LCD_Index2Color_8666) referenced from guicc_8666.o(.constdata)
 <LI><a href="#[a0]">LCD_Index2Color_8888</a> from guicc_8888_index2color.o(i.LCD_Index2Color_8888) referenced from guicc_8888.o(.constdata)
 <LI><a href="#[a0]">LCD_Index2Color_8888</a> from guicc_8888_index2color.o(i.LCD_Index2Color_8888) referenced from gui__alpha.o(i.GUI__DoAlphaBlending)
 <LI><a href="#[a0]">LCD_Index2Color_8888</a> from guicc_8888_index2color.o(i.LCD_Index2Color_8888) referenced from guidev_writetoactivealpha.o(i._WriteToActiveAlpha)
 <LI><a href="#[15c]">LCD_Index2Color_M565</a> from guicc_m565.o(i.LCD_Index2Color_M565) referenced from guicc_m565.o(.constdata)
 <LI><a href="#[161]">LCD_Index2Color_M888</a> from guicc_m888_index2color.o(i.LCD_Index2Color_M888) referenced from guicc_m888.o(.constdata)
 <LI><a href="#[156]">LCD_Index2Color_M8888I</a> from guicc_m8888i_index2color.o(i.LCD_Index2Color_M8888I) referenced from guicc_m8888i.o(.constdata)
 <LI><a href="#[88]">LPTIM1_IRQHandler</a> from startup_stm32f746xx.o(.text) referenced from startup_stm32f746xx.o(RESET)
 <LI><a href="#[84]">LTDC_ER_IRQHandler</a> from startup_stm32f746xx.o(.text) referenced from startup_stm32f746xx.o(RESET)
 <LI><a href="#[83]">LTDC_IRQHandler</a> from lcdconf.o(i.LTDC_IRQHandler) referenced from startup_stm32f746xx.o(RESET)
 <LI><a href="#[25]">MemManage_Handler</a> from startup_stm32f746xx.o(.text) referenced from startup_stm32f746xx.o(RESET)
 <LI><a href="#[23]">NMI_Handler</a> from startup_stm32f746xx.o(.text) referenced from startup_stm32f746xx.o(RESET)
 <LI><a href="#[6f]">OTG_FS_IRQHandler</a> from startup_stm32f746xx.o(.text) referenced from startup_stm32f746xx.o(RESET)
 <LI><a href="#[56]">OTG_FS_WKUP_IRQHandler</a> from startup_stm32f746xx.o(.text) referenced from startup_stm32f746xx.o(RESET)
 <LI><a href="#[77]">OTG_HS_EP1_IN_IRQHandler</a> from startup_stm32f746xx.o(.text) referenced from startup_stm32f746xx.o(RESET)
 <LI><a href="#[76]">OTG_HS_EP1_OUT_IRQHandler</a> from startup_stm32f746xx.o(.text) referenced from startup_stm32f746xx.o(RESET)
 <LI><a href="#[79]">OTG_HS_IRQHandler</a> from startup_stm32f746xx.o(.text) referenced from startup_stm32f746xx.o(RESET)
 <LI><a href="#[78]">OTG_HS_WKUP_IRQHandler</a> from startup_stm32f746xx.o(.text) referenced from startup_stm32f746xx.o(RESET)
 <LI><a href="#[119]">PHY_Read</a> from emac_stm32f7xx.o(i.PHY_Read) referenced from emac_stm32f7xx.o(.constdata)
 <LI><a href="#[11a]">PHY_Write</a> from emac_stm32f7xx.o(i.PHY_Write) referenced from emac_stm32f7xx.o(.constdata)
 <LI><a href="#[2d]">PVD_IRQHandler</a> from startup_stm32f746xx.o(.text) referenced from startup_stm32f746xx.o(RESET)
 <LI><a href="#[2a]">PendSV_Handler</a> from hal_cm4.o(.emb_text) referenced from startup_stm32f746xx.o(RESET)
 <LI><a href="#[105]">PowerControl</a> from phy_lan8742a.o(i.PowerControl) referenced 2 times from phy_lan8742a.o(.constdata)
 <LI><a href="#[87]">QUADSPI_IRQHandler</a> from startup_stm32f746xx.o(.text) referenced from startup_stm32f746xx.o(RESET)
 <LI><a href="#[31]">RCC_IRQHandler</a> from startup_stm32f746xx.o(.text) referenced from startup_stm32f746xx.o(RESET)
 <LI><a href="#[7b]">RNG_IRQHandler</a> from startup_stm32f746xx.o(.text) referenced from startup_stm32f746xx.o(RESET)
 <LI><a href="#[55]">RTC_Alarm_IRQHandler</a> from startup_stm32f746xx.o(.text) referenced from startup_stm32f746xx.o(RESET)
 <LI><a href="#[2f]">RTC_WKUP_IRQHandler</a> from startup_stm32f746xx.o(.text) referenced from startup_stm32f746xx.o(RESET)
 <LI><a href="#[113]">ReadFrame</a> from emac_stm32f7xx.o(i.ReadFrame) referenced from emac_stm32f7xx.o(.constdata)
 <LI><a href="#[22]">Reset_Handler</a> from startup_stm32f746xx.o(.text) referenced from startup_stm32f746xx.o(RESET)
 <LI><a href="#[82]">SAI1_IRQHandler</a> from startup_stm32f746xx.o(.text) referenced from startup_stm32f746xx.o(RESET)
 <LI><a href="#[86]">SAI2_IRQHandler</a> from startup_stm32f746xx.o(.text) referenced from startup_stm32f746xx.o(RESET)
 <LI><a href="#[5d]">SDMMC1_IRQHandler</a> from startup_stm32f746xx.o(.text) referenced from startup_stm32f746xx.o(RESET)
 <LI><a href="#[8c]">SPDIF_RX_IRQHandler</a> from startup_stm32f746xx.o(.text) referenced from startup_stm32f746xx.o(RESET)
 <LI><a href="#[4f]">SPI1_IRQHandler</a> from startup_stm32f746xx.o(.text) referenced from startup_stm32f746xx.o(RESET)
 <LI><a href="#[50]">SPI2_IRQHandler</a> from startup_stm32f746xx.o(.text) referenced from startup_stm32f746xx.o(RESET)
 <LI><a href="#[5f]">SPI3_IRQHandler</a> from startup_stm32f746xx.o(.text) referenced from startup_stm32f746xx.o(RESET)
 <LI><a href="#[7f]">SPI4_IRQHandler</a> from startup_stm32f746xx.o(.text) referenced from startup_stm32f746xx.o(RESET)
 <LI><a href="#[80]">SPI5_IRQHandler</a> from startup_stm32f746xx.o(.text) referenced from startup_stm32f746xx.o(RESET)
 <LI><a href="#[81]">SPI6_IRQHandler</a> from startup_stm32f746xx.o(.text) referenced from startup_stm32f746xx.o(RESET)
 <LI><a href="#[28]">SVC_Handler</a> from hal_cm4.o(.emb_text) referenced from startup_stm32f746xx.o(RESET)
 <LI><a href="#[112]">SendFrame</a> from emac_stm32f7xx.o(i.SendFrame) referenced from emac_stm32f7xx.o(.constdata)
 <LI><a href="#[111]">SetAddressFilter</a> from emac_stm32f7xx.o(i.SetAddressFilter) referenced from emac_stm32f7xx.o(.constdata)
 <LI><a href="#[106]">SetInterface</a> from phy_lan8742a.o(i.SetInterface) referenced from phy_lan8742a.o(.constdata)
 <LI><a href="#[110]">SetMacAddress</a> from emac_stm32f7xx.o(i.SetMacAddress) referenced from emac_stm32f7xx.o(.constdata)
 <LI><a href="#[107]">SetMode</a> from phy_lan8742a.o(i.SetMode) referenced from phy_lan8742a.o(.constdata)
 <LI><a href="#[2b]">SysTick_Handler</a> from hal_cm4.o(.emb_text) referenced from startup_stm32f746xx.o(RESET)
 <LI><a href="#[8f]">SystemInit</a> from system_stm32f7xx.o(i.SystemInit) referenced from startup_stm32f746xx.o(.text)
 <LI><a href="#[2e]">TAMP_STAMP_IRQHandler</a> from startup_stm32f746xx.o(.text) referenced from startup_stm32f746xx.o(RESET)
 <LI><a href="#[44]">TIM1_BRK_TIM9_IRQHandler</a> from startup_stm32f746xx.o(.text) referenced from startup_stm32f746xx.o(RESET)
 <LI><a href="#[47]">TIM1_CC_IRQHandler</a> from startup_stm32f746xx.o(.text) referenced from startup_stm32f746xx.o(RESET)
 <LI><a href="#[46]">TIM1_TRG_COM_TIM11_IRQHandler</a> from startup_stm32f746xx.o(.text) referenced from startup_stm32f746xx.o(RESET)
 <LI><a href="#[45]">TIM1_UP_TIM10_IRQHandler</a> from startup_stm32f746xx.o(.text) referenced from startup_stm32f746xx.o(RESET)
 <LI><a href="#[48]">TIM2_IRQHandler</a> from startup_stm32f746xx.o(.text) referenced from startup_stm32f746xx.o(RESET)
 <LI><a href="#[49]">TIM3_IRQHandler</a> from startup_stm32f746xx.o(.text) referenced from startup_stm32f746xx.o(RESET)
 <LI><a href="#[4a]">TIM4_IRQHandler</a> from startup_stm32f746xx.o(.text) referenced from startup_stm32f746xx.o(RESET)
 <LI><a href="#[5e]">TIM5_IRQHandler</a> from startup_stm32f746xx.o(.text) referenced from startup_stm32f746xx.o(RESET)
 <LI><a href="#[62]">TIM6_DAC_IRQHandler</a> from startup_stm32f746xx.o(.text) referenced from startup_stm32f746xx.o(RESET)
 <LI><a href="#[63]">TIM7_IRQHandler</a> from startup_stm32f746xx.o(.text) referenced from startup_stm32f746xx.o(RESET)
 <LI><a href="#[57]">TIM8_BRK_TIM12_IRQHandler</a> from startup_stm32f746xx.o(.text) referenced from startup_stm32f746xx.o(RESET)
 <LI><a href="#[5a]">TIM8_CC_IRQHandler</a> from startup_stm32f746xx.o(.text) referenced from startup_stm32f746xx.o(RESET)
 <LI><a href="#[59]">TIM8_TRG_COM_TIM14_IRQHandler</a> from startup_stm32f746xx.o(.text) referenced from startup_stm32f746xx.o(RESET)
 <LI><a href="#[58]">TIM8_UP_TIM13_IRQHandler</a> from startup_stm32f746xx.o(.text) referenced from startup_stm32f746xx.o(RESET)
 <LI><a href="#[60]">UART4_IRQHandler</a> from startup_stm32f746xx.o(.text) referenced from startup_stm32f746xx.o(RESET)
 <LI><a href="#[61]">UART5_IRQHandler</a> from startup_stm32f746xx.o(.text) referenced from startup_stm32f746xx.o(RESET)
 <LI><a href="#[7d]">UART7_IRQHandler</a> from startup_stm32f746xx.o(.text) referenced from startup_stm32f746xx.o(RESET)
 <LI><a href="#[7e]">UART8_IRQHandler</a> from startup_stm32f746xx.o(.text) referenced from startup_stm32f746xx.o(RESET)
 <LI><a href="#[51]">USART1_IRQHandler</a> from startup_stm32f746xx.o(.text) referenced from startup_stm32f746xx.o(RESET)
 <LI><a href="#[52]">USART2_IRQHandler</a> from startup_stm32f746xx.o(.text) referenced from startup_stm32f746xx.o(RESET)
 <LI><a href="#[53]">USART3_IRQHandler</a> from startup_stm32f746xx.o(.text) referenced from startup_stm32f746xx.o(RESET)
 <LI><a href="#[73]">USART6_IRQHandler</a> from startup_stm32f746xx.o(.text) referenced from startup_stm32f746xx.o(RESET)
 <LI><a href="#[104]">Uninitialize</a> from phy_lan8742a.o(i.Uninitialize) referenced 2 times from phy_lan8742a.o(.constdata)
 <LI><a href="#[27]">UsageFault_Handler</a> from startup_stm32f746xx.o(.text) referenced from startup_stm32f746xx.o(RESET)
 <LI><a href="#[9e]">WM_HandlePID</a> from wm_touch.o(i.WM_HandlePID) referenced from gui_pid.o(i.GUI_PID_StoreState)
 <LI><a href="#[cc]">WM__Paint1</a> from wm.o(i.WM__Paint1) referenced from wm.o(i._Paint1)
 <LI><a href="#[2c]">WWDG_IRQHandler</a> from startup_stm32f746xx.o(.text) referenced from startup_stm32f746xx.o(RESET)
 <LI><a href="#[191]">_CalcSizeOfChar</a> from gui_uc_encodenone.o(i._CalcSizeOfChar) referenced from gui_uc_encodenone.o(.constdata)
 <LI><a href="#[15e]">_Color2IndexBulk</a> from guicc_m565.o(i._Color2IndexBulk) referenced 4 times from guicc_m565.o(.constdata)
 <LI><a href="#[142]">_Color2IndexBulk_1616I</a> from guicc_1616i.o(i._Color2IndexBulk_1616I) referenced from guicc_1616i.o(.constdata)
 <LI><a href="#[149]">_Color2IndexBulk_88666I</a> from guicc_88666i.o(i._Color2IndexBulk_88666I) referenced from guicc_88666i.o(.constdata)
 <LI><a href="#[14e]">_Color2IndexBulk_M1555I</a> from guicc_m1555i.o(i._Color2IndexBulk_M1555I) referenced from guicc_m1555i.o(.constdata)
 <LI><a href="#[a9]">_Color2IndexBulk_M1555I_DMA2D</a> from lcdconf.o(i._Color2IndexBulk_M1555I_DMA2D) referenced from lcdconf.o(i.LCD_X_Config)
 <LI><a href="#[153]">_Color2IndexBulk_M4444I</a> from guicc_m4444i.o(i._Color2IndexBulk_M4444I) referenced from guicc_m4444i.o(.constdata)
 <LI><a href="#[ab]">_Color2IndexBulk_M4444I_DMA2D</a> from lcdconf.o(i._Color2IndexBulk_M4444I_DMA2D) referenced from lcdconf.o(i.LCD_X_Config)
 <LI><a href="#[158]">_Color2IndexBulk_M8888I</a> from guicc_m8888i.o(i._Color2IndexBulk_M8888I) referenced from guicc_m8888i.o(.constdata)
 <LI><a href="#[af]">_Color2IndexBulk_M8888I_DMA2D</a> from lcdconf.o(i._Color2IndexBulk_M8888I_DMA2D) referenced from lcdconf.o(i.LCD_X_Config)
 <LI><a href="#[ad]">_Color2IndexBulk_M888_DMA2D</a> from lcdconf.o(i._Color2IndexBulk_M888_DMA2D) referenced from lcdconf.o(i.LCD_X_Config)
 <LI><a href="#[193]">_Color2Index_0</a> from guicc_0.o(i._Color2Index_0) referenced from guicc_0.o(.constdata)
 <LI><a href="#[d9]">_Color2Index_111</a> from guivnc_process.o(i._Color2Index_111) referenced from guivnc_process.o(i._ProcessVNC)
 <LI><a href="#[18c]">_Color2Index_16</a> from guicc_16.o(i._Color2Index_16) referenced from guicc_16.o(.constdata)
 <LI><a href="#[13f]">_Color2Index_1616I</a> from guicc_1616i.o(i._Color2Index_1616I) referenced from guicc_1616i.o(.constdata)
 <LI><a href="#[d7]">_Color2Index_222</a> from guivnc_process.o(i._Color2Index_222) referenced from guivnc_process.o(i._ProcessVNC)
 <LI><a href="#[d6]">_Color2Index_233</a> from guivnc_process.o(i._Color2Index_233) referenced from guivnc_process.o(i._ProcessVNC)
 <LI><a href="#[d4]">_Color2Index_565</a> from guivnc_process.o(i._Color2Index_565) referenced from guivnc_process.o(i._ProcessVNC)
 <LI><a href="#[146]">_Color2Index_88666I</a> from guicc_88666i.o(i._Color2Index_88666I) referenced from guicc_88666i.o(.constdata)
 <LI><a href="#[196]">_Color2Index_8888</a> from guicc_8888.o(i._Color2Index_8888) referenced from guicc_8888.o(.constdata)
 <LI><a href="#[da]">_Color2Index_M111</a> from guivnc_process.o(i._Color2Index_M111) referenced from guivnc_process.o(i._ProcessVNC)
 <LI><a href="#[14b]">_Color2Index_M1555I</a> from guicc_m1555i.o(i._Color2Index_M1555I) referenced from guicc_m1555i.o(.constdata)
 <LI><a href="#[d8]">_Color2Index_M222</a> from guivnc_process.o(i._Color2Index_M222) referenced from guivnc_process.o(i._ProcessVNC)
 <LI><a href="#[150]">_Color2Index_M4444I</a> from guicc_m4444i.o(i._Color2Index_M4444I) referenced from guicc_m4444i.o(.constdata)
 <LI><a href="#[15b]">_Color2Index_M565</a> from guicc_m565.o(i._Color2Index_M565) referenced from guicc_m565.o(.constdata)
 <LI><a href="#[d5]">_Color2Index_M565</a> from guivnc_process.o(i._Color2Index_M565) referenced from guivnc_process.o(i._ProcessVNC)
 <LI><a href="#[160]">_Color2Index_M888</a> from guicc_m888.o(i._Color2Index_M888) referenced from guicc_m888.o(.constdata)
 <LI><a href="#[19a]">_Color2Index_M8888</a> from guicc_m8888.o(i._Color2Index_M8888) referenced from guicc_m8888.o(.constdata)
 <LI><a href="#[155]">_Color2Index_M8888I</a> from guicc_m8888i.o(i._Color2Index_M8888I) referenced from guicc_m8888i.o(.constdata)
 <LI><a href="#[c6]">_CopyBuffer</a> from guidrv_lin_24.o(i._CopyBuffer) referenced from guidrv_lin_24.o(i._GetDevFunc)
 <LI><a href="#[1b]">_Create</a> from button_skin.o(i._Create) referenced 6 times from button_skin.o(.data)
 <LI><a href="#[b0]">_DMA_AlphaBlending</a> from lcdconf.o(i._DMA_AlphaBlending) referenced from lcdconf.o(i.LCD_X_Config)
 <LI><a href="#[b2]">_DMA_MixColors</a> from lcdconf.o(i._DMA_MixColors) referenced from lcdconf.o(i.LCD_X_Config)
 <LI><a href="#[168]">_DrawBitmap</a> from guidrv_lin_24.o(i._DrawBitmap) referenced 2 times from guidrv_lin_24.o(.constdata)
 <LI><a href="#[1b2]">_DrawDown</a> from widget_effect_simple.o(i._DrawDown) referenced from widget_effect_simple.o(.constdata)
 <LI><a href="#[1b3]">_DrawDownRect</a> from widget_effect_simple.o(i._DrawDownRect) referenced from widget_effect_simple.o(.constdata)
 <LI><a href="#[169]">_DrawHLine</a> from guidrv_lin_24.o(i._DrawHLine) referenced 2 times from guidrv_lin_24.o(.constdata)
 <LI><a href="#[1b0]">_DrawUp</a> from widget_effect_simple.o(i._DrawUp) referenced from widget_effect_simple.o(.constdata)
 <LI><a href="#[1b1]">_DrawUpRect</a> from widget_effect_simple.o(i._DrawUpRect) referenced from widget_effect_simple.o(.constdata)
 <LI><a href="#[16a]">_DrawVLine</a> from guidrv_lin_24.o(i._DrawVLine) referenced 2 times from guidrv_lin_24.o(.constdata)
 <LI><a href="#[192]">_Encode</a> from gui_uc_encodenone.o(i._Encode) referenced from gui_uc_encodenone.o(.constdata)
 <LI><a href="#[16b]">_FillRect</a> from guidrv_lin_24.o(i._FillRect) referenced 2 times from guidrv_lin_24.o(.constdata)
 <LI><a href="#[d1]">_Flush</a> from guivnc_process.o(i._Flush) referenced from guivnc_process.o(i._ProcessVNC)
 <LI><a href="#[1ae]">_GUI_USAGE_BM_Delete</a> from guidev_usagebm.o(i._GUI_USAGE_BM_Delete) referenced from guidev_usagebm.o(.constdata)
 <LI><a href="#[1e]">_GetBorderSize</a> from framewin_skin.o(i._GetBorderSize) referenced 2 times from framewin_skin.o(.data)
 <LI><a href="#[18f]">_GetCharCode</a> from gui_uc_encodenone.o(i._GetCharCode) referenced from gui_uc_encodenone.o(.constdata)
 <LI><a href="#[190]">_GetCharSize</a> from gui_uc_encodenone.o(i._GetCharSize) referenced from gui_uc_encodenone.o(.constdata)
 <LI><a href="#[172]">_GetDevData</a> from guidrv_lin_24.o(i._GetDevData) referenced 3 times from guidrv_lin_24.o(.constdata)
 <LI><a href="#[170]">_GetDevFunc</a> from guidrv_lin_24.o(i._GetDevFunc) referenced 3 times from guidrv_lin_24.o(.constdata)
 <LI><a href="#[171]">_GetDevProp</a> from guidrv_lin_24.o(i._GetDevProp) referenced 3 times from guidrv_lin_24.o(.constdata)
 <LI><a href="#[195]">_GetIndexMask_0</a> from guicc_0.o(i._GetIndexMask_0) referenced from guicc_0.o(.constdata)
 <LI><a href="#[18e]">_GetIndexMask_16</a> from guicc_16.o(i._GetIndexMask_16) referenced from guicc_16.o(.constdata)
 <LI><a href="#[141]">_GetIndexMask_1616I</a> from guicc_1616i.o(i._GetIndexMask_1616I) referenced from guicc_1616i.o(.constdata)
 <LI><a href="#[145]">_GetIndexMask_8666</a> from guicc_8666.o(i._GetIndexMask_8666) referenced from guicc_8666.o(.constdata)
 <LI><a href="#[148]">_GetIndexMask_88666I</a> from guicc_88666i.o(i._GetIndexMask_88666I) referenced from guicc_88666i.o(.constdata)
 <LI><a href="#[197]">_GetIndexMask_8888</a> from guicc_8888.o(i._GetIndexMask_8888) referenced from guicc_8888.o(.constdata)
 <LI><a href="#[14d]">_GetIndexMask_M1555I</a> from guicc_m1555i.o(i._GetIndexMask_M1555I) referenced from guicc_m1555i.o(.constdata)
 <LI><a href="#[152]">_GetIndexMask_M4444I</a> from guicc_m4444i.o(i._GetIndexMask_M4444I) referenced from guicc_m4444i.o(.constdata)
 <LI><a href="#[15d]">_GetIndexMask_M565</a> from guicc_m565.o(i._GetIndexMask_M565) referenced from guicc_m565.o(.constdata)
 <LI><a href="#[162]">_GetIndexMask_M888</a> from guicc_m888.o(i._GetIndexMask_M888) referenced from guicc_m888.o(.constdata)
 <LI><a href="#[19c]">_GetIndexMask_M8888</a> from guicc_m8888.o(i._GetIndexMask_M8888) referenced from guicc_m8888.o(.constdata)
 <LI><a href="#[157]">_GetIndexMask_M8888I</a> from guicc_m8888i.o(i._GetIndexMask_M8888I) referenced from guicc_m8888i.o(.constdata)
 <LI><a href="#[16c]">_GetPixelIndex</a> from guidrv_lin_24.o(i._GetPixelIndex) referenced 2 times from guidrv_lin_24.o(.constdata)
 <LI><a href="#[bd]">_GetPos</a> from guidrv_lin_24.o(i._GetPos) referenced from guidrv_lin_24.o(i._GetDevFunc)
 <LI><a href="#[173]">_GetRect</a> from guidrv_lin_24.o(i._GetRect) referenced 2 times from guidrv_lin_24.o(.constdata)
 <LI><a href="#[15f]">_Index2ColorBulk</a> from guicc_m565.o(i._Index2ColorBulk) referenced 4 times from guicc_m565.o(.constdata)
 <LI><a href="#[143]">_Index2ColorBulk_1616I</a> from guicc_1616i.o(i._Index2ColorBulk_1616I) referenced from guicc_1616i.o(.constdata)
 <LI><a href="#[14a]">_Index2ColorBulk_88666I</a> from guicc_88666i.o(i._Index2ColorBulk_88666I) referenced from guicc_88666i.o(.constdata)
 <LI><a href="#[14f]">_Index2ColorBulk_M1555I</a> from guicc_m1555i.o(i._Index2ColorBulk_M1555I) referenced from guicc_m1555i.o(.constdata)
 <LI><a href="#[a8]">_Index2ColorBulk_M1555I_DMA2D</a> from lcdconf.o(i._Index2ColorBulk_M1555I_DMA2D) referenced from lcdconf.o(i.LCD_X_Config)
 <LI><a href="#[154]">_Index2ColorBulk_M4444I</a> from guicc_m4444i.o(i._Index2ColorBulk_M4444I) referenced from guicc_m4444i.o(.constdata)
 <LI><a href="#[aa]">_Index2ColorBulk_M4444I_DMA2D</a> from lcdconf.o(i._Index2ColorBulk_M4444I_DMA2D) referenced from lcdconf.o(i.LCD_X_Config)
 <LI><a href="#[159]">_Index2ColorBulk_M8888I</a> from guicc_m8888i.o(i._Index2ColorBulk_M8888I) referenced from guicc_m8888i.o(.constdata)
 <LI><a href="#[ae]">_Index2ColorBulk_M8888I_DMA2D</a> from lcdconf.o(i._Index2ColorBulk_M8888I_DMA2D) referenced from lcdconf.o(i.LCD_X_Config)
 <LI><a href="#[ac]">_Index2ColorBulk_M888_DMA2D</a> from lcdconf.o(i._Index2ColorBulk_M888_DMA2D) referenced from lcdconf.o(i.LCD_X_Config)
 <LI><a href="#[194]">_Index2Color_0</a> from guicc_0.o(i._Index2Color_0) referenced from guicc_0.o(.constdata)
 <LI><a href="#[18d]">_Index2Color_16</a> from guicc_16.o(i._Index2Color_16) referenced from guicc_16.o(.constdata)
 <LI><a href="#[140]">_Index2Color_1616I</a> from guicc_1616i.o(i._Index2Color_1616I) referenced from guicc_1616i.o(.constdata)
 <LI><a href="#[147]">_Index2Color_88666I</a> from guicc_88666i.o(i._Index2Color_88666I) referenced from guicc_88666i.o(.constdata)
 <LI><a href="#[14c]">_Index2Color_M1555I</a> from guicc_m1555i.o(i._Index2Color_M1555I) referenced from guicc_m1555i.o(.constdata)
 <LI><a href="#[151]">_Index2Color_M4444I</a> from guicc_m4444i.o(i._Index2Color_M4444I) referenced from guicc_m4444i.o(.constdata)
 <LI><a href="#[19b]">_Index2Color_M8888</a> from guicc_m8888.o(i._Index2Color_M8888) referenced from guicc_m8888.o(.constdata)
 <LI><a href="#[c0]">_Init</a> from guidrv_lin_24.o(i._Init) referenced from guidrv_lin_24.o(i._GetDevFunc)
 <LI><a href="#[a3]">_LCD_CopyBuffer</a> from lcdconf.o(i._LCD_CopyBuffer) referenced from lcdconf.o(i.LCD_X_Config)
 <LI><a href="#[a4]">_LCD_CopyRect</a> from lcdconf.o(i._LCD_CopyRect) referenced from lcdconf.o(i.LCD_X_Config)
 <LI><a href="#[a7]">_LCD_DrawBitmap16bpp</a> from lcdconf.o(i._LCD_DrawBitmap16bpp) referenced from lcdconf.o(i.LCD_X_Config)
 <LI><a href="#[a6]">_LCD_DrawBitmap8bpp</a> from lcdconf.o(i._LCD_DrawBitmap8bpp) referenced from lcdconf.o(i.LCD_X_Config)
 <LI><a href="#[a5]">_LCD_FillRect</a> from lcdconf.o(i._LCD_FillRect) referenced from lcdconf.o(i.LCD_X_Config)
 <LI><a href="#[a5]">_LCD_FillRect</a> from lcdconf.o(i._LCD_FillRect) referenced from lcdconf.o(i._LCD_FillRect)
 <LI><a href="#[b1]">_LCD_GetpPalConvTable</a> from lcdconf.o(i._LCD_GetpPalConvTable) referenced from lcdconf.o(i.LCD_X_Config)
 <LI><a href="#[b3]">_LCD_MixColorsBulk</a> from lcdconf.o(i._LCD_MixColorsBulk) referenced from lcdconf.o(i.LCD_X_Config)
 <LI><a href="#[18]">_Log2VisBuffered</a> from gui_charline.o(i._Log2VisBuffered) referenced 2 times from gui_charline.o(.data)
 <LI><a href="#[c2]">_Off</a> from guidrv_lin_24.o(i._Off) referenced from guidrv_lin_24.o(i._GetDevFunc)
 <LI><a href="#[c1]">_On</a> from guidrv_lin_24.o(i._On) referenced from guidrv_lin_24.o(i._GetDevFunc)
 <LI><a href="#[9b]">_OnExit</a> from gui_task.o(i._OnExit) referenced from gui_task.o(i.GUITASK_Init)
 <LI><a href="#[9d]">_OnExit</a> from gui_pid.o(i._OnExit) referenced from gui_pid.o(i.GUI_PID_StoreState)
 <LI><a href="#[9f]">_OnExit</a> from gui_core.o(i._OnExit) referenced from gui_core.o(i.GUI__Config)
 <LI><a href="#[a1]">_OnExit</a> from gui__alpha.o(i._OnExit) referenced from gui__alpha.o(i.GUI__GetAlphaBuffer)
 <LI><a href="#[a2]">_OnExit</a> from lcd_color.o(i._OnExit) referenced from lcd_color.o(i.LCD_InitColors)
 <LI><a href="#[b5]">_OnExit</a> from wm.o(i._OnExit) referenced from wm.o(i.WM_Init)
 <LI><a href="#[10]">_OnTouchDefault</a> from button.o(i._OnTouchDefault) referenced 2 times from button.o(.data)
 <LI><a href="#[1a]">_Paint</a> from button_skin.o(i._Paint) referenced 6 times from button_skin.o(.data)
 <LI><a href="#[d2]">_Read</a> from guivnc_process.o(i._Read) referenced from guivnc_process.o(i._ProcessVNC)
 <LI><a href="#[c9]">_ReadRect</a> from guivnc_process.o(i._ReadRect) referenced from guivnc_process.o(i._GetDevFunc)
 <LI><a href="#[db]">_Recv</a> from gui_vnc_x_keil.o(i._Recv) referenced from gui_vnc_x_keil.o(i._ServerTask)
 <LI><a href="#[dc]">_Send</a> from gui_vnc_x_keil.o(i._Send) referenced from gui_vnc_x_keil.o(i._ServerTask)
 <LI><a href="#[11d]">_ServerTask</a> from gui_vnc_x_keil.o(i._ServerTask) referenced from gui_vnc_x_keil.o(.constdata)
 <LI><a href="#[be]">_SetAlpha</a> from guidrv_lin_24.o(i._SetAlpha) referenced from guidrv_lin_24.o(i._GetDevFunc)
 <LI><a href="#[c3]">_SetAlphaMode</a> from guidrv_lin_24.o(i._SetAlphaMode) referenced from guidrv_lin_24.o(i._GetDevFunc)
 <LI><a href="#[166]">_SetBkColor</a> from lcd.o(i._SetBkColor) referenced from lcd.o(.constdata)
 <LI><a href="#[c5]">_SetChroma</a> from guidrv_lin_24.o(i._SetChroma) referenced from guidrv_lin_24.o(i._GetDevFunc)
 <LI><a href="#[c4]">_SetChromaMode</a> from guidrv_lin_24.o(i._SetChromaMode) referenced from guidrv_lin_24.o(i._GetDevFunc)
 <LI><a href="#[165]">_SetColor</a> from lcd.o(i._SetColor) referenced from lcd.o(.constdata)
 <LI><a href="#[c8]">_SetDevFunc</a> from guidrv_lin_24.o(i._SetDevFunc) referenced from guidrv_lin_24.o(i._GetDevFunc)
 <LI><a href="#[167]">_SetDrawMode</a> from lcd.o(i._SetDrawMode) referenced from lcd.o(.constdata)
 <LI><a href="#[16f]">_SetOrg</a> from guidrv_lin_24.o(i._SetOrg) referenced 2 times from guidrv_lin_24.o(.constdata)
 <LI><a href="#[16d]">_SetPixelIndex</a> from guidrv_lin_24.o(i._SetPixelIndex) referenced 2 times from guidrv_lin_24.o(.constdata)
 <LI><a href="#[bc]">_SetPos</a> from guidrv_lin_24.o(i._SetPos) referenced from guidrv_lin_24.o(i._GetDevFunc)
 <LI><a href="#[bb]">_SetSize</a> from guidrv_lin_24.o(i._SetSize) referenced from guidrv_lin_24.o(i._GetDevFunc)
 <LI><a href="#[b8]">_SetVRAMAddr</a> from guidrv_lin_24.o(i._SetVRAMAddr) referenced from guidrv_lin_24.o(i._GetDevFunc)
 <LI><a href="#[b9]">_SetVRAM_BufferPTR</a> from guidrv_lin_24.o(i._SetVRAM_BufferPTR) referenced from guidrv_lin_24.o(i._GetDevFunc)
 <LI><a href="#[ba]">_SetVSize</a> from guidrv_lin_24.o(i._SetVSize) referenced from guidrv_lin_24.o(i._GetDevFunc)
 <LI><a href="#[bf]">_SetVis</a> from guidrv_lin_24.o(i._SetVis) referenced from guidrv_lin_24.o(i._GetDevFunc)
 <LI><a href="#[c7]">_ShowBuffer</a> from guidrv_lin_24.o(i._ShowBuffer) referenced from guidrv_lin_24.o(i._GetDevFunc)
 <LI><a href="#[d0]">_StoreData</a> from guivnc_process.o(i._StoreData) referenced from guivnc_process.o(i._ProcessVNC)
 <LI><a href="#[ce]">_StoreU16</a> from guivnc_process.o(i._StoreU16) referenced from guivnc_process.o(i._ProcessVNC)
 <LI><a href="#[cf]">_StoreU32</a> from guivnc_process.o(i._StoreU32) referenced from guivnc_process.o(i._ProcessVNC)
 <LI><a href="#[cd]">_StoreU8</a> from guivnc_process.o(i._StoreU8) referenced from guivnc_process.o(i._ProcessVNC)
 <LI><a href="#[180]">_VNC_DrawBitmap</a> from guivnc_process.o(i._VNC_DrawBitmap) referenced from guivnc_process.o(.constdata)
 <LI><a href="#[181]">_VNC_DrawHLine</a> from guivnc_process.o(i._VNC_DrawHLine) referenced from guivnc_process.o(.constdata)
 <LI><a href="#[182]">_VNC_DrawVLine</a> from guivnc_process.o(i._VNC_DrawVLine) referenced from guivnc_process.o(.constdata)
 <LI><a href="#[183]">_VNC_FillRect</a> from guivnc_process.o(i._VNC_FillRect) referenced from guivnc_process.o(.constdata)
 <LI><a href="#[184]">_VNC_GetPixelIndex</a> from guivnc_process.o(i._VNC_GetPixelIndex) referenced from guivnc_process.o(.constdata)
 <LI><a href="#[18b]">_VNC_GetRect</a> from guivnc_process.o(i._VNC_GetRect) referenced from guivnc_process.o(.constdata)
 <LI><a href="#[187]">_VNC_SetOrg</a> from guivnc_process.o(i._VNC_SetOrg) referenced from guivnc_process.o(.constdata)
 <LI><a href="#[185]">_VNC_SetPixelIndex</a> from guivnc_process.o(i._VNC_SetPixelIndex) referenced from guivnc_process.o(.constdata)
 <LI><a href="#[186]">_VNC_XorPixel</a> from guivnc_process.o(i._VNC_XorPixel) referenced from guivnc_process.o(.constdata)
 <LI><a href="#[16e]">_XorPixel</a> from guidrv_lin_24.o(i._XorPixel) referenced 2 times from guidrv_lin_24.o(.constdata)
 <LI><a href="#[1b4]">__main</a> from __main.o(!!!main) referenced from startup_stm32f746xx.o(.text)
 <LI><a href="#[b4]">_cbBackWin</a> from wm.o(i._cbBackWin) referenced from wm.o(i.WM_Init)
 <LI><a href="#[98]">_cbDialog</a> from boxdlg.o(i._cbDialog) referenced from boxdlg.o(i.Createbox)
 <LI><a href="#[b7]">_cbInvalidateOne</a> from wm_bringtotop.o(i._cbInvalidateOne) referenced from wm_bringtotop.o(i._BringToTop)
 <LI><a href="#[b6]">_cbPaintMemDev</a> from wm.o(i._cbPaintMemDev) referenced from wm.o(i.WM__Paint)
 <LI><a href="#[95]">_get_lc_ctype</a> from lc_ctype_c.o(locale$$code) referenced from rt_ctype_table.o(.text)
 <LI><a href="#[92]">_sbackspace</a> from _sgetc.o(.text) referenced from __0sscanf.o(.text)
 <LI><a href="#[93]">_scanf_char_input</a> from scanf_char.o(.text) referenced from scanf_char.o(.text)
 <LI><a href="#[91]">_sgetc</a> from _sgetc.o(.text) referenced from __0sscanf.o(.text)
 <LI><a href="#[df]">bsd_cb_tcp</a> from net_bsd.o(i.bsd_cb_tcp) referenced from net_bsd.o(i.listen)
 <LI><a href="#[df]">bsd_cb_tcp</a> from net_bsd.o(i.bsd_cb_tcp) referenced from net_bsd.o(i.socket)
 <LI><a href="#[fa]">bsd_cb_udp</a> from net_bsd.o(i.bsd_cb_udp) referenced from net_bsd.o(i.socket)
 <LI><a href="#[e0]">dhcp6_listener</a> from net_dhcp6_client.o(i.dhcp6_listener) referenced from net_dhcp6_client.o(i.net_dhcp6_client_init)
 <LI><a href="#[e1]">dhcp_listener</a> from net_dhcp_client.o(i.dhcp_listener) referenced from net_dhcp_client.o(i.net_dhcp_client_init)
 <LI><a href="#[e2]">eth_notify</a> from net_eth.o(i.eth_notify) referenced from net_eth.o(i.net_eth_iface_init)
 <LI><a href="#[3]">ft5336_Init</a> from ft5336.o(i.ft5336_Init) referenced 2 times from ft5336.o(.data)
 <LI><a href="#[4]">ft5336_ReadID</a> from ft5336.o(i.ft5336_ReadID) referenced 2 times from ft5336.o(.data)
 <LI><a href="#[5]">ft5336_Reset</a> from ft5336.o(i.ft5336_Reset) referenced 2 times from ft5336.o(.data)
 <LI><a href="#[a]">ft5336_TS_ClearIT</a> from ft5336.o(i.ft5336_TS_ClearIT) referenced 2 times from ft5336.o(.data)
 <LI><a href="#[7]">ft5336_TS_DetectTouch</a> from ft5336.o(i.ft5336_TS_DetectTouch) referenced 2 times from ft5336.o(.data)
 <LI><a href="#[c]">ft5336_TS_DisableIT</a> from ft5336.o(i.ft5336_TS_DisableIT) referenced 2 times from ft5336.o(.data)
 <LI><a href="#[9]">ft5336_TS_EnableIT</a> from ft5336.o(i.ft5336_TS_EnableIT) referenced 2 times from ft5336.o(.data)
 <LI><a href="#[8]">ft5336_TS_GetXY</a> from ft5336.o(i.ft5336_TS_GetXY) referenced 2 times from ft5336.o(.data)
 <LI><a href="#[b]">ft5336_TS_ITStatus</a> from ft5336.o(i.ft5336_TS_ITStatus) referenced 2 times from ft5336.o(.data)
 <LI><a href="#[6]">ft5336_TS_Start</a> from ft5336.o(i.ft5336_TS_Start) referenced 2 times from ft5336.o(.data)
 <LI><a href="#[94]">isspace</a> from isspace.o(.text) referenced from scanf_char.o(.text)
 <LI><a href="#[101]">main</a> from main.o(i.main) referenced from rtx_conf_cm.o(.constdata)
 <LI><a href="#[17]">memcpy</a> from memcpy.o(.text) referenced 2 times from gui__private.o(.data)
 <LI><a href="#[16]">memset</a> from memset.o(.text) referenced 2 times from gui__private.o(.data)
 <LI><a href="#[e3]">nbns_listener</a> from net_nbns_client.o(i.nbns_listener) referenced from net_nbns_client.o(i.net_nbns_client_init)
 <LI><a href="#[11f]">netCore_Thread</a> from net_sys.o(i.netCore_Thread) referenced from net_config.o(.constdata)
 <LI><a href="#[120]">netETH_Thread</a> from net_eth.o(i.netETH_Thread) referenced from net_config.o(.constdata)
 <LI><a href="#[12e]">net_bsd_socket_init</a> from net_bsd.o(i.net_bsd_socket_init) referenced from net_config.o(.constdata)
 <LI><a href="#[12f]">net_bsd_socket_run</a> from net_bsd.o(i.net_bsd_socket_run) referenced from net_config.o(.constdata)
 <LI><a href="#[13b]">net_bsd_socket_uninit</a> from net_bsd.o(i.net_bsd_socket_uninit) referenced from net_config.o(.constdata)
 <LI><a href="#[133]">net_dhcp6_client_init</a> from net_dhcp6_client.o(i.net_dhcp6_client_init) referenced from net_config.o(.constdata)
 <LI><a href="#[134]">net_dhcp6_client_run</a> from net_dhcp6_client.o(i.net_dhcp6_client_run) referenced from net_config.o(.constdata)
 <LI><a href="#[13e]">net_dhcp6_client_uninit</a> from net_dhcp6_client.o(i.net_dhcp6_client_uninit) referenced from net_config.o(.constdata)
 <LI><a href="#[131]">net_dhcp_client_init</a> from net_dhcp_client.o(i.net_dhcp_client_init) referenced from net_config.o(.constdata)
 <LI><a href="#[132]">net_dhcp_client_run</a> from net_dhcp_client.o(i.net_dhcp_client_run) referenced from net_config.o(.constdata)
 <LI><a href="#[13d]">net_dhcp_client_uninit</a> from net_dhcp_client.o(i.net_dhcp_client_uninit) referenced from net_config.o(.constdata)
 <LI><a href="#[121]">net_eth_get_option</a> from net_eth.o(i.net_eth_get_option) referenced from net_config.o(.constdata)
 <LI><a href="#[123]">net_eth_iface_init</a> from net_eth.o(i.net_eth_iface_init) referenced from net_config.o(.constdata)
 <LI><a href="#[124]">net_eth_iface_run</a> from net_eth.o(i.net_eth_iface_run) referenced from net_config.o(.constdata)
 <LI><a href="#[135]">net_eth_iface_uninit</a> from net_eth.o(i.net_eth_iface_uninit) referenced from net_config.o(.constdata)
 <LI><a href="#[122]">net_eth_set_option</a> from net_eth.o(i.net_eth_set_option) referenced from net_config.o(.constdata)
 <LI><a href="#[127]">net_ip4_frag_init</a> from net_ip4_frag.o(i.net_ip4_frag_init) referenced from net_config.o(.constdata)
 <LI><a href="#[128]">net_ip4_frag_run</a> from net_ip4_frag.o(i.net_ip4_frag_run) referenced from net_config.o(.constdata)
 <LI><a href="#[137]">net_ip4_frag_uninit</a> from net_ip4_frag.o(i.net_ip4_frag_uninit) referenced from net_config.o(.constdata)
 <LI><a href="#[125]">net_loop_iface_init</a> from net_loopback.o(i.net_loop_iface_init) referenced from net_config.o(.constdata)
 <LI><a href="#[126]">net_loop_iface_run</a> from net_loopback.o(i.net_loop_iface_run) referenced from net_config.o(.constdata)
 <LI><a href="#[136]">net_loop_iface_uninit</a> from net_loopback.o(i.net_loop_iface_uninit) referenced from net_config.o(.constdata)
 <LI><a href="#[130]">net_nbns_client_init</a> from net_nbns_client.o(i.net_nbns_client_init) referenced from net_config.o(.constdata)
 <LI><a href="#[13c]">net_nbns_client_uninit</a> from net_nbns_client.o(i.net_nbns_client_uninit) referenced from net_config.o(.constdata)
 <LI><a href="#[129]">net_ping_client_init</a> from net_ping_core.o(i.net_ping_client_init) referenced from net_config.o(.constdata)
 <LI><a href="#[12a]">net_ping_client_run</a> from net_ping_core.o(i.net_ping_client_run) referenced from net_config.o(.constdata)
 <LI><a href="#[138]">net_ping_client_uninit</a> from net_ping_core.o(i.net_ping_client_uninit) referenced from net_config.o(.constdata)
 <LI><a href="#[11e]">net_sys_tick</a> from net_sys.o(i.net_sys_tick) referenced from net_config.o(.constdata)
 <LI><a href="#[12c]">net_tcp_socket_init</a> from net_tcp.o(i.net_tcp_socket_init) referenced from net_config.o(.constdata)
 <LI><a href="#[12d]">net_tcp_socket_run</a> from net_tcp.o(i.net_tcp_socket_run) referenced from net_config.o(.constdata)
 <LI><a href="#[13a]">net_tcp_socket_uninit</a> from net_tcp.o(i.net_tcp_socket_uninit) referenced from net_config.o(.constdata)
 <LI><a href="#[12b]">net_udp_socket_init</a> from net_udp.o(i.net_udp_socket_init) referenced from net_config.o(.constdata)
 <LI><a href="#[139]">net_udp_socket_uninit</a> from net_udp.o(i.net_udp_socket_uninit) referenced from net_config.o(.constdata)
 <LI><a href="#[fb]">osThreadExit</a> from rt_cmsis.o(i.osThreadExit) referenced from rt_cmsis.o(i.svcThreadCreate)
 <LI><a href="#[100]">osTimerThread</a> from rt_cmsis.o(i.osTimerThread) referenced from rtx_conf_cm.o(.constdata)
 <LI><a href="#[f9]">os_idle_demon</a> from rtx_conf_cm.o(i.os_idle_demon) referenced from rt_task.o(i.rt_sys_init)
 <LI><a href="#[8d]">rt_alloc_box</a> from rt_membox.o(i.rt_alloc_box) referenced from hal_cm4.o(.emb_text)
 <LI><a href="#[8e]">rt_free_box</a> from rt_membox.o(i.rt_free_box) referenced from hal_cm4.o(.emb_text)
 <LI><a href="#[de]">rt_mut_release</a> from rt_mutex.o(i.rt_mut_release) referenced from rtx_conf_cm.o(i._mutex_release)
 <LI><a href="#[dd]">rt_mut_wait</a> from rt_mutex.o(i.rt_mut_wait) referenced from rtx_conf_cm.o(i._mutex_acquire)
 <LI><a href="#[e4]">svcDelay</a> from rt_cmsis.o(i.svcDelay) referenced from rt_cmsis.o(i.osDelay)
 <LI><a href="#[e5]">svcKernelInitialize</a> from rt_cmsis.o(i.svcKernelInitialize) referenced from rt_cmsis.o(i.osKernelInitialize)
 <LI><a href="#[e6]">svcKernelStart</a> from rt_cmsis.o(i.svcKernelStart) referenced from rt_cmsis.o(i.osKernelStart)
 <LI><a href="#[e7]">svcMessageGet</a> from rt_cmsis.o(i.svcMessageGet) referenced from rt_cmsis.o(i.osMessageGet)
 <LI><a href="#[e8]">svcMutexCreate</a> from rt_cmsis.o(i.svcMutexCreate) referenced from rt_cmsis.o(i.osMutexCreate)
 <LI><a href="#[e9]">svcMutexRelease</a> from rt_cmsis.o(i.svcMutexRelease) referenced from rt_cmsis.o(i.osMutexRelease)
 <LI><a href="#[ea]">svcMutexWait</a> from rt_cmsis.o(i.svcMutexWait) referenced from rt_cmsis.o(i.osMutexWait)
 <LI><a href="#[eb]">svcSemaphoreCreate</a> from rt_cmsis.o(i.svcSemaphoreCreate) referenced from rt_cmsis.o(i.osSemaphoreCreate)
 <LI><a href="#[ec]">svcSemaphoreDelete</a> from rt_cmsis.o(i.svcSemaphoreDelete) referenced from rt_cmsis.o(i.osSemaphoreDelete)
 <LI><a href="#[ed]">svcSemaphoreRelease</a> from rt_cmsis.o(i.svcSemaphoreRelease) referenced from rt_cmsis.o(i.osSemaphoreRelease)
 <LI><a href="#[ee]">svcSemaphoreWait</a> from rt_cmsis.o(i.svcSemaphoreWait) referenced from rt_cmsis.o(i.osSemaphoreWait)
 <LI><a href="#[ef]">svcSignalClear</a> from rt_cmsis.o(i.svcSignalClear) referenced from rt_cmsis.o(i.osSignalClear)
 <LI><a href="#[f0]">svcSignalSet</a> from rt_cmsis.o(i.svcSignalSet) referenced from rt_cmsis.o(i.osSignalSet)
 <LI><a href="#[f1]">svcSignalWait</a> from rt_cmsis.o(i.svcSignalWait) referenced from rt_cmsis.o(i.osSignalWait)
 <LI><a href="#[f2]">svcThreadCreate</a> from rt_cmsis.o(i.svcThreadCreate) referenced from rt_cmsis.o(i.osThreadCreate)
 <LI><a href="#[f3]">svcThreadGetId</a> from rt_cmsis.o(i.svcThreadGetId) referenced from rt_cmsis.o(i.osThreadExit)
 <LI><a href="#[f3]">svcThreadGetId</a> from rt_cmsis.o(i.svcThreadGetId) referenced from rt_cmsis.o(i.osThreadGetId)
 <LI><a href="#[f4]">svcThreadTerminate</a> from rt_cmsis.o(i.svcThreadTerminate) referenced from rt_cmsis.o(i.osThreadExit)
 <LI><a href="#[f4]">svcThreadTerminate</a> from rt_cmsis.o(i.svcThreadTerminate) referenced from rt_cmsis.o(i.osThreadTerminate)
 <LI><a href="#[f5]">svcThreadYield</a> from rt_cmsis.o(i.svcThreadYield) referenced from rt_cmsis.o(i.osThreadYield)
 <LI><a href="#[f6]">svcTimerCall</a> from rt_cmsis.o(i.svcTimerCall) referenced from rt_cmsis.o(i.osTimerCall)
 <LI><a href="#[f7]">svcTimerCreate</a> from rt_cmsis.o(i.svcTimerCreate) referenced from rt_cmsis.o(i.osTimerCreate)
 <LI><a href="#[f8]">svcTimerStart</a> from rt_cmsis.o(i.svcTimerStart) referenced from rt_cmsis.o(i.osTimerStart)
</UL>
<P>
<H3>
Global Symbols
</H3>
<P><STRONG><a name="[1b4]"></a>__main</STRONG> (Thumb, 8 bytes, Stack size 0 bytes, __main.o(!!!main))
<BR><BR>[Calls]<UL><LI><a href="#[1b7]">&gt;&gt;</a>&nbsp;&nbsp;&nbsp;__scatterload
<LI><a href="#[1b8]">&gt;&gt;</a>&nbsp;&nbsp;&nbsp;__rt_entry
</UL>

<P><STRONG><a name="[1b7]"></a>__scatterload</STRONG> (Thumb, 0 bytes, Stack size unknown bytes, __scatter.o(!!!scatter))
<BR><BR>[Called By]<UL><LI><a href="#[1b4]">&gt;&gt;</a>&nbsp;&nbsp;&nbsp;__main
</UL>

<P><STRONG><a name="[1b9]"></a>__scatterload_rt2</STRONG> (Thumb, 44 bytes, Stack size unknown bytes, __scatter.o(!!!scatter), UNUSED)
<BR><BR>[Calls]<UL><LI><a href="#[1b8]">&gt;&gt;</a>&nbsp;&nbsp;&nbsp;__rt_entry
</UL>

<P><STRONG><a name="[56f]"></a>__scatterload_rt2_thumb_only</STRONG> (Thumb, 0 bytes, Stack size unknown bytes, __scatter.o(!!!scatter), UNUSED)

<P><STRONG><a name="[570]"></a>__scatterload_null</STRONG> (Thumb, 0 bytes, Stack size unknown bytes, __scatter.o(!!!scatter), UNUSED)

<P><STRONG><a name="[571]"></a>__decompress</STRONG> (Thumb, 90 bytes, Stack size unknown bytes, __dczerorl2.o(!!dczerorl2), UNUSED)

<P><STRONG><a name="[572]"></a>__decompress1</STRONG> (Thumb, 0 bytes, Stack size unknown bytes, __dczerorl2.o(!!dczerorl2), UNUSED)

<P><STRONG><a name="[573]"></a>__scatterload_zeroinit</STRONG> (Thumb, 28 bytes, Stack size unknown bytes, __scatter_zi.o(!!handler_zi), UNUSED)

<P><STRONG><a name="[1c2]"></a>__rt_lib_init</STRONG> (Thumb, 0 bytes, Stack size unknown bytes, libinit.o(.ARM.Collect$$libinit$$00000000))
<BR><BR>[Called By]<UL><LI><a href="#[1c1]">&gt;&gt;</a>&nbsp;&nbsp;&nbsp;__rt_entry_li
</UL>

<P><STRONG><a name="[1ba]"></a>__rt_lib_init_fp_1</STRONG> (Thumb, 0 bytes, Stack size unknown bytes, libinit2.o(.ARM.Collect$$libinit$$00000001))
<BR><BR>[Calls]<UL><LI><a href="#[1bb]">&gt;&gt;</a>&nbsp;&nbsp;&nbsp;_fp_init
</UL>

<P><STRONG><a name="[574]"></a>__rt_lib_init_heap_1</STRONG> (Thumb, 0 bytes, Stack size unknown bytes, libinit2.o(.ARM.Collect$$libinit$$0000000A))

<P><STRONG><a name="[1bc]"></a>__rt_lib_init_lc_common</STRONG> (Thumb, 0 bytes, Stack size unknown bytes, libinit2.o(.ARM.Collect$$libinit$$0000000F))
<BR><BR>[Stack]<UL><LI>Max Depth = 8 + Unknown Stack Size
<LI>Call Chain = __rt_lib_init_lc_common &rArr; __rt_locale
</UL>
<BR>[Calls]<UL><LI><a href="#[1bd]">&gt;&gt;</a>&nbsp;&nbsp;&nbsp;__rt_locale
</UL>

<P><STRONG><a name="[575]"></a>__rt_lib_init_preinit_1</STRONG> (Thumb, 0 bytes, Stack size unknown bytes, libinit2.o(.ARM.Collect$$libinit$$00000004))

<P><STRONG><a name="[576]"></a>__rt_lib_init_rand_1</STRONG> (Thumb, 0 bytes, Stack size unknown bytes, libinit2.o(.ARM.Collect$$libinit$$0000000E))

<P><STRONG><a name="[577]"></a>__rt_lib_init_user_alloc_1</STRONG> (Thumb, 0 bytes, Stack size unknown bytes, libinit2.o(.ARM.Collect$$libinit$$0000000C))

<P><STRONG><a name="[578]"></a>__rt_lib_init_lc_collate_1</STRONG> (Thumb, 0 bytes, Stack size unknown bytes, libinit2.o(.ARM.Collect$$libinit$$00000011))

<P><STRONG><a name="[1be]"></a>__rt_lib_init_lc_ctype_2</STRONG> (Thumb, 0 bytes, Stack size unknown bytes, libinit2.o(.ARM.Collect$$libinit$$00000012))
<BR><BR>[Stack]<UL><LI>Max Depth = 8 + Unknown Stack Size
<LI>Call Chain = __rt_lib_init_lc_ctype_2 &rArr; _get_lc_ctype
</UL>
<BR>[Calls]<UL><LI><a href="#[95]">&gt;&gt;</a>&nbsp;&nbsp;&nbsp;_get_lc_ctype
</UL>

<P><STRONG><a name="[579]"></a>__rt_lib_init_alloca_1</STRONG> (Thumb, 0 bytes, Stack size unknown bytes, libinit2.o(.ARM.Collect$$libinit$$0000002E))

<P><STRONG><a name="[57a]"></a>__rt_lib_init_argv_1</STRONG> (Thumb, 0 bytes, Stack size unknown bytes, libinit2.o(.ARM.Collect$$libinit$$0000002C))

<P><STRONG><a name="[57b]"></a>__rt_lib_init_atexit_1</STRONG> (Thumb, 0 bytes, Stack size unknown bytes, libinit2.o(.ARM.Collect$$libinit$$0000001B))

<P><STRONG><a name="[57c]"></a>__rt_lib_init_clock_1</STRONG> (Thumb, 0 bytes, Stack size unknown bytes, libinit2.o(.ARM.Collect$$libinit$$00000021))

<P><STRONG><a name="[57d]"></a>__rt_lib_init_cpp_1</STRONG> (Thumb, 0 bytes, Stack size unknown bytes, libinit2.o(.ARM.Collect$$libinit$$00000032))

<P><STRONG><a name="[57e]"></a>__rt_lib_init_exceptions_1</STRONG> (Thumb, 0 bytes, Stack size unknown bytes, libinit2.o(.ARM.Collect$$libinit$$00000030))

<P><STRONG><a name="[57f]"></a>__rt_lib_init_fp_trap_1</STRONG> (Thumb, 0 bytes, Stack size unknown bytes, libinit2.o(.ARM.Collect$$libinit$$0000001F))

<P><STRONG><a name="[580]"></a>__rt_lib_init_getenv_1</STRONG> (Thumb, 0 bytes, Stack size unknown bytes, libinit2.o(.ARM.Collect$$libinit$$00000023))

<P><STRONG><a name="[581]"></a>__rt_lib_init_lc_ctype_1</STRONG> (Thumb, 0 bytes, Stack size unknown bytes, libinit2.o(.ARM.Collect$$libinit$$00000013))

<P><STRONG><a name="[582]"></a>__rt_lib_init_lc_monetary_1</STRONG> (Thumb, 0 bytes, Stack size unknown bytes, libinit2.o(.ARM.Collect$$libinit$$00000015))

<P><STRONG><a name="[583]"></a>__rt_lib_init_lc_numeric_1</STRONG> (Thumb, 0 bytes, Stack size unknown bytes, libinit2.o(.ARM.Collect$$libinit$$00000017))

<P><STRONG><a name="[584]"></a>__rt_lib_init_lc_time_1</STRONG> (Thumb, 0 bytes, Stack size unknown bytes, libinit2.o(.ARM.Collect$$libinit$$00000019))

<P><STRONG><a name="[585]"></a>__rt_lib_init_return</STRONG> (Thumb, 0 bytes, Stack size unknown bytes, libinit2.o(.ARM.Collect$$libinit$$00000033))

<P><STRONG><a name="[586]"></a>__rt_lib_init_signal_1</STRONG> (Thumb, 0 bytes, Stack size unknown bytes, libinit2.o(.ARM.Collect$$libinit$$0000001D))

<P><STRONG><a name="[587]"></a>__rt_lib_init_stdio_1</STRONG> (Thumb, 0 bytes, Stack size unknown bytes, libinit2.o(.ARM.Collect$$libinit$$00000025))

<P><STRONG><a name="[1c8]"></a>__rt_lib_shutdown</STRONG> (Thumb, 0 bytes, Stack size unknown bytes, libshutdown.o(.ARM.Collect$$libshutdown$$00000000))
<BR><BR>[Called By]<UL><LI><a href="#[1c7]">&gt;&gt;</a>&nbsp;&nbsp;&nbsp;__rt_exit_ls
</UL>

<P><STRONG><a name="[588]"></a>__rt_lib_shutdown_cpp_1</STRONG> (Thumb, 0 bytes, Stack size unknown bytes, libshutdown2.o(.ARM.Collect$$libshutdown$$00000002))

<P><STRONG><a name="[589]"></a>__rt_lib_shutdown_fp_trap_1</STRONG> (Thumb, 0 bytes, Stack size unknown bytes, libshutdown2.o(.ARM.Collect$$libshutdown$$00000007))

<P><STRONG><a name="[58a]"></a>__rt_lib_shutdown_heap_1</STRONG> (Thumb, 0 bytes, Stack size unknown bytes, libshutdown2.o(.ARM.Collect$$libshutdown$$0000000F))

<P><STRONG><a name="[58b]"></a>__rt_lib_shutdown_return</STRONG> (Thumb, 0 bytes, Stack size unknown bytes, libshutdown2.o(.ARM.Collect$$libshutdown$$00000010))

<P><STRONG><a name="[58c]"></a>__rt_lib_shutdown_signal_1</STRONG> (Thumb, 0 bytes, Stack size unknown bytes, libshutdown2.o(.ARM.Collect$$libshutdown$$0000000A))

<P><STRONG><a name="[58d]"></a>__rt_lib_shutdown_stdio_1</STRONG> (Thumb, 0 bytes, Stack size unknown bytes, libshutdown2.o(.ARM.Collect$$libshutdown$$00000004))

<P><STRONG><a name="[58e]"></a>__rt_lib_shutdown_user_alloc_1</STRONG> (Thumb, 0 bytes, Stack size unknown bytes, libshutdown2.o(.ARM.Collect$$libshutdown$$0000000C))

<P><STRONG><a name="[1b8]"></a>__rt_entry</STRONG> (Thumb, 0 bytes, Stack size unknown bytes, __rtentry.o(.ARM.Collect$$rtentry$$00000000))
<BR><BR>[Called By]<UL><LI><a href="#[1b9]">&gt;&gt;</a>&nbsp;&nbsp;&nbsp;__scatterload_rt2
<LI><a href="#[1b4]">&gt;&gt;</a>&nbsp;&nbsp;&nbsp;__main
</UL>

<P><STRONG><a name="[58f]"></a>__rt_entry_presh_1</STRONG> (Thumb, 0 bytes, Stack size unknown bytes, __rtentry2.o(.ARM.Collect$$rtentry$$00000002))

<P><STRONG><a name="[1bf]"></a>__rt_entry_sh</STRONG> (Thumb, 0 bytes, Stack size unknown bytes, __rtentry4.o(.ARM.Collect$$rtentry$$00000004))
<BR><BR>[Stack]<UL><LI>Max Depth = 8 + Unknown Stack Size
<LI>Call Chain = __rt_entry_sh &rArr; __user_setup_stackheap
</UL>
<BR>[Calls]<UL><LI><a href="#[1c0]">&gt;&gt;</a>&nbsp;&nbsp;&nbsp;__user_setup_stackheap
</UL>

<P><STRONG><a name="[1c1]"></a>__rt_entry_li</STRONG> (Thumb, 0 bytes, Stack size unknown bytes, __rtentry2.o(.ARM.Collect$$rtentry$$0000000A))
<BR><BR>[Calls]<UL><LI><a href="#[1c2]">&gt;&gt;</a>&nbsp;&nbsp;&nbsp;__rt_lib_init
</UL>

<P><STRONG><a name="[590]"></a>__rt_entry_postsh_1</STRONG> (Thumb, 0 bytes, Stack size unknown bytes, __rtentry2.o(.ARM.Collect$$rtentry$$00000009))

<P><STRONG><a name="[1c3]"></a>__rt_entry_postli_1</STRONG> (Thumb, 0 bytes, Stack size unknown bytes, __rtentry2.o(.ARM.Collect$$rtentry$$0000000B))
<BR><BR>[Stack]<UL><LI>Max Depth = 80 + Unknown Stack Size
<LI>Call Chain = __rt_entry_postli_1 &rArr; _platform_post_lib_init &rArr; osKernelInitialize &rArr; svcKernelInitialize &rArr; svcThreadCreate &rArr; rt_tsk_create &rArr; rt_init_context &rArr; rt_init_stack
</UL>
<BR>[Calls]<UL><LI><a href="#[1c4]">&gt;&gt;</a>&nbsp;&nbsp;&nbsp;_platform_post_lib_init
</UL>

<P><STRONG><a name="[1c5]"></a>__rt_entry_main</STRONG> (Thumb, 0 bytes, Stack size unknown bytes, __rtentry2.o(.ARM.Collect$$rtentry$$0000000D))
<BR><BR>[Stack]<UL><LI>Max Depth = 152 + Unknown Stack Size
<LI>Call Chain = __rt_entry_main &rArr; main &rArr; SystemClock_Config &rArr; HAL_RCC_ClockConfig &rArr; HAL_InitTick &rArr; HAL_NVIC_SetPriority &rArr; __NVIC_SetPriority
</UL>
<BR>[Calls]<UL><LI><a href="#[101]">&gt;&gt;</a>&nbsp;&nbsp;&nbsp;main
<LI><a href="#[1c6]">&gt;&gt;</a>&nbsp;&nbsp;&nbsp;exit
</UL>

<P><STRONG><a name="[1d7]"></a>__rt_exit</STRONG> (Thumb, 0 bytes, Stack size unknown bytes, rtexit.o(.ARM.Collect$$rtexit$$00000000))
<BR><BR>[Called By]<UL><LI><a href="#[1c6]">&gt;&gt;</a>&nbsp;&nbsp;&nbsp;exit
</UL>

<P><STRONG><a name="[1c7]"></a>__rt_exit_ls</STRONG> (Thumb, 0 bytes, Stack size unknown bytes, rtexit2.o(.ARM.Collect$$rtexit$$00000003))
<BR><BR>[Calls]<UL><LI><a href="#[1c8]">&gt;&gt;</a>&nbsp;&nbsp;&nbsp;__rt_lib_shutdown
</UL>

<P><STRONG><a name="[591]"></a>__rt_exit_prels_1</STRONG> (Thumb, 0 bytes, Stack size unknown bytes, rtexit2.o(.ARM.Collect$$rtexit$$00000002))

<P><STRONG><a name="[1c9]"></a>__rt_exit_exit</STRONG> (Thumb, 0 bytes, Stack size unknown bytes, rtexit2.o(.ARM.Collect$$rtexit$$00000004))
<BR><BR>[Calls]<UL><LI><a href="#[1ca]">&gt;&gt;</a>&nbsp;&nbsp;&nbsp;_sys_exit
</UL>

<P><STRONG><a name="[1c4]"></a>_platform_post_lib_init</STRONG> (Thumb, 24 bytes, Stack size 0 bytes, rtx_conf_cm.o(.emb_text))
<BR><BR>[Stack]<UL><LI>Max Depth = 80 + Unknown Stack Size
<LI>Call Chain = _platform_post_lib_init &rArr; osKernelInitialize &rArr; svcKernelInitialize &rArr; svcThreadCreate &rArr; rt_tsk_create &rArr; rt_init_context &rArr; rt_init_stack
</UL>
<BR>[Calls]<UL><LI><a href="#[1cc]">&gt;&gt;</a>&nbsp;&nbsp;&nbsp;osThreadCreate
<LI><a href="#[1cd]">&gt;&gt;</a>&nbsp;&nbsp;&nbsp;osKernelStart
<LI><a href="#[1cb]">&gt;&gt;</a>&nbsp;&nbsp;&nbsp;osKernelInitialize
<LI><a href="#[1c6]">&gt;&gt;</a>&nbsp;&nbsp;&nbsp;exit
</UL>
<BR>[Called By]<UL><LI><a href="#[1c3]">&gt;&gt;</a>&nbsp;&nbsp;&nbsp;__rt_entry_postli_1
</UL>

<P><STRONG><a name="[4c4]"></a>__asm___9_net_sys_c_71b12f21__sys_get_ver</STRONG> (Thumb, 4 bytes, Stack size 0 bytes, net_sys.o(.emb_text))
<BR><BR>[Called By]<UL><LI><a href="#[4a6]">&gt;&gt;</a>&nbsp;&nbsp;&nbsp;netInitialize
</UL>

<P><STRONG><a name="[592]"></a>rt_set_PSP</STRONG> (Thumb, 6 bytes, Stack size 0 bytes, hal_cm4.o(.emb_text), UNUSED)

<P><STRONG><a name="[558]"></a>rt_get_PSP</STRONG> (Thumb, 6 bytes, Stack size 0 bytes, hal_cm4.o(.emb_text))
<BR><BR>[Called By]<UL><LI><a href="#[557]">&gt;&gt;</a>&nbsp;&nbsp;&nbsp;rt_tsk_delete
</UL>

<P><STRONG><a name="[593]"></a>os_set_env</STRONG> (Thumb, 24 bytes, Stack size 0 bytes, hal_cm4.o(.emb_text), UNUSED)

<P><STRONG><a name="[594]"></a>_alloc_box</STRONG> (Thumb, 28 bytes, Stack size 0 bytes, hal_cm4.o(.emb_text), UNUSED)

<P><STRONG><a name="[595]"></a>_free_box</STRONG> (Thumb, 28 bytes, Stack size 0 bytes, hal_cm4.o(.emb_text), UNUSED)

<P><STRONG><a name="[28]"></a>SVC_Handler</STRONG> (Thumb, 168 bytes, Stack size 0 bytes, hal_cm4.o(.emb_text))
<BR><BR>[Calls]<UL><LI><a href="#[1ce]">&gt;&gt;</a>&nbsp;&nbsp;&nbsp;rt_stk_check
</UL>
<BR>[Address Reference Count : 1]<UL><LI> startup_stm32f746xx.o(RESET)
</UL>
<P><STRONG><a name="[2a]"></a>PendSV_Handler</STRONG> (Thumb, 96 bytes, Stack size 0 bytes, hal_cm4.o(.emb_text))
<BR><BR>[Stack]<UL><LI>Max Depth = 56<LI>Call Chain = PendSV_Handler &rArr; rt_pop_req &rArr; rt_mbx_psh &rArr; rt_ret_val2
</UL>
<BR>[Calls]<UL><LI><a href="#[1ce]">&gt;&gt;</a>&nbsp;&nbsp;&nbsp;rt_stk_check
<LI><a href="#[1cf]">&gt;&gt;</a>&nbsp;&nbsp;&nbsp;rt_pop_req
</UL>
<BR>[Address Reference Count : 1]<UL><LI> startup_stm32f746xx.o(RESET)
</UL>
<P><STRONG><a name="[2b]"></a>SysTick_Handler</STRONG> (Thumb, 8 bytes, Stack size 0 bytes, hal_cm4.o(.emb_text))
<BR><BR>[Stack]<UL><LI>Max Depth = 72<LI>Call Chain = SysTick_Handler &rArr; rt_systick &rArr; sysTimerTick &rArr; isrMessagePut &rArr; isr_mbx_send &rArr; rt_psq_enq
</UL>
<BR>[Calls]<UL><LI><a href="#[1d0]">&gt;&gt;</a>&nbsp;&nbsp;&nbsp;rt_systick
</UL>
<BR>[Address Reference Count : 1]<UL><LI> startup_stm32f746xx.o(RESET)
</UL>
<P><STRONG><a name="[1d1]"></a>OS_Tick_Handler</STRONG> (Thumb, 12 bytes, Stack size 0 bytes, hal_cm4.o(.emb_text), UNUSED)
<BR><BR>[Calls]<UL><LI><a href="#[1d2]">&gt;&gt;</a>&nbsp;&nbsp;&nbsp;os_tick_irqack
<LI><a href="#[1d0]">&gt;&gt;</a>&nbsp;&nbsp;&nbsp;rt_systick
</UL>

<P><STRONG><a name="[22]"></a>Reset_Handler</STRONG> (Thumb, 8 bytes, Stack size 0 bytes, startup_stm32f746xx.o(.text))
<BR>[Address Reference Count : 1]<UL><LI> startup_stm32f746xx.o(RESET)
</UL>
<P><STRONG><a name="[23]"></a>NMI_Handler</STRONG> (Thumb, 2 bytes, Stack size 0 bytes, startup_stm32f746xx.o(.text))
<BR><BR>[Calls]<UL><LI><a href="#[23]">&gt;&gt;</a>&nbsp;&nbsp;&nbsp;NMI_Handler
</UL>
<BR>[Called By]<UL><LI><a href="#[23]">&gt;&gt;</a>&nbsp;&nbsp;&nbsp;NMI_Handler
</UL>
<BR>[Address Reference Count : 1]<UL><LI> startup_stm32f746xx.o(RESET)
</UL>
<P><STRONG><a name="[24]"></a>HardFault_Handler</STRONG> (Thumb, 2 bytes, Stack size 0 bytes, startup_stm32f746xx.o(.text))
<BR><BR>[Calls]<UL><LI><a href="#[24]">&gt;&gt;</a>&nbsp;&nbsp;&nbsp;HardFault_Handler
</UL>
<BR>[Called By]<UL><LI><a href="#[24]">&gt;&gt;</a>&nbsp;&nbsp;&nbsp;HardFault_Handler
</UL>
<BR>[Address Reference Count : 1]<UL><LI> startup_stm32f746xx.o(RESET)
</UL>
<P><STRONG><a name="[25]"></a>MemManage_Handler</STRONG> (Thumb, 2 bytes, Stack size 0 bytes, startup_stm32f746xx.o(.text))
<BR><BR>[Calls]<UL><LI><a href="#[25]">&gt;&gt;</a>&nbsp;&nbsp;&nbsp;MemManage_Handler
</UL>
<BR>[Called By]<UL><LI><a href="#[25]">&gt;&gt;</a>&nbsp;&nbsp;&nbsp;MemManage_Handler
</UL>
<BR>[Address Reference Count : 1]<UL><LI> startup_stm32f746xx.o(RESET)
</UL>
<P><STRONG><a name="[26]"></a>BusFault_Handler</STRONG> (Thumb, 2 bytes, Stack size 0 bytes, startup_stm32f746xx.o(.text))
<BR><BR>[Calls]<UL><LI><a href="#[26]">&gt;&gt;</a>&nbsp;&nbsp;&nbsp;BusFault_Handler
</UL>
<BR>[Called By]<UL><LI><a href="#[26]">&gt;&gt;</a>&nbsp;&nbsp;&nbsp;BusFault_Handler
</UL>
<BR>[Address Reference Count : 1]<UL><LI> startup_stm32f746xx.o(RESET)
</UL>
<P><STRONG><a name="[27]"></a>UsageFault_Handler</STRONG> (Thumb, 2 bytes, Stack size 0 bytes, startup_stm32f746xx.o(.text))
<BR><BR>[Calls]<UL><LI><a href="#[27]">&gt;&gt;</a>&nbsp;&nbsp;&nbsp;UsageFault_Handler
</UL>
<BR>[Called By]<UL><LI><a href="#[27]">&gt;&gt;</a>&nbsp;&nbsp;&nbsp;UsageFault_Handler
</UL>
<BR>[Address Reference Count : 1]<UL><LI> startup_stm32f746xx.o(RESET)
</UL>
<P><STRONG><a name="[29]"></a>DebugMon_Handler</STRONG> (Thumb, 2 bytes, Stack size 0 bytes, startup_stm32f746xx.o(.text))
<BR><BR>[Calls]<UL><LI><a href="#[29]">&gt;&gt;</a>&nbsp;&nbsp;&nbsp;DebugMon_Handler
</UL>
<BR>[Called By]<UL><LI><a href="#[29]">&gt;&gt;</a>&nbsp;&nbsp;&nbsp;DebugMon_Handler
</UL>
<BR>[Address Reference Count : 1]<UL><LI> startup_stm32f746xx.o(RESET)
</UL>
<P><STRONG><a name="[3e]"></a>ADC_IRQHandler</STRONG> (Thumb, 0 bytes, Stack size 0 bytes, startup_stm32f746xx.o(.text))
<BR><BR>[Calls]<UL><LI><a href="#[3e]">&gt;&gt;</a>&nbsp;&nbsp;&nbsp;ADC_IRQHandler
</UL>
<BR>[Called By]<UL><LI><a href="#[3e]">&gt;&gt;</a>&nbsp;&nbsp;&nbsp;ADC_IRQHandler
</UL>
<BR>[Address Reference Count : 1]<UL><LI> startup_stm32f746xx.o(RESET)
</UL>
<P><STRONG><a name="[40]"></a>CAN1_RX0_IRQHandler</STRONG> (Thumb, 0 bytes, Stack size 0 bytes, startup_stm32f746xx.o(.text))
<BR>[Address Reference Count : 1]<UL><LI> startup_stm32f746xx.o(RESET)
</UL>
<P><STRONG><a name="[41]"></a>CAN1_RX1_IRQHandler</STRONG> (Thumb, 0 bytes, Stack size 0 bytes, startup_stm32f746xx.o(.text))
<BR>[Address Reference Count : 1]<UL><LI> startup_stm32f746xx.o(RESET)
</UL>
<P><STRONG><a name="[42]"></a>CAN1_SCE_IRQHandler</STRONG> (Thumb, 0 bytes, Stack size 0 bytes, startup_stm32f746xx.o(.text))
<BR>[Address Reference Count : 1]<UL><LI> startup_stm32f746xx.o(RESET)
</UL>
<P><STRONG><a name="[3f]"></a>CAN1_TX_IRQHandler</STRONG> (Thumb, 0 bytes, Stack size 0 bytes, startup_stm32f746xx.o(.text))
<BR>[Address Reference Count : 1]<UL><LI> startup_stm32f746xx.o(RESET)
</UL>
<P><STRONG><a name="[6c]"></a>CAN2_RX0_IRQHandler</STRONG> (Thumb, 0 bytes, Stack size 0 bytes, startup_stm32f746xx.o(.text))
<BR>[Address Reference Count : 1]<UL><LI> startup_stm32f746xx.o(RESET)
</UL>
<P><STRONG><a name="[6d]"></a>CAN2_RX1_IRQHandler</STRONG> (Thumb, 0 bytes, Stack size 0 bytes, startup_stm32f746xx.o(.text))
<BR>[Address Reference Count : 1]<UL><LI> startup_stm32f746xx.o(RESET)
</UL>
<P><STRONG><a name="[6e]"></a>CAN2_SCE_IRQHandler</STRONG> (Thumb, 0 bytes, Stack size 0 bytes, startup_stm32f746xx.o(.text))
<BR>[Address Reference Count : 1]<UL><LI> startup_stm32f746xx.o(RESET)
</UL>
<P><STRONG><a name="[6b]"></a>CAN2_TX_IRQHandler</STRONG> (Thumb, 0 bytes, Stack size 0 bytes, startup_stm32f746xx.o(.text))
<BR>[Address Reference Count : 1]<UL><LI> startup_stm32f746xx.o(RESET)
</UL>
<P><STRONG><a name="[89]"></a>CEC_IRQHandler</STRONG> (Thumb, 0 bytes, Stack size 0 bytes, startup_stm32f746xx.o(.text))
<BR>[Address Reference Count : 1]<UL><LI> startup_stm32f746xx.o(RESET)
</UL>
<P><STRONG><a name="[7a]"></a>DCMI_IRQHandler</STRONG> (Thumb, 0 bytes, Stack size 0 bytes, startup_stm32f746xx.o(.text))
<BR>[Address Reference Count : 1]<UL><LI> startup_stm32f746xx.o(RESET)
</UL>
<P><STRONG><a name="[37]"></a>DMA1_Stream0_IRQHandler</STRONG> (Thumb, 0 bytes, Stack size 0 bytes, startup_stm32f746xx.o(.text))
<BR>[Address Reference Count : 1]<UL><LI> startup_stm32f746xx.o(RESET)
</UL>
<P><STRONG><a name="[38]"></a>DMA1_Stream1_IRQHandler</STRONG> (Thumb, 0 bytes, Stack size 0 bytes, startup_stm32f746xx.o(.text))
<BR>[Address Reference Count : 1]<UL><LI> startup_stm32f746xx.o(RESET)
</UL>
<P><STRONG><a name="[39]"></a>DMA1_Stream2_IRQHandler</STRONG> (Thumb, 0 bytes, Stack size 0 bytes, startup_stm32f746xx.o(.text))
<BR>[Address Reference Count : 1]<UL><LI> startup_stm32f746xx.o(RESET)
</UL>
<P><STRONG><a name="[3a]"></a>DMA1_Stream3_IRQHandler</STRONG> (Thumb, 0 bytes, Stack size 0 bytes, startup_stm32f746xx.o(.text))
<BR>[Address Reference Count : 1]<UL><LI> startup_stm32f746xx.o(RESET)
</UL>
<P><STRONG><a name="[3b]"></a>DMA1_Stream4_IRQHandler</STRONG> (Thumb, 0 bytes, Stack size 0 bytes, startup_stm32f746xx.o(.text))
<BR>[Address Reference Count : 1]<UL><LI> startup_stm32f746xx.o(RESET)
</UL>
<P><STRONG><a name="[3c]"></a>DMA1_Stream5_IRQHandler</STRONG> (Thumb, 0 bytes, Stack size 0 bytes, startup_stm32f746xx.o(.text))
<BR>[Address Reference Count : 1]<UL><LI> startup_stm32f746xx.o(RESET)
</UL>
<P><STRONG><a name="[3d]"></a>DMA1_Stream6_IRQHandler</STRONG> (Thumb, 0 bytes, Stack size 0 bytes, startup_stm32f746xx.o(.text))
<BR>[Address Reference Count : 1]<UL><LI> startup_stm32f746xx.o(RESET)
</UL>
<P><STRONG><a name="[5b]"></a>DMA1_Stream7_IRQHandler</STRONG> (Thumb, 0 bytes, Stack size 0 bytes, startup_stm32f746xx.o(.text))
<BR>[Address Reference Count : 1]<UL><LI> startup_stm32f746xx.o(RESET)
</UL>
<P><STRONG><a name="[64]"></a>DMA2_Stream0_IRQHandler</STRONG> (Thumb, 0 bytes, Stack size 0 bytes, startup_stm32f746xx.o(.text))
<BR>[Address Reference Count : 1]<UL><LI> startup_stm32f746xx.o(RESET)
</UL>
<P><STRONG><a name="[65]"></a>DMA2_Stream1_IRQHandler</STRONG> (Thumb, 0 bytes, Stack size 0 bytes, startup_stm32f746xx.o(.text))
<BR>[Address Reference Count : 1]<UL><LI> startup_stm32f746xx.o(RESET)
</UL>
<P><STRONG><a name="[66]"></a>DMA2_Stream2_IRQHandler</STRONG> (Thumb, 0 bytes, Stack size 0 bytes, startup_stm32f746xx.o(.text))
<BR>[Address Reference Count : 1]<UL><LI> startup_stm32f746xx.o(RESET)
</UL>
<P><STRONG><a name="[67]"></a>DMA2_Stream3_IRQHandler</STRONG> (Thumb, 0 bytes, Stack size 0 bytes, startup_stm32f746xx.o(.text))
<BR>[Address Reference Count : 1]<UL><LI> startup_stm32f746xx.o(RESET)
</UL>
<P><STRONG><a name="[68]"></a>DMA2_Stream4_IRQHandler</STRONG> (Thumb, 0 bytes, Stack size 0 bytes, startup_stm32f746xx.o(.text))
<BR>[Address Reference Count : 1]<UL><LI> startup_stm32f746xx.o(RESET)
</UL>
<P><STRONG><a name="[70]"></a>DMA2_Stream5_IRQHandler</STRONG> (Thumb, 0 bytes, Stack size 0 bytes, startup_stm32f746xx.o(.text))
<BR>[Address Reference Count : 1]<UL><LI> startup_stm32f746xx.o(RESET)
</UL>
<P><STRONG><a name="[71]"></a>DMA2_Stream6_IRQHandler</STRONG> (Thumb, 0 bytes, Stack size 0 bytes, startup_stm32f746xx.o(.text))
<BR>[Address Reference Count : 1]<UL><LI> startup_stm32f746xx.o(RESET)
</UL>
<P><STRONG><a name="[72]"></a>DMA2_Stream7_IRQHandler</STRONG> (Thumb, 0 bytes, Stack size 0 bytes, startup_stm32f746xx.o(.text))
<BR>[Address Reference Count : 1]<UL><LI> startup_stm32f746xx.o(RESET)
</UL>
<P><STRONG><a name="[6a]"></a>ETH_WKUP_IRQHandler</STRONG> (Thumb, 0 bytes, Stack size 0 bytes, startup_stm32f746xx.o(.text))
<BR>[Address Reference Count : 1]<UL><LI> startup_stm32f746xx.o(RESET)
</UL>
<P><STRONG><a name="[32]"></a>EXTI0_IRQHandler</STRONG> (Thumb, 0 bytes, Stack size 0 bytes, startup_stm32f746xx.o(.text))
<BR>[Address Reference Count : 1]<UL><LI> startup_stm32f746xx.o(RESET)
</UL>
<P><STRONG><a name="[54]"></a>EXTI15_10_IRQHandler</STRONG> (Thumb, 0 bytes, Stack size 0 bytes, startup_stm32f746xx.o(.text))
<BR>[Address Reference Count : 1]<UL><LI> startup_stm32f746xx.o(RESET)
</UL>
<P><STRONG><a name="[33]"></a>EXTI1_IRQHandler</STRONG> (Thumb, 0 bytes, Stack size 0 bytes, startup_stm32f746xx.o(.text))
<BR>[Address Reference Count : 1]<UL><LI> startup_stm32f746xx.o(RESET)
</UL>
<P><STRONG><a name="[34]"></a>EXTI2_IRQHandler</STRONG> (Thumb, 0 bytes, Stack size 0 bytes, startup_stm32f746xx.o(.text))
<BR>[Address Reference Count : 1]<UL><LI> startup_stm32f746xx.o(RESET)
</UL>
<P><STRONG><a name="[35]"></a>EXTI3_IRQHandler</STRONG> (Thumb, 0 bytes, Stack size 0 bytes, startup_stm32f746xx.o(.text))
<BR>[Address Reference Count : 1]<UL><LI> startup_stm32f746xx.o(RESET)
</UL>
<P><STRONG><a name="[36]"></a>EXTI4_IRQHandler</STRONG> (Thumb, 0 bytes, Stack size 0 bytes, startup_stm32f746xx.o(.text))
<BR>[Address Reference Count : 1]<UL><LI> startup_stm32f746xx.o(RESET)
</UL>
<P><STRONG><a name="[43]"></a>EXTI9_5_IRQHandler</STRONG> (Thumb, 0 bytes, Stack size 0 bytes, startup_stm32f746xx.o(.text))
<BR>[Address Reference Count : 1]<UL><LI> startup_stm32f746xx.o(RESET)
</UL>
<P><STRONG><a name="[30]"></a>FLASH_IRQHandler</STRONG> (Thumb, 0 bytes, Stack size 0 bytes, startup_stm32f746xx.o(.text))
<BR>[Address Reference Count : 1]<UL><LI> startup_stm32f746xx.o(RESET)
</UL>
<P><STRONG><a name="[5c]"></a>FMC_IRQHandler</STRONG> (Thumb, 0 bytes, Stack size 0 bytes, startup_stm32f746xx.o(.text))
<BR>[Address Reference Count : 1]<UL><LI> startup_stm32f746xx.o(RESET)
</UL>
<P><STRONG><a name="[7c]"></a>FPU_IRQHandler</STRONG> (Thumb, 0 bytes, Stack size 0 bytes, startup_stm32f746xx.o(.text))
<BR>[Address Reference Count : 1]<UL><LI> startup_stm32f746xx.o(RESET)
</UL>
<P><STRONG><a name="[4c]"></a>I2C1_ER_IRQHandler</STRONG> (Thumb, 0 bytes, Stack size 0 bytes, startup_stm32f746xx.o(.text))
<BR>[Address Reference Count : 1]<UL><LI> startup_stm32f746xx.o(RESET)
</UL>
<P><STRONG><a name="[4b]"></a>I2C1_EV_IRQHandler</STRONG> (Thumb, 0 bytes, Stack size 0 bytes, startup_stm32f746xx.o(.text))
<BR>[Address Reference Count : 1]<UL><LI> startup_stm32f746xx.o(RESET)
</UL>
<P><STRONG><a name="[4e]"></a>I2C2_ER_IRQHandler</STRONG> (Thumb, 0 bytes, Stack size 0 bytes, startup_stm32f746xx.o(.text))
<BR>[Address Reference Count : 1]<UL><LI> startup_stm32f746xx.o(RESET)
</UL>
<P><STRONG><a name="[4d]"></a>I2C2_EV_IRQHandler</STRONG> (Thumb, 0 bytes, Stack size 0 bytes, startup_stm32f746xx.o(.text))
<BR>[Address Reference Count : 1]<UL><LI> startup_stm32f746xx.o(RESET)
</UL>
<P><STRONG><a name="[75]"></a>I2C3_ER_IRQHandler</STRONG> (Thumb, 0 bytes, Stack size 0 bytes, startup_stm32f746xx.o(.text))
<BR>[Address Reference Count : 1]<UL><LI> startup_stm32f746xx.o(RESET)
</UL>
<P><STRONG><a name="[74]"></a>I2C3_EV_IRQHandler</STRONG> (Thumb, 0 bytes, Stack size 0 bytes, startup_stm32f746xx.o(.text))
<BR>[Address Reference Count : 1]<UL><LI> startup_stm32f746xx.o(RESET)
</UL>
<P><STRONG><a name="[8b]"></a>I2C4_ER_IRQHandler</STRONG> (Thumb, 0 bytes, Stack size 0 bytes, startup_stm32f746xx.o(.text))
[...]
<BR><BR>[Calls]<UL><LI><a href="#[4aa]">&gt;&gt;</a>&nbsp;&nbsp;&nbsp;netos_unlock
</UL>
<BR>[Called By]<UL><LI><a href="#[50f]">&gt;&gt;</a>&nbsp;&nbsp;&nbsp;net_mem_shrink
<LI><a href="#[458]">&gt;&gt;</a>&nbsp;&nbsp;&nbsp;net_mem_free
<LI><a href="#[45b]">&gt;&gt;</a>&nbsp;&nbsp;&nbsp;net_mem_alloc
</UL>

<P><STRONG><a name="[4dd]"></a>crc32_8bit</STRONG> (Thumb, 34 bytes, Stack size 0 bytes, net_common.o(i.crc32_8bit))
<BR><BR>[Called By]<UL><LI><a href="#[4dc]">&gt;&gt;</a>&nbsp;&nbsp;&nbsp;net_crc32_buf
</UL>

<P><STRONG><a name="[316]"></a>_DrawTwinArc2</STRONG> (Thumb, 262 bytes, Stack size 88 bytes, gui__drawtwinarc.o(i._DrawTwinArc2))
<BR><BR>[Stack]<UL><LI>Max Depth = 136<LI>Call Chain = _DrawTwinArc2 &rArr; GUI_SetColor &rArr; GUI_Lock &rArr; GUI_DEVICE_LinkDevices &rArr; GUI_DEVICE_Link
</UL>
<BR>[Calls]<UL><LI><a href="#[9c]">&gt;&gt;</a>&nbsp;&nbsp;&nbsp;LCD_DrawHLine
<LI><a href="#[206]">&gt;&gt;</a>&nbsp;&nbsp;&nbsp;GUI_SetColor
<LI><a href="#[416]">&gt;&gt;</a>&nbsp;&nbsp;&nbsp;_GetTwinArcPara
</UL>
<BR>[Called By]<UL><LI><a href="#[23e]">&gt;&gt;</a>&nbsp;&nbsp;&nbsp;GUI__DrawTwinArc2
</UL>

<P><STRONG><a name="[317]"></a>_DrawTwinArc4</STRONG> (Thumb, 370 bytes, Stack size 112 bytes, gui__drawtwinarc.o(i._DrawTwinArc4))
<BR><BR>[Stack]<UL><LI>Max Depth = 160<LI>Call Chain = _DrawTwinArc4 &rArr; GUI_SetColor &rArr; GUI_Lock &rArr; GUI_DEVICE_LinkDevices &rArr; GUI_DEVICE_Link
</UL>
<BR>[Calls]<UL><LI><a href="#[9c]">&gt;&gt;</a>&nbsp;&nbsp;&nbsp;LCD_DrawHLine
<LI><a href="#[206]">&gt;&gt;</a>&nbsp;&nbsp;&nbsp;GUI_SetColor
<LI><a href="#[416]">&gt;&gt;</a>&nbsp;&nbsp;&nbsp;_GetTwinArcPara
</UL>
<BR>[Called By]<UL><LI><a href="#[205]">&gt;&gt;</a>&nbsp;&nbsp;&nbsp;GUI__DrawTwinArc4
</UL>

<P><STRONG><a name="[416]"></a>_GetTwinArcPara</STRONG> (Thumb, 84 bytes, Stack size 32 bytes, gui__drawtwinarc.o(i._GetTwinArcPara))
<BR><BR>[Stack]<UL><LI>Max Depth = 32<LI>Call Chain = _GetTwinArcPara
</UL>
<BR>[Calls]<UL><LI><a href="#[426]">&gt;&gt;</a>&nbsp;&nbsp;&nbsp;GUI__sqrt32
</UL>
<BR>[Called By]<UL><LI><a href="#[317]">&gt;&gt;</a>&nbsp;&nbsp;&nbsp;_DrawTwinArc4
<LI><a href="#[316]">&gt;&gt;</a>&nbsp;&nbsp;&nbsp;_DrawTwinArc2
</UL>

<P><STRONG><a name="[28c]"></a>_DrawGradient</STRONG> (Thumb, 340 bytes, Stack size 80 bytes, gui_drawgradient.o(i._DrawGradient))
<BR><BR>[Stack]<UL><LI>Max Depth = 128<LI>Call Chain = _DrawGradient &rArr; GUI_GetColor &rArr; GUI_Lock &rArr; GUI_DEVICE_LinkDevices &rArr; GUI_DEVICE_Link
</UL>
<BR>[Calls]<UL><LI><a href="#[257]">&gt;&gt;</a>&nbsp;&nbsp;&nbsp;LCD_FillRect
<LI><a href="#[2e4]">&gt;&gt;</a>&nbsp;&nbsp;&nbsp;LCD_SetColor
<LI><a href="#[259]">&gt;&gt;</a>&nbsp;&nbsp;&nbsp;GUI_GetColor
</UL>
<BR>[Called By]<UL><LI><a href="#[20b]">&gt;&gt;</a>&nbsp;&nbsp;&nbsp;GUI_DrawGradientV
</UL>

<P><STRONG><a name="[447]"></a>_DecPointer</STRONG> (Thumb, 16 bytes, Stack size 0 bytes, gui_pid.o(i._DecPointer))
<BR><BR>[Called By]<UL><LI><a href="#[2d9]">&gt;&gt;</a>&nbsp;&nbsp;&nbsp;_StoreState
</UL>

<P><STRONG><a name="[2d7]"></a>_IncPointer</STRONG> (Thumb, 16 bytes, Stack size 0 bytes, gui_pid.o(i._IncPointer))
<BR><BR>[Called By]<UL><LI><a href="#[2d6]">&gt;&gt;</a>&nbsp;&nbsp;&nbsp;GUI_PID_GetState
<LI><a href="#[2d9]">&gt;&gt;</a>&nbsp;&nbsp;&nbsp;_StoreState
</UL>

<P><STRONG><a name="[9d]"></a>_OnExit</STRONG> (Thumb, 16 bytes, Stack size 0 bytes, gui_pid.o(i._OnExit))
<BR>[Address Reference Count : 1]<UL><LI> gui_pid.o(i.GUI_PID_StoreState)
</UL>
<P><STRONG><a name="[2d9]"></a>_StoreState</STRONG> (Thumb, 118 bytes, Stack size 24 bytes, gui_pid.o(i._StoreState))
<BR><BR>[Stack]<UL><LI>Max Depth = 24<LI>Call Chain = _StoreState
</UL>
<BR>[Calls]<UL><LI><a href="#[2d7]">&gt;&gt;</a>&nbsp;&nbsp;&nbsp;_IncPointer
<LI><a href="#[447]">&gt;&gt;</a>&nbsp;&nbsp;&nbsp;_DecPointer
</UL>
<BR>[Called By]<UL><LI><a href="#[2d8]">&gt;&gt;</a>&nbsp;&nbsp;&nbsp;GUI_PID_StoreState
</UL>

<P><STRONG><a name="[2ea]"></a>_RemoveFromLinList</STRONG> (Thumb, 88 bytes, Stack size 24 bytes, gui_timer.o(i._RemoveFromLinList))
<BR><BR>[Stack]<UL><LI>Max Depth = 24<LI>Call Chain = _RemoveFromLinList
</UL>
<BR>[Calls]<UL><LI><a href="#[1f8]">&gt;&gt;</a>&nbsp;&nbsp;&nbsp;GUI_ALLOC_UnlockH
<LI><a href="#[1f7]">&gt;&gt;</a>&nbsp;&nbsp;&nbsp;GUI_ALLOC_LockH
</UL>
<BR>[Called By]<UL><LI><a href="#[2e9]">&gt;&gt;</a>&nbsp;&nbsp;&nbsp;GUI_TIMER_Delete
</UL>

<P><STRONG><a name="[2eb]"></a>_Unlink</STRONG> (Thumb, 74 bytes, Stack size 24 bytes, gui_timer.o(i._Unlink))
<BR><BR>[Stack]<UL><LI>Max Depth = 24<LI>Call Chain = _Unlink
</UL>
<BR>[Calls]<UL><LI><a href="#[1f8]">&gt;&gt;</a>&nbsp;&nbsp;&nbsp;GUI_ALLOC_UnlockH
<LI><a href="#[1f7]">&gt;&gt;</a>&nbsp;&nbsp;&nbsp;GUI_ALLOC_LockH
</UL>
<BR>[Called By]<UL><LI><a href="#[2e9]">&gt;&gt;</a>&nbsp;&nbsp;&nbsp;GUI_TIMER_Delete
</UL>

<P><STRONG><a name="[1ac]"></a>GUI_USAGE_BM_AddHLine</STRONG> (Thumb, 116 bytes, Stack size 16 bytes, guidev_usagebm.o(i.GUI_USAGE_BM_AddHLine))
<BR><BR>[Stack]<UL><LI>Max Depth = 16 + Unknown Stack Size
<LI>Call Chain = GUI_USAGE_BM_AddHLine
</UL>
<BR>[Calls]<UL><LI><a href="#[1de]">&gt;&gt;</a>&nbsp;&nbsp;&nbsp;__aeabi_memset
</UL>
<BR>[Address Reference Count : 1]<UL><LI> guidev_usagebm.o(.constdata)
</UL>
<P><STRONG><a name="[1ab]"></a>GUI_USAGE_BM_AddPixel</STRONG> (Thumb, 44 bytes, Stack size 8 bytes, guidev_usagebm.o(i.GUI_USAGE_BM_AddPixel))
<BR><BR>[Stack]<UL><LI>Max Depth = 8<LI>Call Chain = GUI_USAGE_BM_AddPixel
</UL>
<BR>[Address Reference Count : 1]<UL><LI> guidev_usagebm.o(.constdata)
</UL>
<P><STRONG><a name="[1ad]"></a>GUI_USAGE_BM_Clear</STRONG> (Thumb, 14 bytes, Stack size 0 bytes, guidev_usagebm.o(i.GUI_USAGE_BM_Clear))
<BR><BR>[Stack]<UL><LI>Max Depth = 4<LI>Call Chain = GUI_USAGE_BM_Clear &rArr; __aeabi_memclr4
</UL>
<BR>[Calls]<UL><LI><a href="#[228]">&gt;&gt;</a>&nbsp;&nbsp;&nbsp;__aeabi_memclr4
</UL>
<BR>[Address Reference Count : 1]<UL><LI> guidev_usagebm.o(.constdata)
</UL>
<P><STRONG><a name="[1af]"></a>GUI_USAGE_BM_GetNextDirty</STRONG> (Thumb, 154 bytes, Stack size 16 bytes, guidev_usagebm.o(i.GUI_USAGE_BM_GetNextDirty))
<BR><BR>[Stack]<UL><LI>Max Depth = 16<LI>Call Chain = GUI_USAGE_BM_GetNextDirty
</UL>
<BR>[Address Reference Count : 1]<UL><LI> guidev_usagebm.o(.constdata)
</UL>
<P><STRONG><a name="[1ae]"></a>_GUI_USAGE_BM_Delete</STRONG> (Thumb, 4 bytes, Stack size 0 bytes, guidev_usagebm.o(i._GUI_USAGE_BM_Delete))
<BR><BR>[Stack]<UL><LI>Max Depth = 48<LI>Call Chain = _GUI_USAGE_BM_Delete &rArr; GUI_ALLOC_Free &rArr; GUI_Lock &rArr; GUI_DEVICE_LinkDevices &rArr; GUI_DEVICE_Link
</UL>
<BR>[Calls]<UL><LI><a href="#[269]">&gt;&gt;</a>&nbsp;&nbsp;&nbsp;GUI_ALLOC_Free
</UL>
<BR>[Address Reference Count : 1]<UL><LI> guidev_usagebm.o(.constdata)
</UL>
<P><STRONG><a name="[2d0]"></a>_WriteToActiveAlpha</STRONG> (Thumb, 390 bytes, Stack size 104 bytes, guidev_writetoactivealpha.o(i._WriteToActiveAlpha))
<BR><BR>[Stack]<UL><LI>Max Depth = 368<LI>Call Chain = _WriteToActiveAlpha &rArr; GUI__DoAlphaBlending &rArr; GUI__GetAlphaBuffer &rArr; GUI_ALLOC_GetFixedBlock &rArr; _InitOnce &rArr; _EnlargeBlocks &rArr;  _Alloc (Cycle)
</UL>
<BR>[Calls]<UL><LI><a href="#[1f8]">&gt;&gt;</a>&nbsp;&nbsp;&nbsp;GUI_ALLOC_UnlockH
<LI><a href="#[1f7]">&gt;&gt;</a>&nbsp;&nbsp;&nbsp;GUI_ALLOC_LockH
<LI><a href="#[312]">&gt;&gt;</a>&nbsp;&nbsp;&nbsp;GUI__DoAlphaBlending
<LI><a href="#[306]">&gt;&gt;</a>&nbsp;&nbsp;&nbsp;GUI__AllocAlphaBuffer
<LI><a href="#[250]">&gt;&gt;</a>&nbsp;&nbsp;&nbsp;LCD_DrawBitmap
<LI><a href="#[2c7]">&gt;&gt;</a>&nbsp;&nbsp;&nbsp;GUI_MEMDEV_GetDataPtr
<LI><a href="#[30a]">&gt;&gt;</a>&nbsp;&nbsp;&nbsp;GUI__CompactPixelIndicesEx
</UL>
<BR>[Called By]<UL><LI><a href="#[ca]">&gt;&gt;</a>&nbsp;&nbsp;&nbsp;GUI_MEMDEV__WriteToActiveAlpha
</UL>

<P><STRONG><a name="[3fa]"></a>_Convert16</STRONG> (Thumb, 62 bytes, Stack size 40 bytes, guidev_writetoactiveopaque.o(i._Convert16))
<BR><BR>[Stack]<UL><LI>Max Depth = 48<LI>Call Chain = _Convert16 &rArr; GUI__CompactPixelIndices
</UL>
<BR>[Calls]<UL><LI><a href="#[3fb]">&gt;&gt;</a>&nbsp;&nbsp;&nbsp;GUI__CompactPixelIndices
</UL>
<BR>[Called By]<UL><LI><a href="#[2d1]">&gt;&gt;</a>&nbsp;&nbsp;&nbsp;_WriteToActiveOpaque_8
</UL>

<P><STRONG><a name="[3fc]"></a>_Convert8</STRONG> (Thumb, 62 bytes, Stack size 40 bytes, guidev_writetoactiveopaque.o(i._Convert8))
<BR><BR>[Stack]<UL><LI>Max Depth = 48<LI>Call Chain = _Convert8 &rArr; GUI__CompactPixelIndices
</UL>
<BR>[Calls]<UL><LI><a href="#[3fb]">&gt;&gt;</a>&nbsp;&nbsp;&nbsp;GUI__CompactPixelIndices
</UL>
<BR>[Called By]<UL><LI><a href="#[2d1]">&gt;&gt;</a>&nbsp;&nbsp;&nbsp;_WriteToActiveOpaque_8
</UL>

<P><STRONG><a name="[2d1]"></a>_WriteToActiveOpaque_8</STRONG> (Thumb, 824 bytes, Stack size 168 bytes, guidev_writetoactiveopaque.o(i._WriteToActiveOpaque_8))
<BR><BR>[Stack]<UL><LI>Max Depth = 304<LI>Call Chain = _WriteToActiveOpaque_8 &rArr; GUI_ALLOC_AllocNoInit &rArr; _Alloc &rArr; _InitOnce &rArr; _EnlargeBlocks &rArr;  _Alloc (Cycle)
</UL>
<BR>[Calls]<UL><LI><a href="#[1f8]">&gt;&gt;</a>&nbsp;&nbsp;&nbsp;GUI_ALLOC_UnlockH
<LI><a href="#[1f7]">&gt;&gt;</a>&nbsp;&nbsp;&nbsp;GUI_ALLOC_LockH
<LI><a href="#[269]">&gt;&gt;</a>&nbsp;&nbsp;&nbsp;GUI_ALLOC_Free
<LI><a href="#[266]">&gt;&gt;</a>&nbsp;&nbsp;&nbsp;GUI_ALLOC_AllocNoInit
<LI><a href="#[314]">&gt;&gt;</a>&nbsp;&nbsp;&nbsp;GUI_GetpfIndex2ColorEx
<LI><a href="#[313]">&gt;&gt;</a>&nbsp;&nbsp;&nbsp;GUI_GetBitsPerPixelEx
<LI><a href="#[44a]">&gt;&gt;</a>&nbsp;&nbsp;&nbsp;GUI_GetpfColor2IndexEx
<LI><a href="#[38b]">&gt;&gt;</a>&nbsp;&nbsp;&nbsp;LCD__DrawBitmap_1bpp
<LI><a href="#[250]">&gt;&gt;</a>&nbsp;&nbsp;&nbsp;LCD_DrawBitmap
<LI><a href="#[2c7]">&gt;&gt;</a>&nbsp;&nbsp;&nbsp;GUI_MEMDEV_GetDataPtr
<LI><a href="#[3fc]">&gt;&gt;</a>&nbsp;&nbsp;&nbsp;_Convert8
<LI><a href="#[3fa]">&gt;&gt;</a>&nbsp;&nbsp;&nbsp;_Convert16
</UL>
<BR>[Called By]<UL><LI><a href="#[2b3]">&gt;&gt;</a>&nbsp;&nbsp;&nbsp;GUI_MEMDEV__WriteToActiveOpaque
</UL>

<P><STRONG><a name="[2d2]"></a>_WriteToActiveOpaque_HT</STRONG> (Thumb, 826 bytes, Stack size 144 bytes, guidev_writetoactiveopaque.o(i._WriteToActiveOpaque_HT))
<BR><BR>[Stack]<UL><LI>Max Depth = 280<LI>Call Chain = _WriteToActiveOpaque_HT &rArr; GUI_ALLOC_AllocNoInit &rArr; _Alloc &rArr; _InitOnce &rArr; _EnlargeBlocks &rArr;  _Alloc (Cycle)
</UL>
<BR>[Calls]<UL><LI><a href="#[1f8]">&gt;&gt;</a>&nbsp;&nbsp;&nbsp;GUI_ALLOC_UnlockH
<LI><a href="#[1f7]">&gt;&gt;</a>&nbsp;&nbsp;&nbsp;GUI_ALLOC_LockH
<LI><a href="#[269]">&gt;&gt;</a>&nbsp;&nbsp;&nbsp;GUI_ALLOC_Free
<LI><a href="#[266]">&gt;&gt;</a>&nbsp;&nbsp;&nbsp;GUI_ALLOC_AllocNoInit
<LI><a href="#[313]">&gt;&gt;</a>&nbsp;&nbsp;&nbsp;GUI_GetBitsPerPixelEx
<LI><a href="#[250]">&gt;&gt;</a>&nbsp;&nbsp;&nbsp;LCD_DrawBitmap
</UL>
<BR>[Called By]<UL><LI><a href="#[2b3]">&gt;&gt;</a>&nbsp;&nbsp;&nbsp;GUI_MEMDEV__WriteToActiveOpaque
</UL>

<P><STRONG><a name="[1b2]"></a>_DrawDown</STRONG> (Thumb, 16 bytes, Stack size 16 bytes, widget_effect_simple.o(i._DrawDown))
<BR><BR>[Stack]<UL><LI>Max Depth = 312<LI>Call Chain = _DrawDown &rArr; _DrawDownRect &rArr; GUI_DrawRect &rArr; WM__InitIVRSearch &rArr; WM__GetNextIVR &rArr; WM__ActivateClipRect &rArr; _SetClipRectUserIntersect &rArr; LCD_SetClipRectEx &rArr; GUI__IntersectRects
</UL>
<BR>[Calls]<UL><LI><a href="#[21f]">&gt;&gt;</a>&nbsp;&nbsp;&nbsp;WM_GetClientRect
<LI><a href="#[1b3]">&gt;&gt;</a>&nbsp;&nbsp;&nbsp;_DrawDownRect
</UL>
<BR>[Address Reference Count : 1]<UL><LI> widget_effect_simple.o(.constdata)
</UL>
<P><STRONG><a name="[1b3]"></a>_DrawDownRect</STRONG> (Thumb, 50 bytes, Stack size 128 bytes, widget_effect_simple.o(i._DrawDownRect))
<BR><BR>[Stack]<UL><LI>Max Depth = 296<LI>Call Chain = _DrawDownRect &rArr; GUI_DrawRect &rArr; WM__InitIVRSearch &rArr; WM__GetNextIVR &rArr; WM__ActivateClipRect &rArr; _SetClipRectUserIntersect &rArr; LCD_SetClipRectEx &rArr; GUI__IntersectRects
</UL>
<BR>[Calls]<UL><LI><a href="#[2e4]">&gt;&gt;</a>&nbsp;&nbsp;&nbsp;LCD_SetColor
<LI><a href="#[2e2]">&gt;&gt;</a>&nbsp;&nbsp;&nbsp;GUI_SaveContext_W
<LI><a href="#[2e0]">&gt;&gt;</a>&nbsp;&nbsp;&nbsp;GUI_RestoreContext
<LI><a href="#[20a]">&gt;&gt;</a>&nbsp;&nbsp;&nbsp;GUI_DrawRect
</UL>
<BR>[Called By]<UL><LI><a href="#[1b2]">&gt;&gt;</a>&nbsp;&nbsp;&nbsp;_DrawDown
</UL>
<BR>[Address Reference Count : 1]<UL><LI> widget_effect_simple.o(.constdata)
</UL>
<P><STRONG><a name="[1b0]"></a>_DrawUp</STRONG> (Thumb, 16 bytes, Stack size 16 bytes, widget_effect_simple.o(i._DrawUp))
<BR><BR>[Stack]<UL><LI>Max Depth = 312<LI>Call Chain = _DrawUp &rArr; _DrawUpRect &rArr; GUI_DrawRect &rArr; WM__InitIVRSearch &rArr; WM__GetNextIVR &rArr; WM__ActivateClipRect &rArr; _SetClipRectUserIntersect &rArr; LCD_SetClipRectEx &rArr; GUI__IntersectRects
</UL>
<BR>[Calls]<UL><LI><a href="#[21f]">&gt;&gt;</a>&nbsp;&nbsp;&nbsp;WM_GetClientRect
<LI><a href="#[1b1]">&gt;&gt;</a>&nbsp;&nbsp;&nbsp;_DrawUpRect
</UL>
<BR>[Address Reference Count : 1]<UL><LI> widget_effect_simple.o(.constdata)
</UL>
<P><STRONG><a name="[1b1]"></a>_DrawUpRect</STRONG> (Thumb, 50 bytes, Stack size 128 bytes, widget_effect_simple.o(i._DrawUpRect))
<BR><BR>[Stack]<UL><LI>Max Depth = 296<LI>Call Chain = _DrawUpRect &rArr; GUI_DrawRect &rArr; WM__InitIVRSearch &rArr; WM__GetNextIVR &rArr; WM__ActivateClipRect &rArr; _SetClipRectUserIntersect &rArr; LCD_SetClipRectEx &rArr; GUI__IntersectRects
</UL>
<BR>[Calls]<UL><LI><a href="#[2e4]">&gt;&gt;</a>&nbsp;&nbsp;&nbsp;LCD_SetColor
<LI><a href="#[2e2]">&gt;&gt;</a>&nbsp;&nbsp;&nbsp;GUI_SaveContext_W
<LI><a href="#[2e0]">&gt;&gt;</a>&nbsp;&nbsp;&nbsp;GUI_RestoreContext
<LI><a href="#[20a]">&gt;&gt;</a>&nbsp;&nbsp;&nbsp;GUI_DrawRect
</UL>
<BR>[Called By]<UL><LI><a href="#[1b0]">&gt;&gt;</a>&nbsp;&nbsp;&nbsp;_DrawUp
</UL>
<BR>[Address Reference Count : 1]<UL><LI> widget_effect_simple.o(.constdata)
</UL>
<P><STRONG><a name="[43a]"></a>_Screen2hWin</STRONG> (Thumb, 90 bytes, Stack size 32 bytes, wm_screen2win.o(i._Screen2hWin))
<BR><BR>[Stack]<UL><LI>Max Depth = 32 + In Cycle
<LI>Call Chain = _Screen2hWin &rArr;  _Screen2hWin (Cycle)
</UL>
<BR>[Calls]<UL><LI><a href="#[270]">&gt;&gt;</a>&nbsp;&nbsp;&nbsp;GUI_ALLOC_h2p
<LI><a href="#[1f8]">&gt;&gt;</a>&nbsp;&nbsp;&nbsp;GUI_ALLOC_UnlockH
<LI><a href="#[1f7]">&gt;&gt;</a>&nbsp;&nbsp;&nbsp;GUI_ALLOC_LockH
<LI><a href="#[43b]">&gt;&gt;</a>&nbsp;&nbsp;&nbsp;WM__IsInWindow
<LI><a href="#[43a]">&gt;&gt;</a>&nbsp;&nbsp;&nbsp;_Screen2hWin
</UL>
<BR>[Called By]<UL><LI><a href="#[3d6]">&gt;&gt;</a>&nbsp;&nbsp;&nbsp;_Screen2hWinStop
<LI><a href="#[43a]">&gt;&gt;</a>&nbsp;&nbsp;&nbsp;_Screen2hWin
</UL>

<P><STRONG><a name="[3d6]"></a>_Screen2hWinStop</STRONG> (Thumb, 30 bytes, Stack size 16 bytes, wm_screen2win.o(i._Screen2hWinStop))
<BR><BR>[Stack]<UL><LI>Max Depth = 48<LI>Call Chain = _Screen2hWinStop &rArr; _Screen2hWin &rArr;  _Screen2hWin (Cycle)
</UL>
<BR>[Calls]<UL><LI><a href="#[43c]">&gt;&gt;</a>&nbsp;&nbsp;&nbsp;WM_GetDesktopWindowEx
<LI><a href="#[43a]">&gt;&gt;</a>&nbsp;&nbsp;&nbsp;_Screen2hWin
</UL>
<BR>[Called By]<UL><LI><a href="#[3c0]">&gt;&gt;</a>&nbsp;&nbsp;&nbsp;WM_Screen2hWin
</UL>

<P><STRONG><a name="[3fe]"></a>_CreateBuffer</STRONG> (Thumb, 162 bytes, Stack size 24 bytes, gui_sprite.o(i._CreateBuffer))
<BR><BR>[Stack]<UL><LI>Max Depth = 160<LI>Call Chain = _CreateBuffer &rArr; GUI_ALLOC_AllocNoInit &rArr; _Alloc &rArr; _InitOnce &rArr; _EnlargeBlocks &rArr;  _Alloc (Cycle)
</UL>
<BR>[Calls]<UL><LI><a href="#[2b6]">&gt;&gt;</a>&nbsp;&nbsp;&nbsp;GUI_DEVICE__GetpDriver
<LI><a href="#[1f7]">&gt;&gt;</a>&nbsp;&nbsp;&nbsp;GUI_ALLOC_LockH
<LI><a href="#[26f]">&gt;&gt;</a>&nbsp;&nbsp;&nbsp;GUI_ALLOC_GetMaxSize
<LI><a href="#[266]">&gt;&gt;</a>&nbsp;&nbsp;&nbsp;GUI_ALLOC_AllocNoInit
</UL>
<BR>[Called By]<UL><LI><a href="#[2e1]">&gt;&gt;</a>&nbsp;&nbsp;&nbsp;_SetPosition
</UL>

<P><STRONG><a name="[420]"></a>_FlushBuffer</STRONG> (Thumb, 122 bytes, Stack size 48 bytes, gui_sprite.o(i._FlushBuffer))
<BR><BR>[Stack]<UL><LI>Max Depth = 56<LI>Call Chain = _FlushBuffer &rArr; GUI__CompactPixelIndices
</UL>
<BR>[Calls]<UL><LI><a href="#[3fb]">&gt;&gt;</a>&nbsp;&nbsp;&nbsp;GUI__CompactPixelIndices
</UL>
<BR>[Called By]<UL><LI><a href="#[446]">&gt;&gt;</a>&nbsp;&nbsp;&nbsp;_SetBkIndexBuffered
<LI><a href="#[438]">&gt;&gt;</a>&nbsp;&nbsp;&nbsp;_ReleaseBuffer
</UL>

<P><STRONG><a name="[422]"></a>_GetBkIndex</STRONG> (Thumb, 108 bytes, Stack size 32 bytes, gui_sprite.o(i._GetBkIndex))
<BR><BR>[Stack]<UL><LI>Max Depth = 48<LI>Call Chain = _GetBkIndex &rArr; GUI_GetBitmapPixelIndex &rArr; GUI_GetBitmapPixelIndexEx
</UL>
<BR>[Calls]<UL><LI><a href="#[290]">&gt;&gt;</a>&nbsp;&nbsp;&nbsp;GUI_GetBitmapPixelIndex
</UL>
<BR>[Called By]<UL><LI><a href="#[2e1]">&gt;&gt;</a>&nbsp;&nbsp;&nbsp;_SetPosition
</UL>

<P><STRONG><a name="[423]"></a>_GetBkIndexAlpha</STRONG> (Thumb, 128 bytes, Stack size 32 bytes, gui_sprite.o(i._GetBkIndexAlpha))
<BR><BR>[Stack]<UL><LI>Max Depth = 48<LI>Call Chain = _GetBkIndexAlpha &rArr; GUI_GetBitmapPixelIndex &rArr; GUI_GetBitmapPixelIndexEx
</UL>
<BR>[Calls]<UL><LI><a href="#[290]">&gt;&gt;</a>&nbsp;&nbsp;&nbsp;GUI_GetBitmapPixelIndex
</UL>
<BR>[Called By]<UL><LI><a href="#[2e1]">&gt;&gt;</a>&nbsp;&nbsp;&nbsp;_SetPosition
</UL>

<P><STRONG><a name="[425]"></a>_GetDeviceRect</STRONG> (Thumb, 58 bytes, Stack size 16 bytes, gui_sprite.o(i._GetDeviceRect))
<BR><BR>[Stack]<UL><LI>Max Depth = 32<LI>Call Chain = _GetDeviceRect &rArr; LCD_GetYSizeEx &rArr; _GetDevProp
</UL>
<BR>[Calls]<UL><LI><a href="#[2bd]">&gt;&gt;</a>&nbsp;&nbsp;&nbsp;LCD_GetYSizeEx
<LI><a href="#[2bc]">&gt;&gt;</a>&nbsp;&nbsp;&nbsp;LCD_GetXSizeEx
</UL>
<BR>[Called By]<UL><LI><a href="#[2e1]">&gt;&gt;</a>&nbsp;&nbsp;&nbsp;_SetPosition
</UL>

<P><STRONG><a name="[438]"></a>_ReleaseBuffer</STRONG> (Thumb, 28 bytes, Stack size 16 bytes, gui_sprite.o(i._ReleaseBuffer))
<BR><BR>[Stack]<UL><LI>Max Depth = 72<LI>Call Chain = _ReleaseBuffer &rArr; _FlushBuffer &rArr; GUI__CompactPixelIndices
</UL>
<BR>[Calls]<UL><LI><a href="#[1f8]">&gt;&gt;</a>&nbsp;&nbsp;&nbsp;GUI_ALLOC_UnlockH
<LI><a href="#[269]">&gt;&gt;</a>&nbsp;&nbsp;&nbsp;GUI_ALLOC_Free
<LI><a href="#[420]">&gt;&gt;</a>&nbsp;&nbsp;&nbsp;_FlushBuffer
</UL>
<BR>[Called By]<UL><LI><a href="#[2e1]">&gt;&gt;</a>&nbsp;&nbsp;&nbsp;_SetPosition
</UL>

<P><STRONG><a name="[446]"></a>_SetBkIndexBuffered</STRONG> (Thumb, 74 bytes, Stack size 24 bytes, gui_sprite.o(i._SetBkIndexBuffered))
<BR><BR>[Stack]<UL><LI>Max Depth = 80<LI>Call Chain = _SetBkIndexBuffered &rArr; _FlushBuffer &rArr; GUI__CompactPixelIndices
</UL>
<BR>[Calls]<UL><LI><a href="#[420]">&gt;&gt;</a>&nbsp;&nbsp;&nbsp;_FlushBuffer
</UL>
<BR>[Called By]<UL><LI><a href="#[2e1]">&gt;&gt;</a>&nbsp;&nbsp;&nbsp;_SetPosition
</UL>

<P><STRONG><a name="[2e1]"></a>_SetPosition</STRONG> (Thumb, 1116 bytes, Stack size 216 bytes, gui_sprite.o(i._SetPosition))
<BR><BR>[Stack]<UL><LI>Max Depth = 376<LI>Call Chain = _SetPosition &rArr; _CreateBuffer &rArr; GUI_ALLOC_AllocNoInit &rArr; _Alloc &rArr; _InitOnce &rArr; _EnlargeBlocks &rArr;  _Alloc (Cycle)
</UL>
<BR>[Calls]<UL><LI><a href="#[290]">&gt;&gt;</a>&nbsp;&nbsp;&nbsp;GUI_GetBitmapPixelIndex
<LI><a href="#[1f8]">&gt;&gt;</a>&nbsp;&nbsp;&nbsp;GUI_ALLOC_UnlockH
<LI><a href="#[1f7]">&gt;&gt;</a>&nbsp;&nbsp;&nbsp;GUI_ALLOC_LockH
<LI><a href="#[2b4]">&gt;&gt;</a>&nbsp;&nbsp;&nbsp;GUI_MEMDEV_Select
<LI><a href="#[446]">&gt;&gt;</a>&nbsp;&nbsp;&nbsp;_SetBkIndexBuffered
<LI><a href="#[438]">&gt;&gt;</a>&nbsp;&nbsp;&nbsp;_ReleaseBuffer
<LI><a href="#[425]">&gt;&gt;</a>&nbsp;&nbsp;&nbsp;_GetDeviceRect
<LI><a href="#[423]">&gt;&gt;</a>&nbsp;&nbsp;&nbsp;_GetBkIndexAlpha
<LI><a href="#[422]">&gt;&gt;</a>&nbsp;&nbsp;&nbsp;_GetBkIndex
<LI><a href="#[3fe]">&gt;&gt;</a>&nbsp;&nbsp;&nbsp;_CreateBuffer
</UL>
<BR>[Called By]<UL><LI><a href="#[275]">&gt;&gt;</a>&nbsp;&nbsp;&nbsp;GUI_SPRITE_SetPosition
</UL>

<P><STRONG><a name="[93]"></a>_scanf_char_input</STRONG> (Thumb, 12 bytes, Stack size 0 bytes, scanf_char.o(.text))
<BR>[Address Reference Count : 1]<UL><LI> scanf_char.o(.text)
</UL><P>
<H3>
Undefined Global Symbols
</H3><HR></body></html>
