Component: ARM Compiler 5.06 update 6 (build 750) Tool: armlink [4d35ed]

==============================================================================

Section Cross References

    main.o(i.CPU_CACHE_Enable) refers to main.o(i.SCB_EnableICache) for SCB_EnableICache
    main.o(i.CPU_CACHE_Enable) refers to main.o(i.SCB_EnableDCache) for SCB_EnableDCache
    main.o(i.HAL_GetTick) refers to rt_time.o(.data) for os_time
    main.o(i.MPU_Config) refers to stm32f7xx_hal_cortex.o(i.HAL_MPU_Disable) for HAL_MPU_Disable
    main.o(i.MPU_Config) refers to stm32f7xx_hal_cortex.o(i.HAL_MPU_ConfigRegion) for HAL_MPU_ConfigRegion
    main.o(i.MPU_Config) refers to stm32f7xx_hal_cortex.o(i.HAL_MPU_Enable) for HAL_MPU_Enable
    main.o(i.MX_GPIO_Init) refers to stm32f7xx_hal_gpio.o(i.HAL_GPIO_WritePin) for HAL_GPIO_WritePin
    main.o(i.MX_GPIO_Init) refers to stm32f7xx_hal_gpio.o(i.HAL_GPIO_Init) for HAL_GPIO_Init
    main.o(i.MX_GPIO_Init) refers to stm32f7xx_hal_cortex.o(i.HAL_NVIC_SetPriority) for HAL_NVIC_SetPriority
    main.o(i.MX_GPIO_Init) refers to stm32f7xx_hal_cortex.o(i.HAL_NVIC_EnableIRQ) for HAL_NVIC_EnableIRQ
    main.o(i.SystemClock_Config) refers to stm32f7xx_hal_rcc.o(i.HAL_RCC_OscConfig) for HAL_RCC_OscConfig
    main.o(i.SystemClock_Config) refers to main.o(i.Error_Handler) for Error_Handler
    main.o(i.SystemClock_Config) refers to stm32f7xx_hal_pwr_ex.o(i.HAL_PWREx_EnableOverDrive) for HAL_PWREx_EnableOverDrive
    main.o(i.SystemClock_Config) refers to stm32f7xx_hal_rcc.o(i.HAL_RCC_ClockConfig) for HAL_RCC_ClockConfig
    main.o(i.main) refers to main.o(i.MPU_Config) for MPU_Config
    main.o(i.main) refers to main.o(i.CPU_CACHE_Enable) for CPU_CACHE_Enable
    main.o(i.main) refers to rt_cmsis.o(i.osKernelInitialize) for osKernelInitialize
    main.o(i.main) refers to stm32f7xx_hal.o(i.HAL_Init) for HAL_Init
    main.o(i.main) refers to main.o(i.SystemClock_Config) for SystemClock_Config
    main.o(i.main) refers to main.o(i.MX_GPIO_Init) for MX_GPIO_Init
    main.o(i.main) refers to stm32746g_discovery_sdram.o(i.BSP_SDRAM_Init) for BSP_SDRAM_Init
    main.o(i.main) refers to gui_core.o(i.GUI_Init) for GUI_Init
    main.o(i.main) refers to gui_common.o(i.GUI_SetBkColor) for GUI_SetBkColor
    main.o(i.main) refers to gui_core.o(i.GUI_Clear) for GUI_Clear
    main.o(i.main) refers to gui_common.o(i.GUI_SetColor) for GUI_SetColor
    main.o(i.main) refers to gui_2dlib.o(i.GUI_DrawRect) for GUI_DrawRect
    main.o(i.main) refers to gui_common.o(i.GUI_SetFont) for GUI_SetFont
    main.o(i.main) refers to gui_dispstring.o(i.GUI_DispStringHCenterAt) for GUI_DispStringHCenterAt
    main.o(i.main) refers to rt_cmsis.o(i.osDelay) for osDelay
    main.o(i.main) refers to thread.o(i.Init_Thread1) for Init_Thread1
    main.o(i.main) refers to thread.o(i.Init_Thread2) for Init_Thread2
    main.o(i.main) refers to thread.o(i.Init_Interrupt_Thread) for Init_Interrupt_Thread
    main.o(i.main) refers to rt_cmsis.o(i.osKernelStart) for osKernelStart
    main.o(i.main) refers to stm32f7xx_hal_gpio.o(i.HAL_GPIO_TogglePin) for HAL_GPIO_TogglePin
    main.o(i.main) refers to f20b_ascii.o(.constdata) for GUI_Font20B_ASCII
    main.o(i.main) refers to main.o(.data) for tdelay
    thread.o(i.Init_Interrupt_Thread) refers to rt_cmsis.o(i.osThreadCreate) for osThreadCreate
    thread.o(i.Init_Interrupt_Thread) refers to thread.o(.constdata) for os_thread_def_int3
    thread.o(i.Init_Interrupt_Thread) refers to thread.o(.data) for int_thread
    thread.o(i.Init_Thread1) refers to rt_cmsis.o(i.osThreadCreate) for osThreadCreate
    thread.o(i.Init_Thread1) refers to thread.o(.constdata) for os_thread_def_td1
    thread.o(i.Init_Thread1) refers to thread.o(.data) for thread1
    thread.o(i.Init_Thread2) refers to rt_cmsis.o(i.osThreadCreate) for osThreadCreate
    thread.o(i.Init_Thread2) refers to thread.o(.constdata) for os_thread_def_td2
    thread.o(i.Init_Thread2) refers to thread.o(.data) for thread2
    thread.o(i.int3) refers to rt_cmsis.o(i.osSignalWait) for osSignalWait
    thread.o(i.int3) refers to gui_common.o(i.GUI_SetColor) for GUI_SetColor
    thread.o(i.int3) refers to gui_common.o(i.GUI_SetFont) for GUI_SetFont
    thread.o(i.int3) refers to gui_dispstring.o(i.GUI_DispStringHCenterAt) for GUI_DispStringHCenterAt
    thread.o(i.int3) refers to f13h_ascii.o(.constdata) for GUI_Font13H_ASCII
    thread.o(i.int3) refers to thread.o(.data) for y3
    thread.o(i.td1) refers to rt_cmsis.o(i.osSignalWait) for osSignalWait
    thread.o(i.td1) refers to gui_common.o(i.GUI_SetColor) for GUI_SetColor
    thread.o(i.td1) refers to gui_common.o(i.GUI_SetFont) for GUI_SetFont
    thread.o(i.td1) refers to gui_dispstring.o(i.GUI_DispStringHCenterAt) for GUI_DispStringHCenterAt
    thread.o(i.td1) refers to rt_cmsis.o(i.osDelay) for osDelay
    thread.o(i.td1) refers to f13h_ascii.o(.constdata) for GUI_Font13H_ASCII
    thread.o(i.td1) refers to thread.o(.data) for y1
[...]
    0x0800336c   0x0800336c   0x0000002c   Code   RO          684    i.HAL_MPU_Disable   stm32f7xx_hal_cortex.o
    0x08003398   0x08003398   0x00000040   Code   RO          685    i.HAL_MPU_Enable    stm32f7xx_hal_cortex.o
    0x080033d8   0x080033d8   0x00000002   Code   RO          544    i.HAL_MspInit       stm32f7xx_hal.o
    0x080033da   0x080033da   0x00000020   Code   RO          688    i.HAL_NVIC_EnableIRQ  stm32f7xx_hal_cortex.o
    0x080033fa   0x080033fa   0x0000007c   Code   RO          694    i.HAL_NVIC_SetPriority  stm32f7xx_hal_cortex.o
    0x08003476   0x08003476   0x00000002   PAD
    0x08003478   0x08003478   0x00000028   Code   RO          695    i.HAL_NVIC_SetPriorityGrouping  stm32f7xx_hal_cortex.o
    0x080034a0   0x080034a0   0x00000090   Code   RO         1638    i.HAL_PWREx_EnableOverDrive  stm32f7xx_hal_pwr_ex.o
    0x08003530   0x08003530   0x00000918   Code   RO         1828    i.HAL_RCCEx_PeriphCLKConfig  stm32f7xx_hal_rcc_ex.o
    0x08003e48   0x08003e48   0x000001b4   Code   RO         1725    i.HAL_RCC_ClockConfig  stm32f7xx_hal_rcc.o
    0x08003ffc   0x08003ffc   0x000000b4   Code   RO         1734    i.HAL_RCC_GetSysClockFreq  stm32f7xx_hal_rcc.o
    0x080040b0   0x080040b0   0x000004e8   Code   RO         1737    i.HAL_RCC_OscConfig  stm32f7xx_hal_rcc.o
    0x08004598   0x08004598   0x00000040   Code   RO         1868    i.HAL_SDRAM_Init    stm32f7xx_hal_sdram.o
    0x080045d8   0x080045d8   0x00000002   Code   RO         1870    i.HAL_SDRAM_MspInit  stm32f7xx_hal_sdram.o
    0x080045da   0x080045da   0x00000028   Code   RO         1871    i.HAL_SDRAM_ProgramRefreshRate  stm32f7xx_hal_sdram.o
    0x08004602   0x08004602   0x0000003a   Code   RO         1877    i.HAL_SDRAM_SendCommand  stm32f7xx_hal_sdram.o
    0x0800463c   0x0800463c   0x00000034   Code   RO          699    i.HAL_SYSTICK_Config  stm32f7xx_hal_cortex.o
    0x08004670   0x08004670   0x00000004   Code   RO          287    i.HardFault_Handler  stm32f7xx_it.o
    0x08004674   0x08004674   0x00000018   Code   RO          209    i.Init_Interrupt_Thread  thread.o
    0x0800468c   0x0800468c   0x00000018   Code   RO          210    i.Init_Thread1      thread.o
    0x080046a4   0x080046a4   0x00000018   Code   RO          211    i.Init_Thread2      thread.o
    0x080046bc   0x080046bc   0x0000001c   Code   RO         4032    i.LCD_Color2Index   GUI_CM4F_L.lib(lcd.o)
    0x080046d8   0x080046d8   0x00000056   Code   RO         3398    i.LCD_Color2Index_8666  GUI_CM4F_L.lib(guicc_8666.o)
    0x0800472e   0x0800472e   0x00000002   PAD
    0x08004730   0x08004730   0x00000204   Code   RO         4033    i.LCD_DrawBitmap    GUI_CM4F_L.lib(lcd.o)
    0x08004934   0x08004934   0x00000058   Code   RO         4034    i.LCD_DrawHLine     GUI_CM4F_L.lib(lcd.o)
    0x0800498c   0x0800498c   0x00000068   Code   RO         4035    i.LCD_DrawPixel     GUI_CM4F_L.lib(lcd.o)
    0x080049f4   0x080049f4   0x00000054   Code   RO         4036    i.LCD_DrawVLine     GUI_CM4F_L.lib(lcd.o)
    0x08004a48   0x08004a48   0x00000058   Code   RO         4038    i.LCD_FillRect      GUI_CM4F_L.lib(lcd.o)
    0x08004aa0   0x08004aa0   0x00000006   Code   RO         4111    i.LCD_GetBitsPerPixelEx  GUI_CM4F_L.lib(lcd_getex.o)
    0x08004aa6   0x08004aa6   0x00000002   PAD
    0x08004aa8   0x08004aa8   0x00000010   Code   RO         5373    i.LCD_GetBkColorIndex  GUI_CM4F_L.lib(lcd_getcolorindex.o)
    0x08004ab8   0x08004ab8   0x00000010   Code   RO         5374    i.LCD_GetColorIndex  GUI_CM4F_L.lib(lcd_getcolorindex.o)
    0x08004ac8   0x08004ac8   0x00000018   Code   RO         4113    i.LCD_GetDevFunc    GUI_CM4F_L.lib(lcd_getex.o)
    0x08004ae0   0x08004ae0   0x00000006   Code   RO         4115    i.LCD_GetMirrorXEx  GUI_CM4F_L.lib(lcd_getex.o)
    0x08004ae6   0x08004ae6   0x00000006   Code   RO         4117    i.LCD_GetMirrorYEx  GUI_CM4F_L.lib(lcd_getex.o)
    0x08004aec   0x08004aec   0x00000010   Code   RO         4118    i.LCD_GetNumColors  GUI_CM4F_L.lib(lcd_getex.o)
    0x08004afc   0x08004afc   0x00000006   Code   RO         4119    i.LCD_GetNumColorsEx  GUI_CM4F_L.lib(lcd_getex.o)
    0x08004b02   0x08004b02   0x0000001a   Code   RO         5383    i.LCD_GetNumLayers  GUI_CM4F_L.lib(lcd_getnumdisplays.o)
    0x08004b1c   0x08004b1c   0x00000010   Code   RO         4120    i.LCD_GetPalette    GUI_CM4F_L.lib(lcd_getex.o)
    0x08004b2c   0x08004b2c   0x00000018   Code   RO         4121    i.LCD_GetPaletteEx  GUI_CM4F_L.lib(lcd_getex.o)
    0x08004b44   0x08004b44   0x0000002c   Code   RO         4203    i.LCD_GetPosEx      GUI_CM4F_L.lib(lcd_set.o)
    0x08004b70   0x08004b70   0x00000006   Code   RO         4123    i.LCD_GetSwapXYEx   GUI_CM4F_L.lib(lcd_getex.o)
    0x08004b76   0x08004b76   0x00000006   Code   RO         4128    i.LCD_GetVXSizeMax  GUI_CM4F_L.lib(lcd_getex.o)
    0x08004b7c   0x08004b7c   0x0000000c   Code   RO         4135    i.LCD_GetXSizeDisplay  GUI_CM4F_L.lib(lcd_getex.o)
    0x08004b88   0x08004b88   0x00000006   Code   RO         4136    i.LCD_GetXSizeEx    GUI_CM4F_L.lib(lcd_getex.o)
    0x08004b8e   0x08004b8e   0x00000006   Code   RO         4137    i.LCD_GetXSizeMax   GUI_CM4F_L.lib(lcd_getex.o)
    0x08004b94   0x08004b94   0x0000000c   Code   RO         4141    i.LCD_GetYSizeDisplay  GUI_CM4F_L.lib(lcd_getex.o)
    0x08004ba0   0x08004ba0   0x00000006   Code   RO         4142    i.LCD_GetYSizeEx    GUI_CM4F_L.lib(lcd_getex.o)
    0x08004ba6   0x08004ba6   0x00000006   Code   RO         4143    i.LCD_GetYSizeMax   GUI_CM4F_L.lib(lcd_getex.o)
    0x08004bac   0x08004bac   0x00000004   Code   RO         4083    i.LCD_GetpPalConvTable  GUI_CM4F_L.lib(lcd_color.o)
    0x08004bb0   0x08004bb0   0x00000004   Code   RO         4084    i.LCD_GetpPalConvTableBM  GUI_CM4F_L.lib(lcd_color.o)
    0x08004bb4   0x08004bb4   0x0000005c   Code   RO         4085    i.LCD_GetpPalConvTableUncached  GUI_CM4F_L.lib(lcd_color.o)
    0x08004c10   0x08004c10   0x0000001c   Code   RO         4039    i.LCD_Index2Color   GUI_CM4F_L.lib(lcd.o)
    0x08004c2c   0x08004c2c   0x00000064   Code   RO         3399    i.LCD_Index2Color_8666  GUI_CM4F_L.lib(guicc_8666.o)
    0x08004c90   0x08004c90   0x00000002   Code   RO         5349    i.LCD_Index2Color_8888  GUI_CM4F_L.lib(guicc_8888_index2color.o)
    0x08004c92   0x08004c92   0x00000002   PAD
    0x08004c94   0x08004c94   0x0000002c   Code   RO         3995    i.LCD_Index2Color_M565  GUI_CM4F_L.lib(guicc_m565.o)
    0x08004cc0   0x08004cc0   0x00000014   Code   RO         5357    i.LCD_Index2Color_M888  GUI_CM4F_L.lib(guicc_m888_index2color.o)
    0x08004cd4   0x08004cd4   0x0000001e   Code   RO         5365    i.LCD_Index2Color_M8888I  GUI_CM4F_L.lib(guicc_m8888i_index2color.o)
    0x08004cf2   0x08004cf2   0x00000002   PAD
    0x08004cf4   0x08004cf4   0x0000009c   Code   RO         4040    i.LCD_Init          GUI_CM4F_L.lib(lcd.o)
    0x08004d90   0x08004d90   0x00000034   Code   RO         4086    i.LCD_InitColors    GUI_CM4F_L.lib(lcd_color.o)
    0x08004dc4   0x08004dc4   0x0000007c   Code   RO         4087    i.LCD_InitLUT       GUI_CM4F_L.lib(lcd_color.o)
    0x08004e40   0x08004e40   0x00000198   Code   RO         5411    i.LCD_ReadRectEx    GUI_CM4F_L.lib(lcd_readrect.o)
    0x08004fd8   0x08004fd8   0x00000040   Code   RO         5482    i.LCD_SelectLCD     GUI_CM4F_L.lib(lcd_selectlcd.o)
    0x08005018   0x08005018   0x0000000c   Code   RO         4042    i.LCD_SetBkColor    GUI_CM4F_L.lib(lcd.o)
    0x08005024   0x08005024   0x00000018   Code   RO         4043    i.LCD_SetBkColorIndex  GUI_CM4F_L.lib(lcd.o)
    0x0800503c   0x0800503c   0x00000030   Code   RO         5929    i.LCD_SetClipRectEx  GUI_CM4F_L.lib(lcd_setcliprectex.o)
    0x0800506c   0x0800506c   0x0000001c   Code   RO         4044    i.LCD_SetClipRectMax  GUI_CM4F_L.lib(lcd.o)
    0x08005088   0x08005088   0x0000000c   Code   RO         4045    i.LCD_SetColor      GUI_CM4F_L.lib(lcd.o)
    0x08005094   0x08005094   0x00000018   Code   RO         4046    i.LCD_SetColorIndex  GUI_CM4F_L.lib(lcd.o)
    0x080050ac   0x080050ac   0x0000002c   Code   RO         4220    i.LCD_SetDevFunc    GUI_CM4F_L.lib(lcd_set.o)
    0x080050d8   0x080050d8   0x0000000c   Code   RO         4146    i.LCD_SetDisplaySize  GUI_CM4F_L.lib(lcd_getex.o)
    0x080050e4   0x080050e4   0x0000000c   Code   RO         4047    i.LCD_SetDrawMode   GUI_CM4F_L.lib(lcd.o)
    0x080050f0   0x080050f0   0x0000002c   Code   RO         4222    i.LCD_SetLUTEntryEx  GUI_CM4F_L.lib(lcd_set.o)
    0x0800511c   0x0800511c   0x0000002c   Code   RO         4227    i.LCD_SetSizeEx     GUI_CM4F_L.lib(lcd_set.o)
    0x08005148   0x08005148   0x00000028   Code   RO         4229    i.LCD_SetVRAMAddrEx  GUI_CM4F_L.lib(lcd_set.o)
    0x08005170   0x08005170   0x0000002c   Code   RO         4231    i.LCD_SetVSizeEx    GUI_CM4F_L.lib(lcd_set.o)
    0x0800519c   0x0800519c   0x00000024   Code   RO         5490    i.LCD_UpdateColorIndices  GUI_CM4F_L.lib(lcd_updatecolorindices.o)
    0x080051c0   0x080051c0   0x0000015c   Code   RO         2327    i.LCD_X_Config      lcdconf.o
    0x0800531c   0x0800531c   0x00000100   Code   RO         2328    i.LCD_X_DisplayDriver  lcdconf.o
    0x0800541c   0x0800541c   0x00000024   Code   RO          430    i.LCD_X_DisplayOff  lcd_x.o
    0x08005440   0x08005440   0x00000020   Code   RO          431    i.LCD_X_DisplayOn   lcd_x.o
    0x08005460   0x08005460   0x0000012c   Code   RO          432    i.LCD_X_Init        lcd_x.o
    0x0800558c   0x0800558c   0x00000010   Code   RO         2329    i.LTDC_IRQHandler   lcdconf.o
    0x0800559c   0x0800559c   0x00000212   Code   RO         1272    i.LTDC_SetConfig    stm32f7xx_hal_ltdc.o
    0x080057ae   0x080057ae   0x00000002   PAD
    0x080057b0   0x080057b0   0x0000004c   Code   RO            7    i.MPU_Config        main.o
    0x080057fc   0x080057fc   0x000000ac   Code   RO            8    i.MX_GPIO_Init      main.o
    0x080058a8   0x080058a8   0x00000004   Code   RO          288    i.MemManage_Handler  stm32f7xx_it.o
    0x080058ac   0x080058ac   0x00000002   Code   RO          289    i.NMI_Handler       stm32f7xx_it.o
    0x080058ae   0x080058ae   0x00000002   PAD
    0x080058b0   0x080058b0   0x0000009c   Code   RO            9    i.SCB_EnableDCache  main.o
    0x0800594c   0x0800594c   0x0000007c   Code   RO           10    i.SCB_EnableICache  main.o
    0x080059c8   0x080059c8   0x0000006a   Code   RO           11    i.SystemClock_Config  main.o
    0x08005a32   0x08005a32   0x00000002   PAD
    0x08005a34   0x08005a34   0x00000064   Code   RO         2176    i.SystemInit        system_stm32f7xx.o
    0x08005a98   0x08005a98   0x00000004   Code   RO          290    i.UsageFault_Handler  stm32f7xx_it.o
    0x08005a9c   0x08005a9c   0x00000010   Code   RO         5539    i.WM_Activate       GUI_CM4F_L.lib(wm.o)
    0x08005aac   0x08005aac   0x00000088   Code   RO         5665    i.WM_BringToBottom  GUI_CM4F_L.lib(wm_lib.o)
    0x08005b34   0x08005b34   0x00000150   Code   RO         5541    i.WM_CreateWindowAsChild  GUI_CM4F_L.lib(wm.o)
    0x08005c84   0x08005c84   0x00000048   Code   RO         5543    i.WM_DefaultProc    GUI_CM4F_L.lib(wm.o)
    0x08005ccc   0x08005ccc   0x00000018   Code   RO         5678    i.WM_GetDesktopWindow  GUI_CM4F_L.lib(wm_lib.o)
    0x08005ce4   0x08005ce4   0x0000001a   Code   RO         5681    i.WM_GetFirstChild  GUI_CM4F_L.lib(wm_lib.o)
    0x08005cfe   0x08005cfe   0x0000001a   Code   RO         5694    i.WM_GetParent      GUI_CM4F_L.lib(wm_lib.o)
    0x08005d18   0x08005d18   0x000000dc   Code   RO         5549    i.WM_Init           GUI_CM4F_L.lib(wm.o)
    0x08005df4   0x08005df4   0x00000080   Code   RO         5550    i.WM_InvalidateRect  GUI_CM4F_L.lib(wm.o)
    0x08005e74   0x08005e74   0x00000006   Code   RO         5551    i.WM_InvalidateWindow  GUI_CM4F_L.lib(wm.o)
    0x08005e7a   0x08005e7a   0x0000005e   Code   RO         5552    i.WM_InvalidateWindowAndDescsEx  GUI_CM4F_L.lib(wm.o)
    0x08005ed8   0x08005ed8   0x00000044   Code   RO         5553    i.WM_SelectWindow   GUI_CM4F_L.lib(wm.o)
    0x08005f1c   0x08005f1c   0x00000026   Code   RO         5719    i.WM_SendToParent   GUI_CM4F_L.lib(wm_lib.o)
    0x08005f42   0x08005f42   0x00000002   PAD
    0x08005f44   0x08005f44   0x00000048   Code   RO         5556    i.WM__ActivateClipRect  GUI_CM4F_L.lib(wm.o)
    0x08005f8c   0x08005f8c   0x00000010   Code   RO         6027    i.WM__AddCriticalHandle  GUI_CM4F_L.lib(wm__private.o)
    0x08005f9c   0x08005f9c   0x00000010   Code   RO         5557    i.WM__Client2Screen  GUI_CM4F_L.lib(wm.o)
    0x08005fac   0x08005fac   0x0000004e   Code   RO         5558    i.WM__ClipAtParentBorders  GUI_CM4F_L.lib(wm.o)
    0x08005ffa   0x08005ffa   0x00000020   Code   RO         6029    i.WM__GetClientRectEx  GUI_CM4F_L.lib(wm__private.o)
    0x0800601a   0x0800601a   0x00000018   Code   RO         5561    i.WM__GetClientRectWin  GUI_CM4F_L.lib(wm.o)
    0x08006032   0x08006032   0x00000012   Code   RO         6030    i.WM__GetFirstSibling  GUI_CM4F_L.lib(wm__private.o)
    0x08006044   0x08006044   0x00000040   Code   RO         5562    i.WM__GetNextIVR    GUI_CM4F_L.lib(wm.o)
    0x08006084   0x08006084   0x00000024   Code   RO         6035    i.WM__GetPrevSibling  GUI_CM4F_L.lib(wm__private.o)
    0x080060a8   0x080060a8   0x00000018   Code   RO         5563    i.WM__GetTopLevelLayer  GUI_CM4F_L.lib(wm.o)
    0x080060c0   0x080060c0   0x000000f0   Code   RO         5564    i.WM__InitIVRSearch  GUI_CM4F_L.lib(wm.o)
    0x080061b0   0x080061b0   0x000000a4   Code   RO         5565    i.WM__InsertWindowIntoList  GUI_CM4F_L.lib(wm.o)
    0x08006254   0x08006254   0x00000006   Code   RO         5566    i.WM__Invalidate1Abs  GUI_CM4F_L.lib(wm.o)
    0x0800625a   0x0800625a   0x00000002   PAD
    0x0800625c   0x0800625c   0x00000054   Code   RO         5567    i.WM__InvalidateDrawAndDescs  GUI_CM4F_L.lib(wm.o)
    0x080062b0   0x080062b0   0x00000076   Code   RO         5569    i.WM__InvalidateRect  GUI_CM4F_L.lib(wm.o)
    0x08006326   0x08006326   0x00000006   Code   RO         5570    i.WM__InvalidateRectEx  GUI_CM4F_L.lib(wm.o)
    0x0800632c   0x0800632c   0x00000020   Code   RO         5575    i.WM__RectIsNZ      GUI_CM4F_L.lib(wm.o)
    0x0800634c   0x0800634c   0x00000014   Code   RO         5577    i.WM__SelectTopLevelLayer  GUI_CM4F_L.lib(wm.o)
    0x08006360   0x08006360   0x0000003c   Code   RO         6043    i.WM__SendMessage   GUI_CM4F_L.lib(wm__private.o)
    0x0800639c   0x0800639c   0x0000000e   Code   RO         5578    i.WM__SendMsgNoData  GUI_CM4F_L.lib(wm.o)
    0x080063aa   0x080063aa   0x00000002   PAD
    0x080063ac   0x080063ac   0x00000090   Code   RO         3561    i._AddFreeMemory    GUI_CM4F_L.lib(gui_alloc.o)
    0x0800643c   0x0800643c   0x000000b8   Code   RO         3562    i._Alloc            GUI_CM4F_L.lib(gui_alloc.o)
    0x080064f4   0x080064f4   0x00000004   Code   RO         5297    i._CalcSizeOfChar   GUI_CM4F_L.lib(gui_uc_encodenone.o)
    0x080064f8   0x080064f8   0x0000004c   Code   RO         3996    i._Color2IndexBulk  GUI_CM4F_L.lib(guicc_m565.o)
    0x08006544   0x08006544   0x00000034   Code   RO         4015    i._Color2IndexBulk  GUI_CM4F_L.lib(guicc_m888.o)
    0x08006578   0x08006578   0x00000044   Code   RO         3381    i._Color2IndexBulk_1616I  GUI_CM4F_L.lib(guicc_1616i.o)
    0x080065bc   0x080065bc   0x00000038   Code   RO         3412    i._Color2IndexBulk_88666I  GUI_CM4F_L.lib(guicc_88666i.o)
    0x080065f4   0x080065f4   0x00000054   Code   RO         3430    i._Color2IndexBulk_M1555I  GUI_CM4F_L.lib(guicc_m1555i.o)
    0x08006648   0x08006648   0x0000001c   Code   RO         2330    i._Color2IndexBulk_M1555I_DMA2D  lcdconf.o
    0x08006664   0x08006664   0x00000060   Code   RO         3450    i._Color2IndexBulk_M4444I  GUI_CM4F_L.lib(guicc_m4444i.o)
    0x080066c4   0x080066c4   0x0000001c   Code   RO         2331    i._Color2IndexBulk_M4444I_DMA2D  lcdconf.o
    0x080066e0   0x080066e0   0x00000044   Code   RO         3470    i._Color2IndexBulk_M8888I  GUI_CM4F_L.lib(guicc_m8888i.o)
    0x08006724   0x08006724   0x0000001c   Code   RO         2332    i._Color2IndexBulk_M8888I_DMA2D  lcdconf.o
    0x08006740   0x08006740   0x0000001c   Code   RO         2333    i._Color2IndexBulk_M888_DMA2D  lcdconf.o
    0x0800675c   0x0800675c   0x00000054   Code   RO         5334    i._Color2Index_0    GUI_CM4F_L.lib(guicc_0.o)
    0x080067b0   0x080067b0   0x00000072   Code   RO         5008    i._Color2Index_16   GUI_CM4F_L.lib(guicc_16.o)
    0x08006822   0x08006822   0x00000002   PAD
    0x08006824   0x08006824   0x00000028   Code   RO         3382    i._Color2Index_1616I  GUI_CM4F_L.lib(guicc_1616i.o)
    0x0800684c   0x0800684c   0x00000020   Code   RO         3413    i._Color2Index_88666I  GUI_CM4F_L.lib(guicc_88666i.o)
    0x0800686c   0x0800686c   0x00000030   Code   RO         3431    i._Color2Index_M1555I  GUI_CM4F_L.lib(guicc_m1555i.o)
    0x0800689c   0x0800689c   0x0000003a   Code   RO         3451    i._Color2Index_M4444I  GUI_CM4F_L.lib(guicc_m4444i.o)
    0x080068d6   0x080068d6   0x00000002   PAD
    0x080068d8   0x080068d8   0x0000002c   Code   RO         3997    i._Color2Index_M565  GUI_CM4F_L.lib(guicc_m565.o)
    0x08006904   0x08006904   0x00000014   Code   RO         4016    i._Color2Index_M888  GUI_CM4F_L.lib(guicc_m888.o)
    0x08006918   0x08006918   0x0000001e   Code   RO         3471    i._Color2Index_M8888I  GUI_CM4F_L.lib(guicc_m8888i.o)
    0x08006936   0x08006936   0x00000002   PAD
    0x08006938   0x08006938   0x0000006c   Code   RO         4272    i._CopyBuffer       GUI_CM4F_L.lib(guidrv_lin_24.o)
    0x080069a4   0x080069a4   0x00000054   Code   RO         2334    i._DMA_AlphaBlending  lcdconf.o
    0x080069f8   0x080069f8   0x00000040   Code   RO         2335    i._DMA_AlphaBlendingBulk  lcdconf.o
    0x08006a38   0x08006a38   0x00000034   Code   RO         2336    i._DMA_Color2IndexBulk  lcdconf.o
    0x08006a6c   0x08006a6c   0x00000040   Code   RO         2337    i._DMA_ConvertColor  lcdconf.o
    0x08006aac   0x08006aac   0x0000004c   Code   RO         2338    i._DMA_Copy         lcdconf.o
    0x08006af8   0x08006af8   0x00000044   Code   RO         2339    i._DMA_DrawBitmapL8  lcdconf.o
    0x08006b3c   0x08006b3c   0x00000024   Code   RO         2340    i._DMA_ExecOperation  lcdconf.o
    0x08006b60   0x08006b60   0x00000048   Code   RO         2341    i._DMA_Fill         lcdconf.o
    0x08006ba8   0x08006ba8   0x00000034   Code   RO         2342    i._DMA_Index2ColorBulk  lcdconf.o
    0x08006bdc   0x08006bdc   0x00000024   Code   RO         2343    i._DMA_LoadLUT      lcdconf.o
    0x08006c00   0x08006c00   0x0000009c   Code   RO         2344    i._DMA_MixColors    lcdconf.o
    0x08006c9c   0x08006c9c   0x00000054   Code   RO         2345    i._DMA_MixColorsBulk  lcdconf.o
    0x08006cf0   0x08006cf0   0x00000020   Code   RO         5580    i._DesktopHandle2Index  GUI_CM4F_L.lib(wm.o)
    0x08006d10   0x08006d10   0x00000090   Code   RO         5149    i._DispLine         GUI_CM4F_L.lib(gui_charline.o)
    0x08006da0   0x08006da0   0x00000648   Code   RO         4273    i._DrawBitLine1BPP  GUI_CM4F_L.lib(guidrv_lin_24.o)
    0x080073e8   0x080073e8   0x0000011c   Code   RO         5498    i._DrawBitLine1BPP  GUI_CM4F_L.lib(guidev_32.o)
    0x08007504   0x08007504   0x00000114   Code   RO         4274    i._DrawBitLine2BPP  GUI_CM4F_L.lib(guidrv_lin_24.o)
    0x08007618   0x08007618   0x000000e0   Code   RO         5499    i._DrawBitLine2BPP  GUI_CM4F_L.lib(guidev_32.o)
    0x080076f8   0x080076f8   0x00000152   Code   RO         4275    i._DrawBitLine32BPP  GUI_CM4F_L.lib(guidrv_lin_24.o)
    0x0800784a   0x0800784a   0x00000002   PAD
    0x0800784c   0x0800784c   0x000000b4   Code   RO         5500    i._DrawBitLine32BPP_DDB  GUI_CM4F_L.lib(guidev_32.o)
    0x08007900   0x08007900   0x00000114   Code   RO         4276    i._DrawBitLine4BPP  GUI_CM4F_L.lib(guidrv_lin_24.o)
    0x08007a14   0x08007a14   0x00000158   Code   RO         5501    i._DrawBitLine4BPP  GUI_CM4F_L.lib(guidev_32.o)
    0x08007b6c   0x08007b6c   0x0000009c   Code   RO         4277    i._DrawBitLine8BPP  GUI_CM4F_L.lib(guidrv_lin_24.o)
    0x08007c08   0x08007c08   0x00000148   Code   RO         4278    i._DrawBitmap       GUI_CM4F_L.lib(guidrv_lin_24.o)
    0x08007d50   0x08007d50   0x000002a8   Code   RO         5502    i._DrawBitmap       GUI_CM4F_L.lib(guidev_32.o)
    0x08007ff8   0x08007ff8   0x0000000a   Code   RO         4279    i._DrawHLine        GUI_CM4F_L.lib(guidrv_lin_24.o)
    0x08008002   0x08008002   0x0000000a   Code   RO         5503    i._DrawHLine        GUI_CM4F_L.lib(guidev_32.o)
    0x0800800c   0x0800800c   0x0000000c   Code   RO         4280    i._DrawVLine        GUI_CM4F_L.lib(guidrv_lin_24.o)
    0x08008018   0x08008018   0x000000ac   Code   RO         5504    i._DrawVLine        GUI_CM4F_L.lib(guidev_32.o)
    0x080080c4   0x080080c4   0x00000006   Code   RO         5298    i._Encode           GUI_CM4F_L.lib(gui_uc_encodenone.o)
    0x080080ca   0x080080ca   0x00000002   PAD
    0x080080cc   0x080080cc   0x0000009c   Code   RO         3563    i._EnlargeBlocks    GUI_CM4F_L.lib(gui_alloc.o)
    0x08008168   0x08008168   0x00000028   Code   RO         4281    i._FillRect         GUI_CM4F_L.lib(guidrv_lin_24.o)
    0x08008190   0x08008190   0x000000a4   Code   RO         5505    i._FillRect         GUI_CM4F_L.lib(guidev_32.o)
    0x08008234   0x08008234   0x00000338   Code   RO         4282    i._FillRectOpt24    GUI_CM4F_L.lib(guidrv_lin_24.o)
    0x0800856c   0x0800856c   0x00000148   Code   RO         5584    i._FindNext_IVR     GUI_CM4F_L.lib(wm.o)
    0x080086b4   0x080086b4   0x0000007c   Code   RO         5585    i._Findx0           GUI_CM4F_L.lib(wm.o)
    0x08008730   0x08008730   0x00000072   Code   RO         5586    i._Findx1           GUI_CM4F_L.lib(wm.o)
    0x080087a2   0x080087a2   0x000000a6   Code   RO         5587    i._Findy1           GUI_CM4F_L.lib(wm.o)
    0x08008848   0x08008848   0x00000028   Code   RO         2346    i._GetBufferSize    lcdconf.o
    0x08008870   0x08008870   0x00000004   Code   RO         5299    i._GetCharCode      GUI_CM4F_L.lib(gui_uc_encodenone.o)
    0x08008874   0x08008874   0x00000004   Code   RO         5300    i._GetCharSize      GUI_CM4F_L.lib(gui_uc_encodenone.o)
    0x08008878   0x08008878   0x0000001c   Code   RO         4283    i._GetDevData       GUI_CM4F_L.lib(guidrv_lin_24.o)
    0x08008894   0x08008894   0x00000010   Code   RO         5506    i._GetDevData       GUI_CM4F_L.lib(guidev_32.o)
    0x080088a4   0x080088a4   0x000000e0   Code   RO         4284    i._GetDevFunc       GUI_CM4F_L.lib(guidrv_lin_24.o)
    0x08008984   0x08008984   0x00000010   Code   RO         5507    i._GetDevFunc       GUI_CM4F_L.lib(guidev_32.o)
    0x08008994   0x08008994   0x0000001e   Code   RO         4149    i._GetDevProp       GUI_CM4F_L.lib(lcd_getex.o)
    0x080089b2   0x080089b2   0x0000003c   Code   RO         4285    i._GetDevProp       GUI_CM4F_L.lib(guidrv_lin_24.o)
    0x080089ee   0x080089ee   0x0000000c   Code   RO         5508    i._GetDevProp       GUI_CM4F_L.lib(guidev_32.o)
    0x080089fa   0x080089fa   0x00000052   Code   RO         5335    i._GetIndexMask_0   GUI_CM4F_L.lib(guicc_0.o)
    0x08008a4c   0x08008a4c   0x00000004   Code   RO         5009    i._GetIndexMask_16  GUI_CM4F_L.lib(guicc_16.o)
    0x08008a50   0x08008a50   0x00000004   Code   RO         3383    i._GetIndexMask_1616I  GUI_CM4F_L.lib(guicc_1616i.o)
    0x08008a54   0x08008a54   0x00000004   Code   RO         3400    i._GetIndexMask_8666  GUI_CM4F_L.lib(guicc_8666.o)
    0x08008a58   0x08008a58   0x00000006   Code   RO         3414    i._GetIndexMask_88666I  GUI_CM4F_L.lib(guicc_88666i.o)
    0x08008a5e   0x08008a5e   0x00000006   Code   RO         3432    i._GetIndexMask_M1555I  GUI_CM4F_L.lib(guicc_m1555i.o)
    0x08008a64   0x08008a64   0x00000006   Code   RO         3452    i._GetIndexMask_M4444I  GUI_CM4F_L.lib(guicc_m4444i.o)
    0x08008a6a   0x08008a6a   0x00000006   Code   RO         3998    i._GetIndexMask_M565  GUI_CM4F_L.lib(guicc_m565.o)
    0x08008a70   0x08008a70   0x00000006   Code   RO         4017    i._GetIndexMask_M888  GUI_CM4F_L.lib(guicc_m888.o)
    0x08008a76   0x08008a76   0x00000006   Code   RO         3472    i._GetIndexMask_M8888I  GUI_CM4F_L.lib(guicc_m8888i.o)
    0x08008a7c   0x08008a7c   0x0000001e   Code   RO         4150    i._GetMaxValue      GUI_CM4F_L.lib(lcd_getex.o)
    0x08008a9a   0x08008a9a   0x00000002   PAD
    0x08008a9c   0x08008a9c   0x0000001c   Code   RO         3564    i._GetMinIndex      GUI_CM4F_L.lib(gui_alloc.o)
    0x08008ab8   0x08008ab8   0x00000058   Code   RO         4286    i._GetPixelIndex    GUI_CM4F_L.lib(guidrv_lin_24.o)
    0x08008b10   0x08008b10   0x0000000e   Code   RO         5509    i._GetPixelIndex    GUI_CM4F_L.lib(guidev_32.o)
    0x08008b1e   0x08008b1e   0x00000002   PAD
    0x08008b20   0x08008b20   0x00000088   Code   RO         2347    i._GetPixelformat   lcdconf.o
    0x08008ba8   0x08008ba8   0x0000001c   Code   RO         4287    i._GetPos           GUI_CM4F_L.lib(guidrv_lin_24.o)
    0x08008bc4   0x08008bc4   0x00000016   Code   RO         4288    i._GetRect          GUI_CM4F_L.lib(guidrv_lin_24.o)
    0x08008bda   0x08008bda   0x00000034   Code   RO         5510    i._GetRect          GUI_CM4F_L.lib(guidev_32.o)
    0x08008c0e   0x08008c0e   0x00000002   PAD
    0x08008c10   0x08008c10   0x0000003c   Code   RO         5256    i._GetTaskNo        GUI_CM4F_L.lib(gui_task.o)
    0x08008c4c   0x08008c4c   0x00000058   Code   RO         3999    i._Index2ColorBulk  GUI_CM4F_L.lib(guicc_m565.o)
    0x08008ca4   0x08008ca4   0x00000034   Code   RO         4018    i._Index2ColorBulk  GUI_CM4F_L.lib(guicc_m888.o)
    0x08008cd8   0x08008cd8   0x0000004c   Code   RO         3384    i._Index2ColorBulk_1616I  GUI_CM4F_L.lib(guicc_1616i.o)
    0x08008d24   0x08008d24   0x00000044   Code   RO         3415    i._Index2ColorBulk_88666I  GUI_CM4F_L.lib(guicc_88666i.o)
    0x08008d68   0x08008d68   0x0000005c   Code   RO         3433    i._Index2ColorBulk_M1555I  GUI_CM4F_L.lib(guicc_m1555i.o)
    0x08008dc4   0x08008dc4   0x0000001c   Code   RO         2348    i._Index2ColorBulk_M1555I_DMA2D  lcdconf.o
    0x08008de0   0x08008de0   0x0000005c   Code   RO         3453    i._Index2ColorBulk_M4444I  GUI_CM4F_L.lib(guicc_m4444i.o)
    0x08008e3c   0x08008e3c   0x0000001c   Code   RO         2349    i._Index2ColorBulk_M4444I_DMA2D  lcdconf.o
    0x08008e58   0x08008e58   0x00000044   Code   RO         3473    i._Index2ColorBulk_M8888I  GUI_CM4F_L.lib(guicc_m8888i.o)
    0x08008e9c   0x08008e9c   0x0000001c   Code   RO         2350    i._Index2ColorBulk_M8888I_DMA2D  lcdconf.o
    0x08008eb8   0x08008eb8   0x0000001c   Code   RO         2351    i._Index2ColorBulk_M888_DMA2D  lcdconf.o
    0x08008ed4   0x08008ed4   0x00000020   Code   RO         5336    i._Index2Color_0    GUI_CM4F_L.lib(guicc_0.o)
    0x08008ef4   0x08008ef4   0x00000036   Code   RO         5010    i._Index2Color_16   GUI_CM4F_L.lib(guicc_16.o)
    0x08008f2a   0x08008f2a   0x00000002   PAD
    0x08008f2c   0x08008f2c   0x00000028   Code   RO         3385    i._Index2Color_1616I  GUI_CM4F_L.lib(guicc_1616i.o)
    0x08008f54   0x08008f54   0x00000020   Code   RO         3416    i._Index2Color_88666I  GUI_CM4F_L.lib(guicc_88666i.o)
    0x08008f74   0x08008f74   0x00000030   Code   RO         3434    i._Index2Color_M1555I  GUI_CM4F_L.lib(guicc_m1555i.o)
    0x08008fa4   0x08008fa4   0x00000030   Code   RO         3454    i._Index2Color_M4444I  GUI_CM4F_L.lib(guicc_m4444i.o)
    0x08008fd4   0x08008fd4   0x00000018   Code   RO         4289    i._Init             GUI_CM4F_L.lib(guidrv_lin_24.o)
    0x08008fec   0x08008fec   0x00000088   Code   RO         3821    i._InitContext      GUI_CM4F_L.lib(gui_core.o)
    0x08009074   0x08009074   0x0000008c   Code   RO         3565    i._InitOnce         GUI_CM4F_L.lib(gui_alloc.o)
    0x08009100   0x08009100   0x00000024   Code   RO         4290    i._InitOnce         GUI_CM4F_L.lib(guidrv_lin_24.o)
    0x08009124   0x08009124   0x00000090   Code   RO         5588    i._Invalidate1Abs   GUI_CM4F_L.lib(wm.o)
    0x080091b4   0x080091b4   0x00000014   Code   RO         2352    i._InvertAlpha      lcdconf.o
    0x080091c8   0x080091c8   0x0000002c   Code   RO         2353    i._InvertAlpha_SwapRB  lcdconf.o
    0x080091f4   0x080091f4   0x00000060   Code   RO         2354    i._LCD_CopyBuffer   lcdconf.o
    0x08009254   0x08009254   0x0000009c   Code   RO         2355    i._LCD_CopyRect     lcdconf.o
    0x080092f0   0x080092f0   0x0000001c   Code   RO         2356    i._LCD_DisplayOff   lcdconf.o
    0x0800930c   0x0800930c   0x0000001c   Code   RO         2357    i._LCD_DisplayOn    lcdconf.o
    0x08009328   0x08009328   0x00000084   Code   RO         2358    i._LCD_DrawBitmap16bpp  lcdconf.o
    0x080093ac   0x080093ac   0x00000084   Code   RO         2359    i._LCD_DrawBitmap8bpp  lcdconf.o
    0x08009430   0x08009430   0x000000a8   Code   RO         2360    i._LCD_FillRect     lcdconf.o
    0x080094d8   0x080094d8   0x00000070   Code   RO         2361    i._LCD_GetpPalConvTable  lcdconf.o
    0x08009548   0x08009548   0x000001cc   Code   RO         2362    i._LCD_InitController  lcdconf.o
    0x08009714   0x08009714   0x00000084   Code   RO         2363    i._LCD_MixColorsBulk  lcdconf.o
    0x08009798   0x08009798   0x0000002c   Code   RO         2364    i._LCD_SetChroma    lcdconf.o
    0x080097c4   0x080097c4   0x00000020   Code   RO         2365    i._LCD_SetChromaMode  lcdconf.o
    0x080097e4   0x080097e4   0x00000034   Code   RO         2366    i._LCD_SetLUTEntry  lcdconf.o
    0x08009818   0x08009818   0x00000018   Code   RO         2367    i._LCD_SetLayerAlpha  lcdconf.o
    0x08009830   0x08009830   0x0000001c   Code   RO         2368    i._LCD_SetLayerPos  lcdconf.o
    0x0800984c   0x0800984c   0x0000001c   Code   RO         2369    i._LCD_SetLayerSize  lcdconf.o
    0x08009868   0x08009868   0x00000044   Code   RO         2370    i._LCD_SetOrg       lcdconf.o
    0x080098ac   0x080098ac   0x0000004c   Code   RO         2371    i._LCD_SetVis       lcdconf.o
    0x080098f8   0x080098f8   0x00000002   Code   RO         5150    i._Log2VisBuffered  GUI_CM4F_L.lib(gui_charline.o)
    0x080098fa   0x080098fa   0x0000000a   Code   RO         4291    i._Off              GUI_CM4F_L.lib(guidrv_lin_24.o)
    0x08009904   0x08009904   0x0000000a   Code   RO         4292    i._On               GUI_CM4F_L.lib(guidrv_lin_24.o)
    0x0800990e   0x0800990e   0x00000002   PAD
    0x08009910   0x08009910   0x00000028   Code   RO         3497    i._OnExit           GUI_CM4F_L.lib(gui__alpha.o)
    0x08009938   0x08009938   0x00000038   Code   RO         3822    i._OnExit           GUI_CM4F_L.lib(gui_core.o)
    0x08009970   0x08009970   0x00000018   Code   RO         4090    i._OnExit           GUI_CM4F_L.lib(lcd_color.o)
    0x08009988   0x08009988   0x00000014   Code   RO         5257    i._OnExit           GUI_CM4F_L.lib(gui_task.o)
    0x0800999c   0x0800999c   0x00000088   Code   RO         5589    i._OnExit           GUI_CM4F_L.lib(wm.o)
    0x08009a24   0x08009a24   0x00000040   Code   RO         3566    i._PopFreeBlock     GUI_CM4F_L.lib(gui_alloc.o)
    0x08009a64   0x08009a64   0x00000028   Code   RO         3567    i._PushFreeBlock    GUI_CM4F_L.lib(gui_alloc.o)
    0x08009a8c   0x08009a8c   0x00000034   Code   RO         3568    i._RemoveFreeBlock  GUI_CM4F_L.lib(gui_alloc.o)
    0x08009ac0   0x08009ac0   0x000000a0   Code   RO         3569    i._RemoveHoles      GUI_CM4F_L.lib(gui_alloc.o)
    0x08009b60   0x08009b60   0x00000026   Code   RO         4293    i._SetAlpha         GUI_CM4F_L.lib(guidrv_lin_24.o)
    0x08009b86   0x08009b86   0x00000010   Code   RO         4294    i._SetAlphaMode     GUI_CM4F_L.lib(guidrv_lin_24.o)
    0x08009b96   0x08009b96   0x00000002   PAD
    0x08009b98   0x08009b98   0x00000020   Code   RO         4050    i._SetBkColor       GUI_CM4F_L.lib(lcd.o)
    0x08009bb8   0x08009bb8   0x00000012   Code   RO         4295    i._SetChroma        GUI_CM4F_L.lib(guidrv_lin_24.o)
    0x08009bca   0x08009bca   0x00000010   Code   RO         4296    i._SetChromaMode    GUI_CM4F_L.lib(guidrv_lin_24.o)
    0x08009bda   0x08009bda   0x00000002   PAD
    0x08009bdc   0x08009bdc   0x0000004c   Code   RO         5593    i._SetClipRectUserIntersect  GUI_CM4F_L.lib(wm.o)
    0x08009c28   0x08009c28   0x00000020   Code   RO         4051    i._SetColor         GUI_CM4F_L.lib(lcd.o)
    0x08009c48   0x08009c48   0x00000044   Code   RO         4297    i._SetDevFunc       GUI_CM4F_L.lib(guidrv_lin_24.o)
    0x08009c8c   0x08009c8c   0x0000002c   Code   RO         4052    i._SetDrawMode      GUI_CM4F_L.lib(lcd.o)
    0x08009cb8   0x08009cb8   0x000000a4   Code   RO         4298    i._SetOrg           GUI_CM4F_L.lib(guidrv_lin_24.o)
    0x08009d5c   0x08009d5c   0x00000008   Code   RO         5511    i._SetOrg           GUI_CM4F_L.lib(guidev_32.o)
    0x08009d64   0x08009d64   0x00000082   Code   RO         4299    i._SetPixelIndex    GUI_CM4F_L.lib(guidrv_lin_24.o)
    0x08009de6   0x08009de6   0x00000002   PAD
    0x08009de8   0x08009de8   0x00000048   Code   RO         5512    i._SetPixelIndex    GUI_CM4F_L.lib(guidev_32.o)
    0x08009e30   0x08009e30   0x000000f6   Code   RO         4300    i._SetPos           GUI_CM4F_L.lib(guidrv_lin_24.o)
    0x08009f26   0x08009f26   0x00000046   Code   RO         4301    i._SetSize          GUI_CM4F_L.lib(guidrv_lin_24.o)
    0x08009f6c   0x08009f6c   0x00000028   Code   RO         4302    i._SetVRAMAddr      GUI_CM4F_L.lib(guidrv_lin_24.o)
    0x08009f94   0x08009f94   0x00000018   Code   RO         4303    i._SetVRAM_BufferPTR  GUI_CM4F_L.lib(guidrv_lin_24.o)
    0x08009fac   0x08009fac   0x0000002c   Code   RO         4304    i._SetVSize         GUI_CM4F_L.lib(guidrv_lin_24.o)
    0x08009fd8   0x08009fd8   0x00000026   Code   RO         4305    i._SetVis           GUI_CM4F_L.lib(guidrv_lin_24.o)
    0x08009ffe   0x08009ffe   0x00000024   Code   RO         4306    i._ShowBuffer       GUI_CM4F_L.lib(guidrv_lin_24.o)
    0x0800a022   0x0800a022   0x0000000e   Code   RO         3570    i._WriteTagData     GUI_CM4F_L.lib(gui_alloc.o)
    0x0800a030   0x0800a030   0x00000194   Code   RO         6018    i._WriteToActiveAlpha  GUI_CM4F_L.lib(guidev_writetoactivealpha.o)
    0x0800a1c4   0x0800a1c4   0x0000003c   Code   RO         5513    i._XY2PTR           GUI_CM4F_L.lib(guidev_32.o)
    0x0800a200   0x0800a200   0x00000028   Code   RO         4307    i._XorPixel         GUI_CM4F_L.lib(guidrv_lin_24.o)
    0x0800a228   0x0800a228   0x00000058   Code   RO         5514    i._XorPixel         GUI_CM4F_L.lib(guidev_32.o)
    0x0800a280   0x0800a280   0x00000010   Code   RO          701    i.__NVIC_GetPriorityGrouping  stm32f7xx_hal_cortex.o
    0x0800a290   0x0800a290   0x00000028   Code   RO          702    i.__NVIC_SetPriority  stm32f7xx_hal_cortex.o
    0x0800a2b8   0x0800a2b8   0x00000050   Code   RO         5594    i._cbBackWin        GUI_CM4F_L.lib(wm.o)
    0x0800a308   0x0800a308   0x00000046   Code   RO         4892    i._init_box         RTX_CM4.lib(rt_membox.o)
    0x0800a34e   0x0800a34e   0x00000002   PAD
    0x0800a350   0x0800a350   0x00000020   Code   RO          465    i._mutex_acquire    rtx_conf_cm.o
    0x0800a370   0x0800a370   0x0000001c   Code   RO          467    i._mutex_release    rtx_conf_cm.o
    0x0800a38c   0x0800a38c   0x00000030   Code   RO         4945    i.dbg_init          RTX_CM4.lib(hal_cm.o)
    0x0800a3bc   0x0800a3bc   0x00000020   Code   RO         4946    i.dbg_task_notify   RTX_CM4.lib(hal_cm.o)
    0x0800a3dc   0x0800a3dc   0x00000010   Code   RO         4947    i.dbg_task_switch   RTX_CM4.lib(hal_cm.o)
    0x0800a3ec   0x0800a3ec   0x0000006c   Code   RO          212    i.int3              thread.o
    0x0800a458   0x0800a458   0x0000002a   Code   RO         2611    i.isrMessageGet     RTX_CM4.lib(rt_cmsis.o)
    0x0800a482   0x0800a482   0x0000002c   Code   RO         2612    i.isrMessagePut     RTX_CM4.lib(rt_cmsis.o)
    0x0800a4ae   0x0800a4ae   0x00000024   Code   RO         2614    i.isrSignalSet      RTX_CM4.lib(rt_cmsis.o)
    0x0800a4d2   0x0800a4d2   0x00000002   PAD
    0x0800a4d4   0x0800a4d4   0x00000028   Code   RO         4662    i.isr_evt_set       RTX_CM4.lib(rt_event.o)
    0x0800a4fc   0x0800a4fc   0x00000056   Code   RO         4780    i.isr_mbx_receive   RTX_CM4.lib(rt_mailbox.o)
    0x0800a552   0x0800a552   0x0000000e   Code   RO         4781    i.isr_mbx_send      RTX_CM4.lib(rt_mailbox.o)
    0x0800a560   0x0800a560   0x000000cc   Code   RO           12    i.main              main.o
    0x0800a62c   0x0800a62c   0x00000018   Code   RO         2615    i.osDelay           RTX_CM4.lib(rt_cmsis.o)
    0x0800a644   0x0800a644   0x00000024   Code   RO         2616    i.osKernelInitialize  RTX_CM4.lib(rt_cmsis.o)
    0x0800a668   0x0800a668   0x0000006c   Code   RO         2618    i.osKernelStart     RTX_CM4.lib(rt_cmsis.o)
    0x0800a6d4   0x0800a6d4   0x00000018   Code   RO         2627    i.osMessageGet      RTX_CM4.lib(rt_cmsis.o)
    0x0800a6ec   0x0800a6ec   0x0000002c   Code   RO         2629    i.osMutexCreate     RTX_CM4.lib(rt_cmsis.o)
    0x0800a718   0x0800a718   0x00000018   Code   RO         2631    i.osMutexRelease    RTX_CM4.lib(rt_cmsis.o)
    0x0800a730   0x0800a730   0x00000018   Code   RO         2632    i.osMutexWait       RTX_CM4.lib(rt_cmsis.o)
    0x0800a748   0x0800a748   0x00000018   Code   RO         2642    i.osSignalSet       RTX_CM4.lib(rt_cmsis.o)
    0x0800a760   0x0800a760   0x00000018   Code   RO         2643    i.osSignalWait      RTX_CM4.lib(rt_cmsis.o)
    0x0800a778   0x0800a778   0x0000002c   Code   RO         2644    i.osThreadCreate    RTX_CM4.lib(rt_cmsis.o)
    0x0800a7a4   0x0800a7a4   0x00000018   Code   RO         2645    i.osThreadExit      RTX_CM4.lib(rt_cmsis.o)
    0x0800a7bc   0x0800a7bc   0x00000018   Code   RO         2646    i.osThreadGetId     RTX_CM4.lib(rt_cmsis.o)
    0x0800a7d4   0x0800a7d4   0x0000000c   Code   RO         2651    i.osTimerCall       RTX_CM4.lib(rt_cmsis.o)
    0x0800a7e0   0x0800a7e0   0x0000002c   Code   RO         2652    i.osTimerCreate     RTX_CM4.lib(rt_cmsis.o)
    0x0800a80c   0x0800a80c   0x00000018   Code   RO         2654    i.osTimerStart      RTX_CM4.lib(rt_cmsis.o)
    0x0800a824   0x0800a824   0x0000002c   Code   RO         2656    i.osTimerThread     RTX_CM4.lib(rt_cmsis.o)
    0x0800a850   0x0800a850   0x00000022   Code   RO          468    i.os_error          rtx_conf_cm.o
    0x0800a872   0x0800a872   0x00000004   Code   RO          469    i.os_idle_demon     rtx_conf_cm.o
    0x0800a876   0x0800a876   0x00000002   PAD
    0x0800a878   0x0800a878   0x00000028   Code   RO         4572    i.os_tick_init      RTX_CM4.lib(rt_system.o)
    0x0800a8a0   0x0800a8a0   0x00000002   Code   RO         4573    i.os_tick_irqack    RTX_CM4.lib(rt_system.o)
    0x0800a8a2   0x0800a8a2   0x0000001a   Code   RO         4893    i.rt_alloc_box      RTX_CM4.lib(rt_membox.o)
    0x0800a8bc   0x0800a8bc   0x0000003e   Code   RO         4921    i.rt_alloc_mem      RTX_CM4.lib(rt_memory.o)
    0x0800a8fa   0x0800a8fa   0x00000002   PAD
    0x0800a8fc   0x0800a8fc   0x00000038   Code   RO         3230    i.rt_block          RTX_CM4.lib(rt_task.o)
    0x0800a934   0x0800a934   0x00000048   Code   RO         4870    i.rt_chk_robin      RTX_CM4.lib(rt_robin.o)
    0x0800a97c   0x0800a97c   0x00000070   Code   RO         4704    i.rt_dec_dly        RTX_CM4.lib(rt_list.o)
    0x0800a9ec   0x0800a9ec   0x00000044   Code   RO         3231    i.rt_dispatch       RTX_CM4.lib(rt_task.o)
    0x0800aa30   0x0800aa30   0x00000006   Code   RO         3314    i.rt_dly_wait       RTX_CM4.lib(rt_time.o)
    0x0800aa36   0x0800aa36   0x00000002   PAD
    0x0800aa38   0x0800aa38   0x00000050   Code   RO         4665    i.rt_evt_psh        RTX_CM4.lib(rt_event.o)
    0x0800aa88   0x0800aa88   0x0000005c   Code   RO         4666    i.rt_evt_set        RTX_CM4.lib(rt_event.o)
    0x0800aae4   0x0800aae4   0x0000003c   Code   RO         4667    i.rt_evt_wait       RTX_CM4.lib(rt_event.o)
    0x0800ab20   0x0800ab20   0x0000002c   Code   RO         4894    i.rt_free_box       RTX_CM4.lib(rt_membox.o)
    0x0800ab4c   0x0800ab4c   0x00000028   Code   RO         4922    i.rt_free_mem       RTX_CM4.lib(rt_memory.o)
    0x0800ab74   0x0800ab74   0x00000028   Code   RO         4705    i.rt_get_first      RTX_CM4.lib(rt_list.o)
    0x0800ab9c   0x0800ab9c   0x00000008   Code   RO         2661    i.rt_id2obj         RTX_CM4.lib(rt_cmsis.o)
    0x0800aba4   0x0800aba4   0x00000048   Code   RO         3232    i.rt_init_context   RTX_CM4.lib(rt_task.o)
    0x0800abec   0x0800abec   0x0000001a   Code   RO         4923    i.rt_init_mem       RTX_CM4.lib(rt_memory.o)
    0x0800ac06   0x0800ac06   0x00000002   PAD
    0x0800ac08   0x0800ac08   0x00000018   Code   RO         4871    i.rt_init_robin     RTX_CM4.lib(rt_robin.o)
    0x0800ac20   0x0800ac20   0x00000080   Code   RO         4948    i.rt_init_stack     RTX_CM4.lib(hal_cm.o)
    0x0800aca0   0x0800aca0   0x00000008   Code   RO         4782    i.rt_mbx_check      RTX_CM4.lib(rt_mailbox.o)
    0x0800aca8   0x0800aca8   0x0000001a   Code   RO         4783    i.rt_mbx_init       RTX_CM4.lib(rt_mailbox.o)
    0x0800acc2   0x0800acc2   0x00000002   PAD
    0x0800acc4   0x0800acc4   0x000000f0   Code   RO         4784    i.rt_mbx_psh        RTX_CM4.lib(rt_mailbox.o)
    0x0800adb4   0x0800adb4   0x000000b4   Code   RO         4786    i.rt_mbx_wait       RTX_CM4.lib(rt_mailbox.o)
    0x0800ae68   0x0800ae68   0x00000044   Code   RO         2662    i.rt_ms2tick        RTX_CM4.lib(rt_cmsis.o)
    0x0800aeac   0x0800aeac   0x00000010   Code   RO         3348    i.rt_mut_init       RTX_CM4.lib(rt_mutex.o)
    0x0800aebc   0x0800aebc   0x000000d8   Code   RO         3349    i.rt_mut_release    RTX_CM4.lib(rt_mutex.o)
    0x0800af94   0x0800af94   0x00000078   Code   RO         3350    i.rt_mut_wait       RTX_CM4.lib(rt_mutex.o)
    0x0800b00c   0x0800b00c   0x0000007c   Code   RO         4576    i.rt_pop_req        RTX_CM4.lib(rt_system.o)
    0x0800b088   0x0800b088   0x00000020   Code   RO         4577    i.rt_psh_req        RTX_CM4.lib(rt_system.o)
    0x0800b0a8   0x0800b0a8   0x0000005c   Code   RO         4707    i.rt_psq_enq        RTX_CM4.lib(rt_list.o)
    0x0800b104   0x0800b104   0x00000048   Code   RO         4708    i.rt_put_dly        RTX_CM4.lib(rt_list.o)
    0x0800b14c   0x0800b14c   0x00000036   Code   RO         4709    i.rt_put_prio       RTX_CM4.lib(rt_list.o)
    0x0800b182   0x0800b182   0x00000002   PAD
    0x0800b184   0x0800b184   0x00000014   Code   RO         4710    i.rt_put_rdy_first  RTX_CM4.lib(rt_list.o)
    0x0800b198   0x0800b198   0x00000034   Code   RO         4711    i.rt_resort_prio    RTX_CM4.lib(rt_list.o)
    0x0800b1cc   0x0800b1cc   0x00000010   Code   RO         4949    i.rt_ret_regs       RTX_CM4.lib(hal_cm.o)
    0x0800b1dc   0x0800b1dc   0x0000000c   Code   RO         4950    i.rt_ret_val        RTX_CM4.lib(hal_cm.o)
    0x0800b1e8   0x0800b1e8   0x00000010   Code   RO         4951    i.rt_ret_val2       RTX_CM4.lib(hal_cm.o)
    0x0800b1f8   0x0800b1f8   0x00000028   Code   RO         4712    i.rt_rmv_dly        RTX_CM4.lib(rt_list.o)
    0x0800b220   0x0800b220   0x00000030   Code   RO         4713    i.rt_rmv_list       RTX_CM4.lib(rt_list.o)
    0x0800b250   0x0800b250   0x00000034   Code   RO         4831    i.rt_sem_psh        RTX_CM4.lib(rt_semaphore.o)
    0x0800b284   0x0800b284   0x00000024   Code   RO         4579    i.rt_stk_check      RTX_CM4.lib(rt_system.o)
    0x0800b2a8   0x0800b2a8   0x00000028   Code   RO         3233    i.rt_switch_req     RTX_CM4.lib(rt_task.o)
    0x0800b2d0   0x0800b2d0   0x000000cc   Code   RO         3234    i.rt_sys_init       RTX_CM4.lib(rt_task.o)
    0x0800b39c   0x0800b39c   0x00000078   Code   RO         3235    i.rt_sys_start      RTX_CM4.lib(rt_task.o)
    0x0800b414   0x0800b414   0x00000040   Code   RO         4581    i.rt_systick        RTX_CM4.lib(rt_system.o)
    0x0800b454   0x0800b454   0x00000012   Code   RO         2663    i.rt_tid2ptcb       RTX_CM4.lib(rt_cmsis.o)
    0x0800b466   0x0800b466   0x00000002   PAD
    0x0800b468   0x0800b468   0x00000034   Code   RO         2664    i.rt_timer_insert   RTX_CM4.lib(rt_cmsis.o)
    0x0800b49c   0x0800b49c   0x0000003c   Code   RO         2665    i.rt_timer_remove   RTX_CM4.lib(rt_cmsis.o)
    0x0800b4d8   0x0800b4d8   0x00000088   Code   RO         3236    i.rt_tsk_create     RTX_CM4.lib(rt_task.o)
    0x0800b560   0x0800b560   0x0000017c   Code   RO         3237    i.rt_tsk_delete     RTX_CM4.lib(rt_task.o)
    0x0800b6dc   0x0800b6dc   0x0000007c   Code   RO         3239    i.rt_tsk_prio       RTX_CM4.lib(rt_task.o)
    0x0800b758   0x0800b758   0x00000010   Code   RO         3240    i.rt_tsk_self       RTX_CM4.lib(rt_task.o)
    0x0800b768   0x0800b768   0x00000012   Code   RO         2666    i.svcDelay          RTX_CM4.lib(rt_cmsis.o)
    0x0800b77a   0x0800b77a   0x00000002   PAD
    0x0800b77c   0x0800b77c   0x00000070   Code   RO         2667    i.svcKernelInitialize  RTX_CM4.lib(rt_cmsis.o)
    0x0800b7ec   0x0800b7ec   0x00000048   Code   RO         2669    i.svcKernelStart    RTX_CM4.lib(rt_cmsis.o)
    0x0800b834   0x0800b834   0x00000024   Code   RO         2672    i.svcMessageCreate  RTX_CM4.lib(rt_cmsis.o)
    0x0800b858   0x0800b858   0x0000003a   Code   RO         2673    i.svcMessageGet     RTX_CM4.lib(rt_cmsis.o)
    0x0800b892   0x0800b892   0x0000001c   Code   RO         2675    i.svcMutexCreate    RTX_CM4.lib(rt_cmsis.o)
    0x0800b8ae   0x0800b8ae   0x00000022   Code   RO         2677    i.svcMutexRelease   RTX_CM4.lib(rt_cmsis.o)
    0x0800b8d0   0x0800b8d0   0x0000003a   Code   RO         2678    i.svcMutexWait      RTX_CM4.lib(rt_cmsis.o)
    0x0800b90a   0x0800b90a   0x00000024   Code   RO         2685    i.svcSignalSet      RTX_CM4.lib(rt_cmsis.o)
    0x0800b92e   0x0800b92e   0x00000002   PAD
    0x0800b930   0x0800b930   0x00000054   Code   RO         2686    i.svcSignalWait     RTX_CM4.lib(rt_cmsis.o)
    0x0800b984   0x0800b984   0x0000006c   Code   RO         2687    i.svcThreadCreate   RTX_CM4.lib(rt_cmsis.o)
    0x0800b9f0   0x0800b9f0   0x0000001c   Code   RO         2688    i.svcThreadGetId    RTX_CM4.lib(rt_cmsis.o)
    0x0800ba0c   0x0800ba0c   0x00000038   Code   RO         2691    i.svcThreadTerminate  RTX_CM4.lib(rt_cmsis.o)
    0x0800ba44   0x0800ba44   0x00000018   Code   RO         2693    i.svcTimerCall      RTX_CM4.lib(rt_cmsis.o)
    0x0800ba5c   0x0800ba5c   0x00000038   Code   RO         2694    i.svcTimerCreate    RTX_CM4.lib(rt_cmsis.o)
    0x0800ba94   0x0800ba94   0x00000064   Code   RO         2696    i.svcTimerStart     RTX_CM4.lib(rt_cmsis.o)
    0x0800baf8   0x0800baf8   0x0000005c   Code   RO         2702    i.sysTimerTick      RTX_CM4.lib(rt_cmsis.o)
    0x0800bb54   0x0800bb54   0x00000078   Code   RO          213    i.td1               thread.o
    0x0800bbcc   0x0800bbcc   0x00000078   Code   RO          214    i.td2               thread.o
    0x0800bc44   0x0800bc44   0x0000000a   Code   RO         6836    x$fpl$fpinit        fz_wm.l(fpinit.o)
    0x0800bc4e   0x0800bc4e   0x00000002   PAD
    0x0800bc50   0x0800bc50   0x00000030   Data   RO          215    .constdata          thread.o
    0x0800bc80   0x0800bc80   0x00000068   Data   RO          471    .constdata          rtx_conf_cm.o
    0x0800bce8   0x0800bce8   0x00000008   Data   RO          838    .constdata          stm32f7xx_hal_dma.o
    0x0800bcf0   0x0800bcf0   0x00000018   Data   RO         2177    .constdata          system_stm32f7xx.o
    0x0800bd08   0x0800bd08   0x0000000c   Data   RO         2225    .constdata          gui_x_rte.o
    0x0800bd14   0x0800bd14   0x00000008   Data   RO         2375    .constdata          lcdconf.o
    0x0800bd1c   0x0800bd1c   0x00000018   Data   RO         3386    .constdata          GUI_CM4F_L.lib(guicc_1616i.o)
    0x0800bd34   0x0800bd34   0x00000018   Data   RO         3401    .constdata          GUI_CM4F_L.lib(guicc_8666.o)
    0x0800bd4c   0x0800bd4c   0x00000018   Data   RO         3417    .constdata          GUI_CM4F_L.lib(guicc_88666i.o)
    0x0800bd64   0x0800bd64   0x00000018   Data   RO         3435    .constdata          GUI_CM4F_L.lib(guicc_m1555i.o)
    0x0800bd7c   0x0800bd7c   0x00000018   Data   RO         3455    .constdata          GUI_CM4F_L.lib(guicc_m4444i.o)
    0x0800bd94   0x0800bd94   0x00000018   Data   RO         3474    .constdata          GUI_CM4F_L.lib(guicc_m8888i.o)
    0x0800bdac   0x0800bdac   0x00000008   Data   RO         3824    .constdata          GUI_CM4F_L.lib(gui_core.o)
    0x0800bdb4   0x0800bdb4   0x00000018   Data   RO         4000    .constdata          GUI_CM4F_L.lib(guicc_m565.o)
    0x0800bdcc   0x0800bdcc   0x00000018   Data   RO         4019    .constdata          GUI_CM4F_L.lib(guicc_m888.o)
    0x0800bde4   0x0800bde4   0x0000000c   Data   RO         4053    .constdata          GUI_CM4F_L.lib(lcd.o)
    0x0800bdf0   0x0800bdf0   0x00000034   Data   RO         4308    .constdata          GUI_CM4F_L.lib(guidrv_lin_24.o)
    0x0800be24   0x0800be24   0x00000518   Data   RO         4351    .constdata          GUI_CM4F_L.lib(f6x8.o)
    0x0800c33c   0x0800c33c   0x000001c0   Data   RO         4352    .constdata          GUI_CM4F_L.lib(f6x8.o)
    0x0800c4fc   0x0800c4fc   0x00000008   Data   RO         4353    .constdata          GUI_CM4F_L.lib(f6x8.o)
    0x0800c504   0x0800c504   0x00000014   Data   RO         4354    .constdata          GUI_CM4F_L.lib(f6x8.o)
    0x0800c518   0x0800c518   0x00000024   Data   RO         4355    .constdata          GUI_CM4F_L.lib(f6x8.o)
    0x0800c53c   0x0800c53c   0x0000000d   Data   RO         4363    .constdata          GUI_CM4F_L.lib(f13h_ascii.o)
    0x0800c549   0x0800c549   0x0000000d   Data   RO         4364    .constdata          GUI_CM4F_L.lib(f13h_ascii.o)
    0x0800c556   0x0800c556   0x0000000d   Data   RO         4365    .constdata          GUI_CM4F_L.lib(f13h_ascii.o)
    0x0800c563   0x0800c563   0x0000001a   Data   RO         4366    .constdata          GUI_CM4F_L.lib(f13h_ascii.o)
    0x0800c57d   0x0800c57d   0x0000000d   Data   RO         4367    .constdata          GUI_CM4F_L.lib(f13h_ascii.o)
    0x0800c58a   0x0800c58a   0x0000001a   Data   RO         4368    .constdata          GUI_CM4F_L.lib(f13h_ascii.o)
    0x0800c5a4   0x0800c5a4   0x0000001a   Data   RO         4369    .constdata          GUI_CM4F_L.lib(f13h_ascii.o)
    0x0800c5be   0x0800c5be   0x0000000d   Data   RO         4370    .constdata          GUI_CM4F_L.lib(f13h_ascii.o)
    0x0800c5cb   0x0800c5cb   0x0000000d   Data   RO         4371    .constdata          GUI_CM4F_L.lib(f13h_ascii.o)
    0x0800c5d8   0x0800c5d8   0x0000000d   Data   RO         4372    .constdata          GUI_CM4F_L.lib(f13h_ascii.o)
    0x0800c5e5   0x0800c5e5   0x0000000d   Data   RO         4373    .constdata          GUI_CM4F_L.lib(f13h_ascii.o)
    0x0800c5f2   0x0800c5f2   0x0000000d   Data   RO         4374    .constdata          GUI_CM4F_L.lib(f13h_ascii.o)
    0x0800c5ff   0x0800c5ff   0x0000000d   Data   RO         4375    .constdata          GUI_CM4F_L.lib(f13h_ascii.o)
    0x0800c60c   0x0800c60c   0x0000000d   Data   RO         4376    .constdata          GUI_CM4F_L.lib(f13h_ascii.o)
    0x0800c619   0x0800c619   0x0000000d   Data   RO         4377    .constdata          GUI_CM4F_L.lib(f13h_ascii.o)
    0x0800c626   0x0800c626   0x0000000d   Data   RO         4378    .constdata          GUI_CM4F_L.lib(f13h_ascii.o)
    0x0800c633   0x0800c633   0x0000000d   Data   RO         4379    .constdata          GUI_CM4F_L.lib(f13h_ascii.o)
    0x0800c640   0x0800c640   0x0000000d   Data   RO         4380    .constdata          GUI_CM4F_L.lib(f13h_ascii.o)
    0x0800c64d   0x0800c64d   0x0000000d   Data   RO         4381    .constdata          GUI_CM4F_L.lib(f13h_ascii.o)
    0x0800c65a   0x0800c65a   0x0000000d   Data   RO         4382    .constdata          GUI_CM4F_L.lib(f13h_ascii.o)
    0x0800c667   0x0800c667   0x0000000d   Data   RO         4383    .constdata          GUI_CM4F_L.lib(f13h_ascii.o)
    0x0800c674   0x0800c674   0x0000000d   Data   RO         4384    .constdata          GUI_CM4F_L.lib(f13h_ascii.o)
    0x0800c681   0x0800c681   0x0000000d   Data   RO         4385    .constdata          GUI_CM4F_L.lib(f13h_ascii.o)
    0x0800c68e   0x0800c68e   0x0000000d   Data   RO         4386    .constdata          GUI_CM4F_L.lib(f13h_ascii.o)
    0x0800c69b   0x0800c69b   0x0000000d   Data   RO         4387    .constdata          GUI_CM4F_L.lib(f13h_ascii.o)
    0x0800c6a8   0x0800c6a8   0x0000000d   Data   RO         4388    .constdata          GUI_CM4F_L.lib(f13h_ascii.o)
    0x0800c6b5   0x0800c6b5   0x0000000d   Data   RO         4389    .constdata          GUI_CM4F_L.lib(f13h_ascii.o)
    0x0800c6c2   0x0800c6c2   0x0000000d   Data   RO         4390    .constdata          GUI_CM4F_L.lib(f13h_ascii.o)
    0x0800c6cf   0x0800c6cf   0x0000001a   Data   RO         4391    .constdata          GUI_CM4F_L.lib(f13h_ascii.o)
    0x0800c6e9   0x0800c6e9   0x0000001a   Data   RO         4392    .constdata          GUI_CM4F_L.lib(f13h_ascii.o)
    0x0800c703   0x0800c703   0x0000001a   Data   RO         4393    .constdata          GUI_CM4F_L.lib(f13h_ascii.o)
    0x0800c71d   0x0800c71d   0x0000000d   Data   RO         4394    .constdata          GUI_CM4F_L.lib(f13h_ascii.o)
    0x0800c72a   0x0800c72a   0x0000001a   Data   RO         4395    .constdata          GUI_CM4F_L.lib(f13h_ascii.o)
    0x0800c744   0x0800c744   0x0000000d   Data   RO         4396    .constdata          GUI_CM4F_L.lib(f13h_ascii.o)
    0x0800c751   0x0800c751   0x0000000d   Data   RO         4397    .constdata          GUI_CM4F_L.lib(f13h_ascii.o)
    0x0800c75e   0x0800c75e   0x0000000d   Data   RO         4398    .constdata          GUI_CM4F_L.lib(f13h_ascii.o)
    0x0800c76b   0x0800c76b   0x0000000d   Data   RO         4399    .constdata          GUI_CM4F_L.lib(f13h_ascii.o)
    0x0800c778   0x0800c778   0x0000000d   Data   RO         4400    .constdata          GUI_CM4F_L.lib(f13h_ascii.o)
    0x0800c785   0x0800c785   0x0000000d   Data   RO         4401    .constdata          GUI_CM4F_L.lib(f13h_ascii.o)
    0x0800c792   0x0800c792   0x0000000d   Data   RO         4402    .constdata          GUI_CM4F_L.lib(f13h_ascii.o)
    0x0800c79f   0x0800c79f   0x0000000d   Data   RO         4403    .constdata          GUI_CM4F_L.lib(f13h_ascii.o)
    0x0800c7ac   0x0800c7ac   0x0000000d   Data   RO         4404    .constdata          GUI_CM4F_L.lib(f13h_ascii.o)
    0x0800c7b9   0x0800c7b9   0x0000000d   Data   RO         4405    .constdata          GUI_CM4F_L.lib(f13h_ascii.o)
    0x0800c7c6   0x0800c7c6   0x0000000d   Data   RO         4406    .constdata          GUI_CM4F_L.lib(f13h_ascii.o)
    0x0800c7d3   0x0800c7d3   0x0000000d   Data   RO         4407    .constdata          GUI_CM4F_L.lib(f13h_ascii.o)
    0x0800c7e0   0x0800c7e0   0x0000001a   Data   RO         4408    .constdata          GUI_CM4F_L.lib(f13h_ascii.o)
    0x0800c7fa   0x0800c7fa   0x0000000d   Data   RO         4409    .constdata          GUI_CM4F_L.lib(f13h_ascii.o)
    0x0800c807   0x0800c807   0x0000001a   Data   RO         4410    .constdata          GUI_CM4F_L.lib(f13h_ascii.o)
    0x0800c821   0x0800c821   0x0000000d   Data   RO         4411    .constdata          GUI_CM4F_L.lib(f13h_ascii.o)
    0x0800c82e   0x0800c82e   0x0000001a   Data   RO         4412    .constdata          GUI_CM4F_L.lib(f13h_ascii.o)
    0x0800c848   0x0800c848   0x0000000d   Data   RO         4413    .constdata          GUI_CM4F_L.lib(f13h_ascii.o)
    0x0800c855   0x0800c855   0x0000000d   Data   RO         4414    .constdata          GUI_CM4F_L.lib(f13h_ascii.o)
    0x0800c862   0x0800c862   0x0000000d   Data   RO         4415    .constdata          GUI_CM4F_L.lib(f13h_ascii.o)
    0x0800c86f   0x0800c86f   0x0000000d   Data   RO         4416    .constdata          GUI_CM4F_L.lib(f13h_ascii.o)
    0x0800c87c   0x0800c87c   0x0000000d   Data   RO         4417    .constdata          GUI_CM4F_L.lib(f13h_ascii.o)
    0x0800c889   0x0800c889   0x0000001a   Data   RO         4418    .constdata          GUI_CM4F_L.lib(f13h_ascii.o)
    0x0800c8a3   0x0800c8a3   0x0000000d   Data   RO         4419    .constdata          GUI_CM4F_L.lib(f13h_ascii.o)
    0x0800c8b0   0x0800c8b0   0x0000000d   Data   RO         4420    .constdata          GUI_CM4F_L.lib(f13h_ascii.o)
    0x0800c8bd   0x0800c8bd   0x0000000d   Data   RO         4421    .constdata          GUI_CM4F_L.lib(f13h_ascii.o)
    0x0800c8ca   0x0800c8ca   0x0000000d   Data   RO         4422    .constdata          GUI_CM4F_L.lib(f13h_ascii.o)
    0x0800c8d7   0x0800c8d7   0x0000000d   Data   RO         4423    .constdata          GUI_CM4F_L.lib(f13h_ascii.o)
    0x0800c8e4   0x0800c8e4   0x0000000d   Data   RO         4424    .constdata          GUI_CM4F_L.lib(f13h_ascii.o)
    0x0800c8f1   0x0800c8f1   0x0000001a   Data   RO         4425    .constdata          GUI_CM4F_L.lib(f13h_ascii.o)
    0x0800c90b   0x0800c90b   0x0000000d   Data   RO         4426    .constdata          GUI_CM4F_L.lib(f13h_ascii.o)
    0x0800c918   0x0800c918   0x0000000d   Data   RO         4427    .constdata          GUI_CM4F_L.lib(f13h_ascii.o)
    0x0800c925   0x0800c925   0x0000000d   Data   RO         4428    .constdata          GUI_CM4F_L.lib(f13h_ascii.o)
    0x0800c932   0x0800c932   0x0000000d   Data   RO         4429    .constdata          GUI_CM4F_L.lib(f13h_ascii.o)
    0x0800c93f   0x0800c93f   0x0000000d   Data   RO         4430    .constdata          GUI_CM4F_L.lib(f13h_ascii.o)
    0x0800c94c   0x0800c94c   0x0000000d   Data   RO         4431    .constdata          GUI_CM4F_L.lib(f13h_ascii.o)
    0x0800c959   0x0800c959   0x0000000d   Data   RO         4432    .constdata          GUI_CM4F_L.lib(f13h_ascii.o)
    0x0800c966   0x0800c966   0x0000000d   Data   RO         4433    .constdata          GUI_CM4F_L.lib(f13h_ascii.o)
    0x0800c973   0x0800c973   0x0000000d   Data   RO         4434    .constdata          GUI_CM4F_L.lib(f13h_ascii.o)
    0x0800c980   0x0800c980   0x0000000d   Data   RO         4435    .constdata          GUI_CM4F_L.lib(f13h_ascii.o)
    0x0800c98d   0x0800c98d   0x0000000d   Data   RO         4436    .constdata          GUI_CM4F_L.lib(f13h_ascii.o)
    0x0800c99a   0x0800c99a   0x0000000d   Data   RO         4437    .constdata          GUI_CM4F_L.lib(f13h_ascii.o)
    0x0800c9a7   0x0800c9a7   0x0000000d   Data   RO         4438    .constdata          GUI_CM4F_L.lib(f13h_ascii.o)
    0x0800c9b4   0x0800c9b4   0x0000000d   Data   RO         4439    .constdata          GUI_CM4F_L.lib(f13h_ascii.o)
    0x0800c9c1   0x0800c9c1   0x0000001a   Data   RO         4440    .constdata          GUI_CM4F_L.lib(f13h_ascii.o)
    0x0800c9db   0x0800c9db   0x0000000d   Data   RO         4441    .constdata          GUI_CM4F_L.lib(f13h_ascii.o)
    0x0800c9e8   0x0800c9e8   0x0000000d   Data   RO         4442    .constdata          GUI_CM4F_L.lib(f13h_ascii.o)
    0x0800c9f5   0x0800c9f5   0x0000000d   Data   RO         4443    .constdata          GUI_CM4F_L.lib(f13h_ascii.o)
    0x0800ca02   0x0800ca02   0x0000000d   Data   RO         4444    .constdata          GUI_CM4F_L.lib(f13h_ascii.o)
    0x0800ca0f   0x0800ca0f   0x0000000d   Data   RO         4445    .constdata          GUI_CM4F_L.lib(f13h_ascii.o)
    0x0800ca1c   0x0800ca1c   0x0000000d   Data   RO         4446    .constdata          GUI_CM4F_L.lib(f13h_ascii.o)
    0x0800ca29   0x0800ca29   0x0000000d   Data   RO         4447    .constdata          GUI_CM4F_L.lib(f13h_ascii.o)
    0x0800ca36   0x0800ca36   0x0000000d   Data   RO         4448    .constdata          GUI_CM4F_L.lib(f13h_ascii.o)
    0x0800ca43   0x0800ca43   0x0000000d   Data   RO         4449    .constdata          GUI_CM4F_L.lib(f13h_ascii.o)
    0x0800ca50   0x0800ca50   0x0000001a   Data   RO         4450    .constdata          GUI_CM4F_L.lib(f13h_ascii.o)
    0x0800ca6a   0x0800ca6a   0x0000000d   Data   RO         4451    .constdata          GUI_CM4F_L.lib(f13h_ascii.o)
    0x0800ca77   0x0800ca77   0x0000000d   Data   RO         4452    .constdata          GUI_CM4F_L.lib(f13h_ascii.o)
    0x0800ca84   0x0800ca84   0x0000000d   Data   RO         4453    .constdata          GUI_CM4F_L.lib(f13h_ascii.o)
    0x0800ca91   0x0800ca91   0x0000000d   Data   RO         4454    .constdata          GUI_CM4F_L.lib(f13h_ascii.o)
    0x0800ca9e   0x0800ca9e   0x0000000d   Data   RO         4455    .constdata          GUI_CM4F_L.lib(f13h_ascii.o)
    0x0800caab   0x0800caab   0x0000000d   Data   RO         4456    .constdata          GUI_CM4F_L.lib(f13h_ascii.o)
    0x0800cab8   0x0800cab8   0x0000001a   Data   RO         4457    .constdata          GUI_CM4F_L.lib(f13h_ascii.o)
    0x0800cad2   0x0800cad2   0x00000002   PAD
    0x0800cad4   0x0800cad4   0x000002f8   Data   RO         4458    .constdata          GUI_CM4F_L.lib(f13h_ascii.o)
    0x0800cdcc   0x0800cdcc   0x0000000c   Data   RO         4459    .constdata          GUI_CM4F_L.lib(f13h_ascii.o)
    0x0800cdd8   0x0800cdd8   0x00000024   Data   RO         4460    .constdata          GUI_CM4F_L.lib(f13h_ascii.o)
    0x0800cdfc   0x0800cdfc   0x00000014   Data   RO         4467    .constdata          GUI_CM4F_L.lib(f20b_ascii.o)
    0x0800ce10   0x0800ce10   0x00000014   Data   RO         4468    .constdata          GUI_CM4F_L.lib(f20b_ascii.o)
    0x0800ce24   0x0800ce24   0x00000028   Data   RO         4469    .constdata          GUI_CM4F_L.lib(f20b_ascii.o)
    0x0800ce4c   0x0800ce4c   0x00000028   Data   RO         4470    .constdata          GUI_CM4F_L.lib(f20b_ascii.o)
    0x0800ce74   0x0800ce74   0x00000028   Data   RO         4471    .constdata          GUI_CM4F_L.lib(f20b_ascii.o)
    0x0800ce9c   0x0800ce9c   0x0000003c   Data   RO         4472    .constdata          GUI_CM4F_L.lib(f20b_ascii.o)
    0x0800ced8   0x0800ced8   0x00000028   Data   RO         4473    .constdata          GUI_CM4F_L.lib(f20b_ascii.o)
    0x0800cf00   0x0800cf00   0x00000014   Data   RO         4474    .constdata          GUI_CM4F_L.lib(f20b_ascii.o)
    0x0800cf14   0x0800cf14   0x00000014   Data   RO         4475    .constdata          GUI_CM4F_L.lib(f20b_ascii.o)
    0x0800cf28   0x0800cf28   0x00000014   Data   RO         4476    .constdata          GUI_CM4F_L.lib(f20b_ascii.o)
    0x0800cf3c   0x0800cf3c   0x00000014   Data   RO         4477    .constdata          GUI_CM4F_L.lib(f20b_ascii.o)
    0x0800cf50   0x0800cf50   0x00000028   Data   RO         4478    .constdata          GUI_CM4F_L.lib(f20b_ascii.o)
    0x0800cf78   0x0800cf78   0x00000014   Data   RO         4479    .constdata          GUI_CM4F_L.lib(f20b_ascii.o)
    0x0800cf8c   0x0800cf8c   0x00000014   Data   RO         4480    .constdata          GUI_CM4F_L.lib(f20b_ascii.o)
    0x0800cfa0   0x0800cfa0   0x00000014   Data   RO         4481    .constdata          GUI_CM4F_L.lib(f20b_ascii.o)
    0x0800cfb4   0x0800cfb4   0x00000014   Data   RO         4482    .constdata          GUI_CM4F_L.lib(f20b_ascii.o)
    0x0800cfc8   0x0800cfc8   0x00000028   Data   RO         4483    .constdata          GUI_CM4F_L.lib(f20b_ascii.o)
    0x0800cff0   0x0800cff0   0x00000028   Data   RO         4484    .constdata          GUI_CM4F_L.lib(f20b_ascii.o)
    0x0800d018   0x0800d018   0x00000028   Data   RO         4485    .constdata          GUI_CM4F_L.lib(f20b_ascii.o)
    0x0800d040   0x0800d040   0x00000028   Data   RO         4486    .constdata          GUI_CM4F_L.lib(f20b_ascii.o)
    0x0800d068   0x0800d068   0x00000028   Data   RO         4487    .constdata          GUI_CM4F_L.lib(f20b_ascii.o)
    0x0800d090   0x0800d090   0x00000028   Data   RO         4488    .constdata          GUI_CM4F_L.lib(f20b_ascii.o)
    0x0800d0b8   0x0800d0b8   0x00000028   Data   RO         4489    .constdata          GUI_CM4F_L.lib(f20b_ascii.o)
    0x0800d0e0   0x0800d0e0   0x00000028   Data   RO         4490    .constdata          GUI_CM4F_L.lib(f20b_ascii.o)
    0x0800d108   0x0800d108   0x00000028   Data   RO         4491    .constdata          GUI_CM4F_L.lib(f20b_ascii.o)
    0x0800d130   0x0800d130   0x00000028   Data   RO         4492    .constdata          GUI_CM4F_L.lib(f20b_ascii.o)
    0x0800d158   0x0800d158   0x00000014   Data   RO         4493    .constdata          GUI_CM4F_L.lib(f20b_ascii.o)
    0x0800d16c   0x0800d16c   0x00000014   Data   RO         4494    .constdata          GUI_CM4F_L.lib(f20b_ascii.o)
    0x0800d180   0x0800d180   0x00000028   Data   RO         4495    .constdata          GUI_CM4F_L.lib(f20b_ascii.o)
    0x0800d1a8   0x0800d1a8   0x00000028   Data   RO         4496    .constdata          GUI_CM4F_L.lib(f20b_ascii.o)
    0x0800d1d0   0x0800d1d0   0x00000028   Data   RO         4497    .constdata          GUI_CM4F_L.lib(f20b_ascii.o)
    0x0800d1f8   0x0800d1f8   0x00000028   Data   RO         4498    .constdata          GUI_CM4F_L.lib(f20b_ascii.o)
    0x0800d220   0x0800d220   0x0000003c   Data   RO         4499    .constdata          GUI_CM4F_L.lib(f20b_ascii.o)
    0x0800d25c   0x0800d25c   0x00000028   Data   RO         4500    .constdata          GUI_CM4F_L.lib(f20b_ascii.o)
    0x0800d284   0x0800d284   0x00000028   Data   RO         4501    .constdata          GUI_CM4F_L.lib(f20b_ascii.o)
    0x0800d2ac   0x0800d2ac   0x00000028   Data   RO         4502    .constdata          GUI_CM4F_L.lib(f20b_ascii.o)
    0x0800d2d4   0x0800d2d4   0x00000028   Data   RO         4503    .constdata          GUI_CM4F_L.lib(f20b_ascii.o)
    0x0800d2fc   0x0800d2fc   0x00000028   Data   RO         4504    .constdata          GUI_CM4F_L.lib(f20b_ascii.o)
    0x0800d324   0x0800d324   0x00000028   Data   RO         4505    .constdata          GUI_CM4F_L.lib(f20b_ascii.o)
    0x0800d34c   0x0800d34c   0x00000028   Data   RO         4506    .constdata          GUI_CM4F_L.lib(f20b_ascii.o)
    0x0800d374   0x0800d374   0x00000028   Data   RO         4507    .constdata          GUI_CM4F_L.lib(f20b_ascii.o)
    0x0800d39c   0x0800d39c   0x00000014   Data   RO         4508    .constdata          GUI_CM4F_L.lib(f20b_ascii.o)
    0x0800d3b0   0x0800d3b0   0x00000028   Data   RO         4509    .constdata          GUI_CM4F_L.lib(f20b_ascii.o)
    0x0800d3d8   0x0800d3d8   0x00000028   Data   RO         4510    .constdata          GUI_CM4F_L.lib(f20b_ascii.o)
    0x0800d400   0x0800d400   0x00000028   Data   RO         4511    .constdata          GUI_CM4F_L.lib(f20b_ascii.o)
    0x0800d428   0x0800d428   0x00000028   Data   RO         4512    .constdata          GUI_CM4F_L.lib(f20b_ascii.o)
    0x0800d450   0x0800d450   0x00000028   Data   RO         4513    .constdata          GUI_CM4F_L.lib(f20b_ascii.o)
    0x0800d478   0x0800d478   0x00000028   Data   RO         4514    .constdata          GUI_CM4F_L.lib(f20b_ascii.o)
    0x0800d4a0   0x0800d4a0   0x00000028   Data   RO         4515    .constdata          GUI_CM4F_L.lib(f20b_ascii.o)
    0x0800d4c8   0x0800d4c8   0x00000028   Data   RO         4516    .constdata          GUI_CM4F_L.lib(f20b_ascii.o)
    0x0800d4f0   0x0800d4f0   0x00000028   Data   RO         4517    .constdata          GUI_CM4F_L.lib(f20b_ascii.o)
    0x0800d518   0x0800d518   0x00000028   Data   RO         4518    .constdata          GUI_CM4F_L.lib(f20b_ascii.o)
    0x0800d540   0x0800d540   0x00000028   Data   RO         4519    .constdata          GUI_CM4F_L.lib(f20b_ascii.o)
    0x0800d568   0x0800d568   0x00000028   Data   RO         4520    .constdata          GUI_CM4F_L.lib(f20b_ascii.o)
    0x0800d590   0x0800d590   0x00000028   Data   RO         4521    .constdata          GUI_CM4F_L.lib(f20b_ascii.o)
    0x0800d5b8   0x0800d5b8   0x0000003c   Data   RO         4522    .constdata          GUI_CM4F_L.lib(f20b_ascii.o)
    0x0800d5f4   0x0800d5f4   0x00000028   Data   RO         4523    .constdata          GUI_CM4F_L.lib(f20b_ascii.o)
    0x0800d61c   0x0800d61c   0x00000028   Data   RO         4524    .constdata          GUI_CM4F_L.lib(f20b_ascii.o)
    0x0800d644   0x0800d644   0x00000028   Data   RO         4525    .constdata          GUI_CM4F_L.lib(f20b_ascii.o)
    0x0800d66c   0x0800d66c   0x00000014   Data   RO         4526    .constdata          GUI_CM4F_L.lib(f20b_ascii.o)
    0x0800d680   0x0800d680   0x00000014   Data   RO         4527    .constdata          GUI_CM4F_L.lib(f20b_ascii.o)
    0x0800d694   0x0800d694   0x00000014   Data   RO         4528    .constdata          GUI_CM4F_L.lib(f20b_ascii.o)
    0x0800d6a8   0x0800d6a8   0x00000028   Data   RO         4529    .constdata          GUI_CM4F_L.lib(f20b_ascii.o)
    0x0800d6d0   0x0800d6d0   0x00000028   Data   RO         4530    .constdata          GUI_CM4F_L.lib(f20b_ascii.o)
    0x0800d6f8   0x0800d6f8   0x00000014   Data   RO         4531    .constdata          GUI_CM4F_L.lib(f20b_ascii.o)
    0x0800d70c   0x0800d70c   0x00000028   Data   RO         4532    .constdata          GUI_CM4F_L.lib(f20b_ascii.o)
    0x0800d734   0x0800d734   0x00000028   Data   RO         4533    .constdata          GUI_CM4F_L.lib(f20b_ascii.o)
    0x0800d75c   0x0800d75c   0x00000028   Data   RO         4534    .constdata          GUI_CM4F_L.lib(f20b_ascii.o)
    0x0800d784   0x0800d784   0x00000028   Data   RO         4535    .constdata          GUI_CM4F_L.lib(f20b_ascii.o)
    0x0800d7ac   0x0800d7ac   0x00000028   Data   RO         4536    .constdata          GUI_CM4F_L.lib(f20b_ascii.o)
    0x0800d7d4   0x0800d7d4   0x00000014   Data   RO         4537    .constdata          GUI_CM4F_L.lib(f20b_ascii.o)
    0x0800d7e8   0x0800d7e8   0x00000028   Data   RO         4538    .constdata          GUI_CM4F_L.lib(f20b_ascii.o)
    0x0800d810   0x0800d810   0x00000028   Data   RO         4539    .constdata          GUI_CM4F_L.lib(f20b_ascii.o)
    0x0800d838   0x0800d838   0x00000014   Data   RO         4540    .constdata          GUI_CM4F_L.lib(f20b_ascii.o)
    0x0800d84c   0x0800d84c   0x00000014   Data   RO         4541    .constdata          GUI_CM4F_L.lib(f20b_ascii.o)
    0x0800d860   0x0800d860   0x00000028   Data   RO         4542    .constdata          GUI_CM4F_L.lib(f20b_ascii.o)
    0x0800d888   0x0800d888   0x00000014   Data   RO         4543    .constdata          GUI_CM4F_L.lib(f20b_ascii.o)
    0x0800d89c   0x0800d89c   0x0000003c   Data   RO         4544    .constdata          GUI_CM4F_L.lib(f20b_ascii.o)
    0x0800d8d8   0x0800d8d8   0x00000028   Data   RO         4545    .constdata          GUI_CM4F_L.lib(f20b_ascii.o)
    0x0800d900   0x0800d900   0x00000028   Data   RO         4546    .constdata          GUI_CM4F_L.lib(f20b_ascii.o)
    0x0800d928   0x0800d928   0x00000028   Data   RO         4547    .constdata          GUI_CM4F_L.lib(f20b_ascii.o)
    0x0800d950   0x0800d950   0x00000028   Data   RO         4548    .constdata          GUI_CM4F_L.lib(f20b_ascii.o)
    0x0800d978   0x0800d978   0x00000014   Data   RO         4549    .constdata          GUI_CM4F_L.lib(f20b_ascii.o)
    0x0800d98c   0x0800d98c   0x00000028   Data   RO         4550    .constdata          GUI_CM4F_L.lib(f20b_ascii.o)
    0x0800d9b4   0x0800d9b4   0x00000014   Data   RO         4551    .constdata          GUI_CM4F_L.lib(f20b_ascii.o)
    0x0800d9c8   0x0800d9c8   0x00000028   Data   RO         4552    .constdata          GUI_CM4F_L.lib(f20b_ascii.o)
    0x0800d9f0   0x0800d9f0   0x00000028   Data   RO         4553    .constdata          GUI_CM4F_L.lib(f20b_ascii.o)
    0x0800da18   0x0800da18   0x00000028   Data   RO         4554    .constdata          GUI_CM4F_L.lib(f20b_ascii.o)
    0x0800da40   0x0800da40   0x00000028   Data   RO         4555    .constdata          GUI_CM4F_L.lib(f20b_ascii.o)
    0x0800da68   0x0800da68   0x00000028   Data   RO         4556    .constdata          GUI_CM4F_L.lib(f20b_ascii.o)
    0x0800da90   0x0800da90   0x00000028   Data   RO         4557    .constdata          GUI_CM4F_L.lib(f20b_ascii.o)
    0x0800dab8   0x0800dab8   0x00000014   Data   RO         4558    .constdata          GUI_CM4F_L.lib(f20b_ascii.o)
    0x0800dacc   0x0800dacc   0x00000014   Data   RO         4559    .constdata          GUI_CM4F_L.lib(f20b_ascii.o)
    0x0800dae0   0x0800dae0   0x00000014   Data   RO         4560    .constdata          GUI_CM4F_L.lib(f20b_ascii.o)
    0x0800daf4   0x0800daf4   0x00000028   Data   RO         4561    .constdata          GUI_CM4F_L.lib(f20b_ascii.o)
    0x0800db1c   0x0800db1c   0x000002f8   Data   RO         4562    .constdata          GUI_CM4F_L.lib(f20b_ascii.o)
    0x0800de14   0x0800de14   0x0000000c   Data   RO         4563    .constdata          GUI_CM4F_L.lib(f20b_ascii.o)
    0x0800de20   0x0800de20   0x00000024   Data   RO         4564    .constdata          GUI_CM4F_L.lib(f20b_ascii.o)
    0x0800de44   0x0800de44   0x00000018   Data   RO         5011    .constdata          GUI_CM4F_L.lib(guicc_16.o)
    0x0800de5c   0x0800de5c   0x00000010   Data   RO         5021    .constdata          GUI_CM4F_L.lib(gui__divtbl.o)
    0x0800de6c   0x0800de6c   0x00000020   Data   RO         5022    .constdata          GUI_CM4F_L.lib(gui__divtbl.o)
    0x0800de8c   0x0800de8c   0x00000040   Data   RO         5023    .constdata          GUI_CM4F_L.lib(gui__divtbl.o)
    0x0800decc   0x0800decc   0x00000100   Data   RO         5024    .constdata          GUI_CM4F_L.lib(gui__divtbl.o)
    0x0800dfcc   0x0800dfcc   0x00000100   Data   RO         5025    .constdata          GUI_CM4F_L.lib(gui__divtbl.o)
    0x0800e0cc   0x0800e0cc   0x00000100   Data   RO         5026    .constdata          GUI_CM4F_L.lib(gui__divtbl.o)
    0x0800e1cc   0x0800e1cc   0x00000010   Data   RO         5301    .constdata          GUI_CM4F_L.lib(gui_uc_encodenone.o)
    0x0800e1dc   0x0800e1dc   0x00000018   Data   RO         5337    .constdata          GUI_CM4F_L.lib(guicc_0.o)
    0x0800e1f4   0x0800e1f4   0x00000100   Data   RO         5401    .constdata          GUI_CM4F_L.lib(lcd_mirror.o)
    0x0800e2f4   0x0800e2f4   0x00000074   Data   RO         5515    .constdata          GUI_CM4F_L.lib(guidev_32.o)
    0x0800e368   0x0800e368   0x00000020   Data   RO         6870    Region$$Table       anon$$obj.o


    Execution Region RW_IRAM2 (Exec base: 0x20000000, Load base: 0x0800e3ec, Size: 0x00005a00, Max: 0x00010000, ABSOLUTE)

    Exec Addr    Load Addr    Size         Type   Attr      Idx    E Section Name        Object

    0x20000000        -       0x00005a00   Zero   RW         2372    .ARM.__AT_0x20000000  lcdconf.o


    Execution Region RW_IRAM1 (Exec base: 0x20010000, Load base: 0x0800e388, Size: 0x00019ed0, Max: 0x00040000, ABSOLUTE, COMPRESSED[0x00000064])

    Exec Addr    Load Addr    Size         Type   Attr      Idx    E Section Name        Object

    0x20010000   COMPRESSED   0x00000002   Data   RW           13    .data               main.o
    0x20010002   COMPRESSED   0x00000002   PAD
    0x20010004   COMPRESSED   0x00000024   Data   RW          216    .data               thread.o
    0x20010028   COMPRESSED   0x00000002   Data   RW          359    .data               stm32746g_discovery_sdram.o
    0x2001002a   COMPRESSED   0x00000002   PAD
    0x2001002c   COMPRESSED   0x00000014   Data   RW          472    .data               rtx_conf_cm.o
    0x20010040   COMPRESSED   0x00000004   Data   RW         2178    .data               system_stm32f7xx.o
    0x20010044   COMPRESSED   0x00000010   Data   RW         2226    .data               gui_x_rte.o
    0x20010054   COMPRESSED   0x0000002c   Data   RW         2376    .data               lcdconf.o
    0x20010080   COMPRESSED   0x00000008   Data   RW         2705    .data               RTX_CM4.lib(rt_cmsis.o)
    0x20010088   COMPRESSED   0x00000008   Data   RW         3242    .data               RTX_CM4.lib(rt_task.o)
    0x20010090   COMPRESSED   0x00000004   Data   RW         3318    .data               RTX_CM4.lib(rt_time.o)
    0x20010094   COMPRESSED   0x00000008   Data   RW         3436    .data               GUI_CM4F_L.lib(guicc_m1555i.o)
    0x2001009c   COMPRESSED   0x00000008   Data   RW         3456    .data               GUI_CM4F_L.lib(guicc_m4444i.o)
    0x200100a4   COMPRESSED   0x00000008   Data   RW         3475    .data               GUI_CM4F_L.lib(guicc_m8888i.o)
    0x200100ac   COMPRESSED   0x00000030   Data   RW         3498    .data               GUI_CM4F_L.lib(gui__alpha.o)
    0x200100dc   COMPRESSED   0x00000004   Data   RW         3572    .data               GUI_CM4F_L.lib(gui_alloc.o)
    0x200100e0   COMPRESSED   0x00000050   Data   RW         3825    .data               GUI_CM4F_L.lib(gui_core.o)
    0x20010130   COMPRESSED   0x00000004   Data   RW         3830    .data               GUI_CM4F_L.lib(gui_core.o)
    0x20010134   COMPRESSED   0x00000004   Data   RW         3831    .data               GUI_CM4F_L.lib(gui_core.o)
    0x20010138   COMPRESSED   0x00000004   Data   RW         3832    .data               GUI_CM4F_L.lib(gui_core.o)
    0x2001013c   COMPRESSED   0x00000001   Data   RW         3835    .data               GUI_CM4F_L.lib(gui_core.o)
    0x2001013d   COMPRESSED   0x00000003   PAD
    0x20010140   COMPRESSED   0x00000004   Data   RW         3837    .data               GUI_CM4F_L.lib(gui_core.o)
    0x20010144   COMPRESSED   0x00000002   Data   RW         3838    .data               GUI_CM4F_L.lib(gui_core.o)
    0x20010146   COMPRESSED   0x00000002   Data   RW         3839    .data               GUI_CM4F_L.lib(gui_core.o)
    0x20010148   COMPRESSED   0x0000002c   Data   RW         3947    .data               GUI_CM4F_L.lib(gui_multibuf.o)
    0x20010174   COMPRESSED   0x00000008   Data   RW         4001    .data               GUI_CM4F_L.lib(guicc_m565.o)
    0x2001017c   COMPRESSED   0x00000008   Data   RW         4020    .data               GUI_CM4F_L.lib(guicc_m888.o)
    0x20010184   COMPRESSED   0x00000004   Data   RW         4054    .data               GUI_CM4F_L.lib(lcd.o)
    0x20010188   COMPRESSED   0x00000014   Data   RW         4091    .data               GUI_CM4F_L.lib(lcd_color.o)
    0x2001019c   COMPRESSED   0x00000008   Data   RW         4151    .data               GUI_CM4F_L.lib(lcd_getex.o)
    0x200101a4   COMPRESSED   0x00000008   Data   RW         4584    .data               RTX_CM4.lib(rt_system.o)
    0x200101ac   COMPRESSED   0x00000008   Data   RW         4872    .data               RTX_CM4.lib(rt_robin.o)
    0x200101b4   COMPRESSED   0x00000001   Data   RW         4952    .data               RTX_CM4.lib(hal_cm.o)
    0x200101b5   COMPRESSED   0x00000003   PAD
    0x200101b8   COMPRESSED   0x00000004   Data   RW         5062    .data               GUI_CM4F_L.lib(gui__private.o)
    0x200101bc   COMPRESSED   0x00000004   Data   RW         5063    .data               GUI_CM4F_L.lib(gui__private.o)
    0x200101c0   COMPRESSED   0x00000004   Data   RW         5151    .data               GUI_CM4F_L.lib(gui_charline.o)
    0x200101c4   COMPRESSED   0x00000010   Data   RW         5232    .data               GUI_CM4F_L.lib(gui_onkey.o)
    0x200101d4   COMPRESSED   0x0000001c   Data   RW         5258    .data               GUI_CM4F_L.lib(gui_task.o)
    0x200101f0   COMPRESSED   0x0000000c   Data   RW         5319    .data               GUI_CM4F_L.lib(gui_waitevent.o)
    0x200101fc   COMPRESSED   0x00000068   Data   RW         5598    .data               GUI_CM4F_L.lib(wm.o)
    0x20010264   COMPRESSED   0x00000018   Data   RW         5836    .data               GUI_CM4F_L.lib(gui__managecache.o)
    0x2001027c   COMPRESSED   0x00000004   Data   RW         6048    .data               GUI_CM4F_L.lib(wm__private.o)
    0x20010280        -       0x00000120   Zero   RW          358    .bss                stm32746g_discovery_sdram.o
    0x200103a0        -       0x00008d60   Zero   RW          470    .bss                rtx_conf_cm.o
    0x20019100        -       0x00000028   Zero   RW         2224    .bss                gui_x_rte.o
    0x20019128        -       0x00010000   Zero   RW         2310    .bss                guiconf.o
    0x20029128        -       0x000004e8   Zero   RW         2374    .bss                lcdconf.o
    0x20029610        -       0x00000034   Zero   RW         3241    .bss                RTX_CM4.lib(rt_task.o)
    0x20029644        -       0x000000cc   Zero   RW         3571    .bss                GUI_CM4F_L.lib(gui_alloc.o)
    0x20029710        -       0x00000074   Zero   RW         3823    .bss                GUI_CM4F_L.lib(gui_core.o)
    0x20029784        -       0x00000030   Zero   RW         4714    .bss                RTX_CM4.lib(rt_list.o)
    0x200297b4        -       0x00000058   Zero   RW         5231    .bss                GUI_CM4F_L.lib(gui_onkey.o)
    0x2002980c        -       0x00000018   Zero   RW         5596    .bss                GUI_CM4F_L.lib(wm.o)
    0x20029824        -       0x00000048   Zero   RW         6119    .bss                GUI_CM4F_L.lib(wm_touch.o)
    0x2002986c        -       0x00000060   Zero   RW         6683    .bss                c_w.l(libspace.o)
    0x200298cc   COMPRESSED   0x00000004   PAD
    0x200298d0        -       0x00000200   Zero   RW         2166    HEAP                startup_stm32f746xx.o
    0x20029ad0        -       0x00000400   Zero   RW         2165    STACK               startup_stm32f746xx.o



  Load Region LR$$.ARM.__AT_0xC0000000 (Base: 0xc0000000, Size: 0x00000000, Max: 0x0005fa00, ABSOLUTE)

    Execution Region ER$$.ARM.__AT_0xC0000000 (Exec base: 0xc0000000, Load base: 0xc0000000, Size: 0x0005fa00, Max: 0x0005fa00, ABSOLUTE, UNINIT)

    Exec Addr    Load Addr    Size         Type   Attr      Idx    E Section Name        Object

    0xc0000000        -       0x0005fa00   Zero   RW         2373    .ARM.__AT_0xC0000000  lcdconf.o


==============================================================================

Image component sizes


      Code (inc. data)   RO Data    RW Data    ZI Data      Debug   Object Name

       130         30         12         16         40       4935   gui_x_rte.o
        28          8          0          0      65536        515   guiconf.o
       368         42          0          0          0       2646   lcd_x.o
      3876        522          8         44     415976      37059   lcdconf.o
       866         84          0          2          0     881178   main.o
       126         26        104         20      36192       9239   rtx_conf_cm.o
        64         26        456          0       1536        852   startup_stm32f746xx.o
       748         66          0          2        288       4748   stm32746g_discovery_sdram.o
       108         10          0          0          0       3236   stm32f7xx_hal.o
       504         38          0          0          0      41721   stm32f7xx_hal_cortex.o
       568         10          8          0          0       3764   stm32f7xx_hal_dma.o
       586         56          0          0          0       4513   stm32f7xx_hal_gpio.o
      2178         12          0          0          0      14248   stm32f7xx_hal_ltdc.o
       144          8          0          0          0       1392   stm32f7xx_hal_pwr_ex.o
      1872         40          0          0          0       3972   stm32f7xx_hal_rcc.o
      2328         26          0          0          0       2376   stm32f7xx_hal_rcc_ex.o
       164          0          0          0          0       3520   stm32f7xx_hal_sdram.o
        84          8          0          0          0       3120   stm32f7xx_it.o
       368          4          0          0          0       3744   stm32f7xx_ll_fmc.o
       100         18         24          4          0       1315   system_stm32f7xx.o
       420        122         48         36          0       3927   thread.o

    ----------------------------------------------------------------------
     15648       1156        692        128     519568    1032020   Object Totals
         0          0         32          0          0          0   (incl. Generated)
        18          0          0          4          0          0   (incl. Padding)

    ----------------------------------------------------------------------

      Code (inc. data)   RO Data    RW Data    ZI Data      Debug   Library Member Name

         0          0       2238          0          0          0   f13h_ascii.o
         0          0       4168          0          0          0   f20b_ascii.o
         0          0       1816          0          0          0   f6x8.o
       128          4          0          0          0        132   gui_2dlib.o
       908         58          0         48          0       1148   gui__alpha.o
       372          0          0          0          0        260   gui__compactpixelindices.o
         0          0        880          0          0          0   gui__divtbl.o
       322          0          0          0          0        156   gui__expandpixelindices.o
       228          8          0         24          0        252   gui__managecache.o
       220          0          0          8          0        372   gui__private.o
      1424         86          0          4        204       2384   gui_alloc.o
       164         20          0          0          0        500   gui_char.o
       486         40          0          4          0        760   gui_charline.o
       394         12          0          0          0        492   gui_charm.o
       316         10          0          0          0        624   gui_charp.o
       536         38          0          0          0       1756   gui_common.o
       544         92          8        101        116       1124   gui_core.o
       390         28          0          0          0        984   gui_device.o
       356         14          0          0          0        412   gui_dispstring.o
        44          6          0         44          0        116   gui_multibuf.o
        16          4          0         16         88        116   gui_onkey.o
        96         10          0          0          0        256   gui_selectlayer.o
       384         48          0         28          0        764   gui_task.o
        84         10          0          0          0        264   gui_uc.o
        18          0         16          0          0        464   gui_uc_encodenone.o
        16          4          0         12          0        116   gui_waitevent.o
       198          0         24          0          0        388   guicc_0.o
       172          0         24          0          0        376   guicc_16.o
       228         36         24          0          0        636   guicc_1616i.o
       190          0         24          0          0        356   guicc_8666.o
       194         18         24          0          0        636   guicc_88666i.o
         2          0          0          0          0        116   guicc_8888_index2color.o
       290         32         24          8          0        768   guicc_m1555i.o
       312         22         24          8          0        768   guicc_m4444i.o
       258         46         24          8          0        652   guicc_m565.o
       142         16         24          8          0        636   guicc_m888.o
       184         12         24          8          0        644   guicc_m8888i.o
        30          0          0          0          0        124   guicc_m8888i_index2color.o
        20          0          0          0          0        116   guicc_m888_index2color.o
        72          6          0          0          0        128   guidev.o
      2396         76        116          0          0       2256   guidev_32.o
        40          0          0          0          0        128   guidev_getdataptr.o
        84          0          0          0          0        260   guidev_usage.o
       436         24          0          0          0        272   guidev_writetoactivealpha.o
      5494        198         52          0          0       4664   guidrv_lin_24.o
      1312        114         12          4          0       2152   lcd.o
       300         34          0         20          0        748   lcd_color.o
        32         12          0          0          0        232   lcd_getcolorindex.o
       272         42          0          8          0       2476   lcd_getex.o
        26          0          0          0          0        128   lcd_getnumdisplays.o
         0          0        256          0          0          0   lcd_mirror.o
       504         18          0          0          0        280   lcd_readrect.o
        64          8          0          0          0        128   lcd_selectlcd.o
       260          0          0          0          0        788   lcd_set.o
        48         10          0          0          0        128   lcd_setcliprectex.o
        36          4          0          0          0        128   lcd_updatecolorindices.o
      3102        162          0        104         24       4108   wm.o
       162         12          0          4          0        632   wm__private.o
       250         10          0          0          0        644   wm_lib.o
         0          0          0          0         72          0   wm_touch.o
       268         24          0          1          0       4524   hal_cm.o
       408         34          0          0          0        824   hal_cm4.o
      1876        212          0          8          0      47726   rt_cmsis.o
       272         18          0          0          0       2842   rt_event.o
       530         34          0          0         48       8685   rt_list.o
       554         10          0          0          0       4237   rt_mailbox.o
       140          0          0          0          0       2069   rt_membox.o
       128          0          0          0          0       2451   rt_memory.o
       352         14          0          0          0       2249   rt_mutex.o
        96         22          0          8          0       1254   rt_robin.o
        52          4          0          0          0        621   rt_semaphore.o
       298         52          0          8          0       6511   rt_system.o
      1216        174          0          8         52      10129   rt_task.o
         6          0          0          4          0        700   rt_time.o
         4          4          0          0          0        208   svc_table.o
        90          0          0          0          0          0   __dczerorl2.o
         8          0          0          0          0         68   __main.o
         0          0          0          0          0          0   __rtentry.o
        20          0          0          0          0          0   __rtentry2.o
         6          0          0          0          0          0   __rtentry4.o
        52          8          0          0          0          0   __scatter.o
        28          0          0          0          0          0   __scatter_zi.o
        18          0          0          0          0         80   exit.o
         6          0          0          0          0        152   heapauxi.o
         0          0          0          0          0          0   indicate_semi.o
         2          0          0          0          0          0   libinit.o
         6          0          0          0          0          0   libinit2.o
         2          0          0          0          0          0   libshutdown.o
         2          0          0          0          0          0   libshutdown2.o
         8          4          0          0         96         68   libspace.o
       238          0          0          0          0        100   lludivv7m.o
         8          0          0          0          0         76   memcpy.o
        22          0          0          0          0         76   memset.o
        68          0          0          0          0         68   rt_memclr.o
        78          0          0          0          0         80   rt_memclr_w.o
       138          0          0          0          0         68   rt_memcpy_v6.o
       100          0          0          0          0         80   rt_memcpy_w.o
       132          0          0          0          0         68   rt_memmove_v6.o
       122          0          0          0          0         80   rt_memmove_w.o
         2          0          0          0          0          0   rtexit.o
        10          0          0          0          0          0   rtexit2.o
        12          4          0          0          0         68   sys_exit.o
        74          0          0          0          0         80   sys_stackheap_outer.o
         2          0          0          0          0         68   use_no_semi.o
        10          0          0          0          0        116   fpinit.o

    ----------------------------------------------------------------------
     32104       2022       9804        512        704     136374   Library Totals
        84          0          2          6          4          0   (incl. Padding)

    ----------------------------------------------------------------------

      Code (inc. data)   RO Data    RW Data    ZI Data      Debug   Library Name

     24556       1404       9802        469        504      39948   GUI_CM4F_L.lib
      6200        602          0         37        100      95030   RTX_CM4.lib
      1254         16          0          0         96       1280   c_w.l
        10          0          0          0          0        116   fz_wm.l

    ----------------------------------------------------------------------
     32104       2022       9804        512        704     136374   Library Totals

    ----------------------------------------------------------------------

==============================================================================


      Code (inc. data)   RO Data    RW Data    ZI Data      Debug   

     47752       3178      10496        640     520272    1113470   Grand Totals
     47752       3178      10496        100     520272    1113470   ELF Image Totals (compressed)
     47752       3178      10496        100          0          0   ROM Totals

==============================================================================

    Total RO  Size (Code + RO Data)                58248 (  56.88kB)
    Total RW  Size (RW Data + ZI Data)            520912 ( 508.70kB)
    Total ROM Size (Code + RO Data + RW Data)      58348 (  56.98kB)

==============================================================================

