Component: ARM Compiler 5.06 update 6 (build 750) Tool: armlink [4d35ed]

==============================================================================

Section Cross References

    startup_stm32f746xx.o(RESET) refers to startup_stm32f746xx.o(STACK) for __initial_sp
    startup_stm32f746xx.o(RESET) refers to startup_stm32f746xx.o(.text) for Reset_Handler
    startup_stm32f746xx.o(RESET) refers to stm32f7xx_it.o(i.NMI_Handler) for NMI_Handler
    startup_stm32f746xx.o(RESET) refers to stm32f7xx_it.o(i.HardFault_Handler) for HardFault_Handler
    startup_stm32f746xx.o(RESET) refers to stm32f7xx_it.o(i.MemManage_Handler) for MemManage_Handler
    startup_stm32f746xx.o(RESET) refers to stm32f7xx_it.o(i.BusFault_Handler) for BusFault_Handler
    startup_stm32f746xx.o(RESET) refers to stm32f7xx_it.o(i.UsageFault_Handler) for UsageFault_Handler
    startup_stm32f746xx.o(RESET) refers to stm32f7xx_it.o(i.SVC_Handler) for SVC_Handler
    startup_stm32f746xx.o(RESET) refers to stm32f7xx_it.o(i.DebugMon_Handler) for DebugMon_Handler
    startup_stm32f746xx.o(RESET) refers to stm32f7xx_it.o(i.PendSV_Handler) for PendSV_Handler
    startup_stm32f746xx.o(RESET) refers to stm32f7xx_it.o(i.SysTick_Handler) for SysTick_Handler
    startup_stm32f746xx.o(RESET) refers to stm32f7xx_it.o(i.RCC_IRQHandler) for RCC_IRQHandler
    startup_stm32f746xx.o(RESET) refers to stm32f7xx_it.o(i.USART1_IRQHandler) for USART1_IRQHandler
    startup_stm32f746xx.o(.text) refers to system_stm32f7xx.o(i.SystemInit) for SystemInit
    startup_stm32f746xx.o(.text) refers to entry.o(.ARM.Collect$$$$00000000) for __main
    main.o(i.Handle_Error) refers to stm32f7xx_hal_gpio.o(i.HAL_GPIO_TogglePin) for HAL_GPIO_TogglePin
    main.o(i.Handle_Error) refers to stm32f7xx_hal.o(i.HAL_Delay) for HAL_Delay
    main.o(i.Handle_Error) refers to stm32f7xx_hal_gpio.o(i.HAL_GPIO_WritePin) for HAL_GPIO_WritePin
    main.o(i.ListDirectory) refers to ff.o(i.f_readdir) for f_readdir
    main.o(i.ListDirectory) refers to printf6.o(i.__0printf$6) for __2printf
    main.o(i.MX_GPIO_Init) refers to stm32f7xx_hal_gpio.o(i.HAL_GPIO_Init) for HAL_GPIO_Init
    main.o(i.MX_USART1_UART_Init) refers to stm32f7xx_hal_uart.o(i.HAL_UART_Init) for HAL_UART_Init
    main.o(i.MX_USART1_UART_Init) refers to main.o(.bss) for .bss
    main.o(i.SystemClock_Config) refers to stm32f7xx_hal_rcc.o(i.HAL_RCC_OscConfig) for HAL_RCC_OscConfig
    main.o(i.SystemClock_Config) refers to stm32f7xx_hal_pwr_ex.o(i.HAL_PWREx_EnableOverDrive) for HAL_PWREx_EnableOverDrive
    main.o(i.SystemClock_Config) refers to stm32f7xx_hal_rcc.o(i.HAL_RCC_ClockConfig) for HAL_RCC_ClockConfig
    main.o(i.SystemClock_Config) refers to stm32f7xx_hal_rcc_ex.o(i.HAL_RCCEx_PeriphCLKConfig) for HAL_RCCEx_PeriphCLKConfig
    main.o(i.SystemClock_Config) refers to stm32f7xx_hal_rcc.o(i.HAL_RCC_GetHCLKFreq) for HAL_RCC_GetHCLKFreq
    main.o(i.SystemClock_Config) refers to stm32f7xx_hal_cortex.o(i.HAL_SYSTICK_Config) for HAL_SYSTICK_Config
    main.o(i.SystemClock_Config) refers to stm32f7xx_hal_cortex.o(i.HAL_SYSTICK_CLKSourceConfig) for HAL_SYSTICK_CLKSourceConfig
    main.o(i.SystemClock_Config) refers to stm32f7xx_hal_cortex.o(i.HAL_NVIC_SetPriority) for HAL_NVIC_SetPriority
    main.o(i.fputc) refers to stm32f7xx_hal_uart.o(i.HAL_UART_Transmit) for HAL_UART_Transmit
    main.o(i.fputc) refers to main.o(.bss) for .bss
    main.o(i.main) refers to stm32f7xx_hal.o(i.HAL_Init) for HAL_Init
    main.o(i.main) refers to main.o(i.SystemClock_Config) for SystemClock_Config
    main.o(i.main) refers to main.o(i.MX_GPIO_Init) for MX_GPIO_Init
    main.o(i.main) refers to stm32f7xx_hal_sd.o(i.HAL_SD_Init) for HAL_SD_Init
    main.o(i.main) refers to fatfs.o(i.MX_FATFS_Init) for MX_FATFS_Init
    main.o(i.main) refers to main.o(i.MX_USART1_UART_Init) for MX_USART1_UART_Init
    main.o(i.main) refers to printf6.o(i.__0printf$6) for __2printf
    main.o(i.main) refers to bsp_driver_sd.o(i.BSP_SD_Init) for BSP_SD_Init
    main.o(i.main) refers to main.o(i.Handle_Error) for Handle_Error
    main.o(i.main) refers to ff.o(i.f_mount) for f_mount
    main.o(i.main) refers to ff.o(i.f_mkdir) for f_mkdir
    main.o(i.main) refers to ff.o(i.f_opendir) for f_opendir
    main.o(i.main) refers to ff.o(i.f_open) for f_open
    main.o(i.main) refers to ff.o(i.f_lseek) for f_lseek
    main.o(i.main) refers to ff.o(i.f_printf) for f_printf
    main.o(i.main) refers to ff.o(i.f_close) for f_close
    main.o(i.main) refers to ff.o(i.f_read) for f_read
    main.o(i.main) refers to main.o(i.ListDirectory) for ListDirectory
    main.o(i.main) refers to stm32f7xx_hal_gpio.o(i.HAL_GPIO_WritePin) for HAL_GPIO_WritePin
    main.o(i.main) refers to main.o(.bss) for .bss
    main.o(i.main) refers to main.o(.data) for .data
    bsp_driver_sd.o(i.BSP_SD_Erase) refers to stm32f7xx_hal_sd.o(i.HAL_SD_Erase) for HAL_SD_Erase
    bsp_driver_sd.o(i.BSP_SD_Erase) refers to main.o(.bss) for hsd1
[...]
    ../fplib/microlib/fpadd.c                0x00000000   Number         0  dadd.o ABSOLUTE
    ../fplib/microlib/fpdiv.c                0x00000000   Number         0  ddiv.o ABSOLUTE
    ../fplib/microlib/fpepilogue.c           0x00000000   Number         0  depilogue.o ABSOLUTE
    ../fplib/microlib/fpfix.c                0x00000000   Number         0  dfixul.o ABSOLUTE
    ../fplib/microlib/fpmul.c                0x00000000   Number         0  dmul.o ABSOLUTE
    ..\Drivers\STM32F7xx_HAL_Driver\Src\stm32f7xx_hal.c 0x00000000   Number         0  stm32f7xx_hal.o ABSOLUTE
    ..\Drivers\STM32F7xx_HAL_Driver\Src\stm32f7xx_hal_cortex.c 0x00000000   Number         0  stm32f7xx_hal_cortex.o ABSOLUTE
    ..\Drivers\STM32F7xx_HAL_Driver\Src\stm32f7xx_hal_dma.c 0x00000000   Number         0  stm32f7xx_hal_dma.o ABSOLUTE
    ..\Drivers\STM32F7xx_HAL_Driver\Src\stm32f7xx_hal_dma_ex.c 0x00000000   Number         0  stm32f7xx_hal_dma_ex.o ABSOLUTE
    ..\Drivers\STM32F7xx_HAL_Driver\Src\stm32f7xx_hal_flash.c 0x00000000   Number         0  stm32f7xx_hal_flash.o ABSOLUTE
    ..\Drivers\STM32F7xx_HAL_Driver\Src\stm32f7xx_hal_flash_ex.c 0x00000000   Number         0  stm32f7xx_hal_flash_ex.o ABSOLUTE
    ..\Drivers\STM32F7xx_HAL_Driver\Src\stm32f7xx_hal_gpio.c 0x00000000   Number         0  stm32f7xx_hal_gpio.o ABSOLUTE
    ..\Drivers\STM32F7xx_HAL_Driver\Src\stm32f7xx_hal_i2c.c 0x00000000   Number         0  stm32f7xx_hal_i2c.o ABSOLUTE
    ..\Drivers\STM32F7xx_HAL_Driver\Src\stm32f7xx_hal_i2c_ex.c 0x00000000   Number         0  stm32f7xx_hal_i2c_ex.o ABSOLUTE
    ..\Drivers\STM32F7xx_HAL_Driver\Src\stm32f7xx_hal_pwr.c 0x00000000   Number         0  stm32f7xx_hal_pwr.o ABSOLUTE
    ..\Drivers\STM32F7xx_HAL_Driver\Src\stm32f7xx_hal_pwr_ex.c 0x00000000   Number         0  stm32f7xx_hal_pwr_ex.o ABSOLUTE
    ..\Drivers\STM32F7xx_HAL_Driver\Src\stm32f7xx_hal_rcc.c 0x00000000   Number         0  stm32f7xx_hal_rcc.o ABSOLUTE
    ..\Drivers\STM32F7xx_HAL_Driver\Src\stm32f7xx_hal_rcc_ex.c 0x00000000   Number         0  stm32f7xx_hal_rcc_ex.o ABSOLUTE
    ..\Drivers\STM32F7xx_HAL_Driver\Src\stm32f7xx_hal_sd.c 0x00000000   Number         0  stm32f7xx_hal_sd.o ABSOLUTE
    ..\Drivers\STM32F7xx_HAL_Driver\Src\stm32f7xx_hal_tim.c 0x00000000   Number         0  stm32f7xx_hal_tim.o ABSOLUTE
    ..\Drivers\STM32F7xx_HAL_Driver\Src\stm32f7xx_hal_tim_ex.c 0x00000000   Number         0  stm32f7xx_hal_tim_ex.o ABSOLUTE
    ..\Drivers\STM32F7xx_HAL_Driver\Src\stm32f7xx_hal_uart.c 0x00000000   Number         0  stm32f7xx_hal_uart.o ABSOLUTE
    ..\Drivers\STM32F7xx_HAL_Driver\Src\stm32f7xx_ll_sdmmc.c 0x00000000   Number         0  stm32f7xx_ll_sdmmc.o ABSOLUTE
    ..\Middlewares\Third_Party\FatFs\src\diskio.c 0x00000000   Number         0  diskio.o ABSOLUTE
    ..\Middlewares\Third_Party\FatFs\src\ff.c 0x00000000   Number         0  ff.o ABSOLUTE
    ..\Middlewares\Third_Party\FatFs\src\ff_gen_drv.c 0x00000000   Number         0  ff_gen_drv.o ABSOLUTE
    ..\Middlewares\Third_Party\FatFs\src\option\ccsbcs.c 0x00000000   Number         0  ccsbcs.o ABSOLUTE
    ..\Middlewares\Third_Party\FatFs\src\option\syscall.c 0x00000000   Number         0  syscall.o ABSOLUTE
    ..\Src\bsp_driver_sd.c                   0x00000000   Number         0  bsp_driver_sd.o ABSOLUTE
    ..\Src\fatfs.c                           0x00000000   Number         0  fatfs.o ABSOLUTE
    ..\Src\main.c                            0x00000000   Number         0  main.o ABSOLUTE
    ..\Src\sd_diskio.c                       0x00000000   Number         0  sd_diskio.o ABSOLUTE
    ..\Src\stm32f7xx_hal_msp.c               0x00000000   Number         0  stm32f7xx_hal_msp.o ABSOLUTE
    ..\Src\stm32f7xx_it.c                    0x00000000   Number         0  stm32f7xx_it.o ABSOLUTE
    ..\\Src\system_stm32f7xx.c               0x00000000   Number         0  system_stm32f7xx.o ABSOLUTE
    cdrcmple.s                               0x00000000   Number         0  cdrcmple.o ABSOLUTE
    dc.s                                     0x00000000   Number         0  dc.o ABSOLUTE
    handlers.s                               0x00000000   Number         0  handlers.o ABSOLUTE
    init.s                                   0x00000000   Number         0  init.o ABSOLUTE
    startup_stm32f746xx.s                    0x00000000   Number         0  startup_stm32f746xx.o ABSOLUTE
    RESET                                    0x08000000   Section      456  startup_stm32f746xx.o(RESET)
    .ARM.Collect$$$$00000000                 0x080001c8   Section        0  entry.o(.ARM.Collect$$$$00000000)
    .ARM.Collect$$$$00000001                 0x080001c8   Section        4  entry2.o(.ARM.Collect$$$$00000001)
    .ARM.Collect$$$$00000004                 0x080001cc   Section        4  entry5.o(.ARM.Collect$$$$00000004)
    .ARM.Collect$$$$00000008                 0x080001d0   Section        0  entry7b.o(.ARM.Collect$$$$00000008)
    .ARM.Collect$$$$0000000A                 0x080001d0   Section        0  entry8b.o(.ARM.Collect$$$$0000000A)
    .ARM.Collect$$$$0000000B                 0x080001d0   Section        8  entry9a.o(.ARM.Collect$$$$0000000B)
    .ARM.Collect$$$$0000000D                 0x080001d8   Section        0  entry10a.o(.ARM.Collect$$$$0000000D)
    .ARM.Collect$$$$0000000F                 0x080001d8   Section        0  entry11a.o(.ARM.Collect$$$$0000000F)
    .ARM.Collect$$$$00002712                 0x080001d8   Section        4  entry2.o(.ARM.Collect$$$$00002712)
    __lit__00000000                          0x080001d8   Data           4  entry2.o(.ARM.Collect$$$$00002712)
    .text                                    0x080001dc   Section       36  startup_stm32f746xx.o(.text)
    $v0                                      0x080001dc   Number         0  startup_stm32f746xx.o(.text)
    .text                                    0x08000200   Section        0  uldiv.o(.text)
    .text                                    0x08000262   Section        0  uidiv.o(.text)
    .text                                    0x0800028e   Section        0  llshl.o(.text)
    .text                                    0x080002ac   Section        0  llushr.o(.text)
    .text                                    0x080002cc   Section       36  init.o(.text)
    i.BSP_SD_GetCardInfo                     0x080002f0   Section        0  bsp_driver_sd.o(i.BSP_SD_GetCardInfo)
    i.BSP_SD_GetCardState                    0x080002fc   Section        0  bsp_driver_sd.o(i.BSP_SD_GetCardState)
    i.BSP_SD_Init                            0x08000314   Section        0  bsp_driver_sd.o(i.BSP_SD_Init)
    i.BSP_SD_ReadBlocks                      0x08000338   Section        0  bsp_driver_sd.o(i.BSP_SD_ReadBlocks)
    i.BSP_SD_WriteBlocks                     0x08000358   Section        0  bsp_driver_sd.o(i.BSP_SD_WriteBlocks)
    i.BusFault_Handler                       0x08000378   Section        0  stm32f7xx_it.o(i.BusFault_Handler)
    i.DebugMon_Handler                       0x0800037a   Section        0  stm32f7xx_it.o(i.DebugMon_Handler)
    i.FATFS_LinkDriver                       0x0800037c   Section        0  ff_gen_drv.o(i.FATFS_LinkDriver)
    i.FATFS_LinkDriverEx                     0x08000384   Section        0  ff_gen_drv.o(i.FATFS_LinkDriverEx)
    i.HAL_DMA_Abort_IT                       0x080003c4   Section        0  stm32f7xx_hal_dma.o(i.HAL_DMA_Abort_IT)
    i.HAL_Delay                              0x080003e8   Section        0  stm32f7xx_hal.o(i.HAL_Delay)
    i.HAL_GPIO_Init                          0x0800040c   Section        0  stm32f7xx_hal_gpio.o(i.HAL_GPIO_Init)
    i.HAL_GPIO_TogglePin                     0x080005e4   Section        0  stm32f7xx_hal_gpio.o(i.HAL_GPIO_TogglePin)
    i.HAL_GPIO_WritePin                      0x080005ec   Section        0  stm32f7xx_hal_gpio.o(i.HAL_GPIO_WritePin)
    i.HAL_GetTick                            0x080005f8   Section        0  stm32f7xx_hal.o(i.HAL_GetTick)
    i.HAL_IncTick                            0x08000604   Section        0  stm32f7xx_hal.o(i.HAL_IncTick)
    i.HAL_Init                               0x08000614   Section        0  stm32f7xx_hal.o(i.HAL_Init)
    i.HAL_InitTick                           0x08000640   Section        0  stm32f7xx_hal.o(i.HAL_InitTick)
    i.HAL_MspInit                            0x08000680   Section        0  stm32f7xx_hal_msp.o(i.HAL_MspInit)
    i.HAL_NVIC_EnableIRQ                     0x08000714   Section        0  stm32f7xx_hal_cortex.o(i.HAL_NVIC_EnableIRQ)
    i.HAL_NVIC_SetPriority                   0x0800072c   Section        0  stm32f7xx_hal_cortex.o(i.HAL_NVIC_SetPriority)
    i.HAL_NVIC_SetPriorityGrouping           0x0800076c   Section        0  stm32f7xx_hal_cortex.o(i.HAL_NVIC_SetPriorityGrouping)
    i.HAL_PWREx_EnableOverDrive              0x08000790   Section        0  stm32f7xx_hal_pwr_ex.o(i.HAL_PWREx_EnableOverDrive)
    i.HAL_RCCEx_PeriphCLKConfig              0x080007fc   Section        0  stm32f7xx_hal_rcc_ex.o(i.HAL_RCCEx_PeriphCLKConfig)
    i.HAL_RCC_ClockConfig                    0x08000cf8   Section        0  stm32f7xx_hal_rcc.o(i.HAL_RCC_ClockConfig)
    i.HAL_RCC_GetHCLKFreq                    0x08000e24   Section        0  stm32f7xx_hal_rcc.o(i.HAL_RCC_GetHCLKFreq)
    i.HAL_RCC_GetPCLK1Freq                   0x08000e30   Section        0  stm32f7xx_hal_rcc.o(i.HAL_RCC_GetPCLK1Freq)
    i.HAL_RCC_GetPCLK2Freq                   0x08000e50   Section        0  stm32f7xx_hal_rcc.o(i.HAL_RCC_GetPCLK2Freq)
    i.HAL_RCC_GetSysClockFreq                0x08000e70   Section        0  stm32f7xx_hal_rcc.o(i.HAL_RCC_GetSysClockFreq)
    i.HAL_RCC_OscConfig                      0x08000ed4   Section        0  stm32f7xx_hal_rcc.o(i.HAL_RCC_OscConfig)
    i.HAL_SD_GetCardCSD                      0x0800120c   Section        0  stm32f7xx_hal_sd.o(i.HAL_SD_GetCardCSD)
    i.HAL_SD_GetCardInfo                     0x08001406   Section        0  stm32f7xx_hal_sd.o(i.HAL_SD_GetCardInfo)
    i.HAL_SD_GetCardState                    0x0800142a   Section        0  stm32f7xx_hal_sd.o(i.HAL_SD_GetCardState)
    i.HAL_SD_Init                            0x08001456   Section        0  stm32f7xx_hal_sd.o(i.HAL_SD_Init)
    i.HAL_SD_InitCard                        0x0800148c   Section        0  stm32f7xx_hal_sd.o(i.HAL_SD_InitCard)
    i.HAL_SD_MspInit                         0x080014e8   Section        0  stm32f7xx_hal_msp.o(i.HAL_SD_MspInit)
    i.HAL_SD_ReadBlocks                      0x08001540   Section        0  stm32f7xx_hal_sd.o(i.HAL_SD_ReadBlocks)
    i.HAL_SD_WriteBlocks                     0x080016f0   Section        0  stm32f7xx_hal_sd.o(i.HAL_SD_WriteBlocks)
    i.HAL_SYSTICK_CLKSourceConfig            0x08001892   Section        0  stm32f7xx_hal_cortex.o(i.HAL_SYSTICK_CLKSourceConfig)
    i.HAL_SYSTICK_Callback                   0x080018aa   Section        0  stm32f7xx_hal_cortex.o(i.HAL_SYSTICK_Callback)
    i.HAL_SYSTICK_Config                     0x080018ac   Section        0  stm32f7xx_hal_cortex.o(i.HAL_SYSTICK_Config)
    i.HAL_SYSTICK_IRQHandler                 0x080018d2   Section        0  stm32f7xx_hal_cortex.o(i.HAL_SYSTICK_IRQHandler)
    i.HAL_UART_ErrorCallback                 0x080018da   Section        0  stm32f7xx_hal_uart.o(i.HAL_UART_ErrorCallback)
    i.HAL_UART_IRQHandler                    0x080018dc   Section        0  stm32f7xx_hal_uart.o(i.HAL_UART_IRQHandler)
    i.HAL_UART_Init                          0x08001a54   Section        0  stm32f7xx_hal_uart.o(i.HAL_UART_Init)
    i.HAL_UART_MspInit                       0x08001ac0   Section        0  stm32f7xx_hal_msp.o(i.HAL_UART_MspInit)
    i.HAL_UART_RxCpltCallback                0x08001b28   Section        0  stm32f7xx_hal_uart.o(i.HAL_UART_RxCpltCallback)
    i.HAL_UART_Transmit                      0x08001b2c   Section        0  stm32f7xx_hal_uart.o(i.HAL_UART_Transmit)
    i.HAL_UART_TxCpltCallback                0x08001be2   Section        0  stm32f7xx_hal_uart.o(i.HAL_UART_TxCpltCallback)
    i.Handle_Error                           0x08001be4   Section        0  main.o(i.Handle_Error)
    Handle_Error                             0x08001be5   Thumb Code    40  main.o(i.Handle_Error)
    i.HardFault_Handler                      0x08001c10   Section        0  stm32f7xx_it.o(i.HardFault_Handler)
    i.ListDirectory                          0x08001c14   Section        0  main.o(i.ListDirectory)
    i.MX_FATFS_Init                          0x08001c98   Section        0  fatfs.o(i.MX_FATFS_Init)
    i.MX_GPIO_Init                           0x08001cb4   Section        0  main.o(i.MX_GPIO_Init)
    MX_GPIO_Init                             0x08001cb5   Thumb Code   112  main.o(i.MX_GPIO_Init)
    i.MX_USART1_UART_Init                    0x08001d2c   Section        0  main.o(i.MX_USART1_UART_Init)
    MX_USART1_UART_Init                      0x08001d2d   Thumb Code    46  main.o(i.MX_USART1_UART_Init)
    i.MemManage_Handler                      0x08001d64   Section        0  stm32f7xx_it.o(i.MemManage_Handler)
    i.NMI_Handler                            0x08001d66   Section        0  stm32f7xx_it.o(i.NMI_Handler)
    i.NVIC_SetPriority                       0x08001d68   Section        0  stm32f7xx_hal_cortex.o(i.NVIC_SetPriority)
    NVIC_SetPriority                         0x08001d69   Thumb Code    34  stm32f7xx_hal_cortex.o(i.NVIC_SetPriority)
    i.PendSV_Handler                         0x08001d8a   Section        0  stm32f7xx_it.o(i.PendSV_Handler)
    i.RCC_IRQHandler                         0x08001d8c   Section        0  stm32f7xx_it.o(i.RCC_IRQHandler)
    i.SDMMC_CmdAppCommand                    0x08001d8e   Section        0  stm32f7xx_ll_sdmmc.o(i.SDMMC_CmdAppCommand)
    i.SDMMC_CmdAppOperCommand                0x08001dc0   Section        0  stm32f7xx_ll_sdmmc.o(i.SDMMC_CmdAppOperCommand)
    i.SDMMC_CmdBlockLength                   0x08001df4   Section        0  stm32f7xx_ll_sdmmc.o(i.SDMMC_CmdBlockLength)
    i.SDMMC_CmdGoIdleState                   0x08001e28   Section        0  stm32f7xx_ll_sdmmc.o(i.SDMMC_CmdGoIdleState)
    i.SDMMC_CmdOperCond                      0x08001e78   Section        0  stm32f7xx_ll_sdmmc.o(i.SDMMC_CmdOperCond)
    i.SDMMC_CmdReadMultiBlock                0x08001edc   Section        0  stm32f7xx_ll_sdmmc.o(i.SDMMC_CmdReadMultiBlock)
    i.SDMMC_CmdReadSingleBlock               0x08001f0e   Section        0  stm32f7xx_ll_sdmmc.o(i.SDMMC_CmdReadSingleBlock)
    i.SDMMC_CmdSelDesel                      0x08001f40   Section        0  stm32f7xx_ll_sdmmc.o(i.SDMMC_CmdSelDesel)
    i.SDMMC_CmdSendCID                       0x08001f70   Section        0  stm32f7xx_ll_sdmmc.o(i.SDMMC_CmdSendCID)
    i.SDMMC_CmdSendCSD                       0x08001f9a   Section        0  stm32f7xx_ll_sdmmc.o(i.SDMMC_CmdSendCSD)
    i.SDMMC_CmdSendStatus                    0x08001fc8   Section        0  stm32f7xx_ll_sdmmc.o(i.SDMMC_CmdSendStatus)
    i.SDMMC_CmdSetRelAdd                     0x08001ffa   Section        0  stm32f7xx_ll_sdmmc.o(i.SDMMC_CmdSetRelAdd)
    i.SDMMC_CmdStopTransfer                  0x0800202c   Section        0  stm32f7xx_ll_sdmmc.o(i.SDMMC_CmdStopTransfer)
    i.SDMMC_CmdWriteMultiBlock               0x08002060   Section        0  stm32f7xx_ll_sdmmc.o(i.SDMMC_CmdWriteMultiBlock)
    i.SDMMC_CmdWriteSingleBlock              0x08002092   Section        0  stm32f7xx_ll_sdmmc.o(i.SDMMC_CmdWriteSingleBlock)
    i.SDMMC_ConfigData                       0x080020c4   Section        0  stm32f7xx_ll_sdmmc.o(i.SDMMC_ConfigData)
    i.SDMMC_GetCmdResp1                      0x080020ec   Section        0  stm32f7xx_ll_sdmmc.o(i.SDMMC_GetCmdResp1)
    SDMMC_GetCmdResp1                        0x080020ed   Thumb Code   276  stm32f7xx_ll_sdmmc.o(i.SDMMC_GetCmdResp1)
    i.SDMMC_GetCmdResp2                      0x08002208   Section        0  stm32f7xx_ll_sdmmc.o(i.SDMMC_GetCmdResp2)
    SDMMC_GetCmdResp2                        0x08002209   Thumb Code    74  stm32f7xx_ll_sdmmc.o(i.SDMMC_GetCmdResp2)
    i.SDMMC_GetCmdResp3                      0x08002258   Section        0  stm32f7xx_ll_sdmmc.o(i.SDMMC_GetCmdResp3)
    SDMMC_GetCmdResp3                        0x08002259   Thumb Code    60  stm32f7xx_ll_sdmmc.o(i.SDMMC_GetCmdResp3)
    i.SDMMC_GetCmdResp6                      0x08002298   Section        0  stm32f7xx_ll_sdmmc.o(i.SDMMC_GetCmdResp6)
    SDMMC_GetCmdResp6                        0x08002299   Thumb Code   128  stm32f7xx_ll_sdmmc.o(i.SDMMC_GetCmdResp6)
    i.SDMMC_GetPowerState                    0x0800231c   Section        0  stm32f7xx_ll_sdmmc.o(i.SDMMC_GetPowerState)
    i.SDMMC_GetResponse                      0x08002324   Section        0  stm32f7xx_ll_sdmmc.o(i.SDMMC_GetResponse)
    i.SDMMC_Init                             0x08002330   Section        0  stm32f7xx_ll_sdmmc.o(i.SDMMC_Init)
    i.SDMMC_PowerState_ON                    0x08002352   Section        0  stm32f7xx_ll_sdmmc.o(i.SDMMC_PowerState_ON)
    i.SDMMC_ReadFIFO                         0x0800235a   Section        0  stm32f7xx_ll_sdmmc.o(i.SDMMC_ReadFIFO)
    i.SDMMC_SendCommand                      0x08002360   Section        0  stm32f7xx_ll_sdmmc.o(i.SDMMC_SendCommand)
    i.SDMMC_WriteFIFO                        0x08002382   Section        0  stm32f7xx_ll_sdmmc.o(i.SDMMC_WriteFIFO)
    i.SD_CheckStatus                         0x0800238c   Section        0  sd_diskio.o(i.SD_CheckStatus)
    SD_CheckStatus                           0x0800238d   Thumb Code    26  sd_diskio.o(i.SD_CheckStatus)
    i.SD_InitCard                            0x080023ac   Section        0  stm32f7xx_hal_sd.o(i.SD_InitCard)
    SD_InitCard                              0x080023ad   Thumb Code   230  stm32f7xx_hal_sd.o(i.SD_InitCard)
    i.SD_PowerON                             0x08002492   Section        0  stm32f7xx_hal_sd.o(i.SD_PowerON)
    SD_PowerON                               0x08002493   Thumb Code   166  stm32f7xx_hal_sd.o(i.SD_PowerON)
    i.SD_initialize                          0x08002538   Section        0  sd_diskio.o(i.SD_initialize)
    i.SD_ioctl                               0x08002558   Section        0  sd_diskio.o(i.SD_ioctl)
    i.SD_read                                0x080025b0   Section        0  sd_diskio.o(i.SD_read)
    i.SD_status                              0x080025d6   Section        0  sd_diskio.o(i.SD_status)
    i.SD_write                               0x080025dc   Section        0  sd_diskio.o(i.SD_write)
    i.SVC_Handler                            0x08002602   Section        0  stm32f7xx_it.o(i.SVC_Handler)
    i.SysTick_Handler                        0x08002604   Section        0  stm32f7xx_it.o(i.SysTick_Handler)
    i.SystemClock_Config                     0x08002614   Section        0  main.o(i.SystemClock_Config)
    i.SystemInit                             0x080026d4   Section        0  system_stm32f7xx.o(i.SystemInit)
    i.UART_AdvFeatureConfig                  0x08002728   Section        0  stm32f7xx_hal_uart.o(i.UART_AdvFeatureConfig)
    i.UART_CheckIdleState                    0x080027f0   Section        0  stm32f7xx_hal_uart.o(i.UART_CheckIdleState)
    i.UART_DMAAbortOnError                   0x08002830   Section        0  stm32f7xx_hal_uart.o(i.UART_DMAAbortOnError)
    UART_DMAAbortOnError                     0x08002831   Thumb Code    20  stm32f7xx_hal_uart.o(i.UART_DMAAbortOnError)
    i.UART_EndRxTransfer                     0x08002844   Section        0  stm32f7xx_hal_uart.o(i.UART_EndRxTransfer)
    UART_EndRxTransfer                       0x08002845   Thumb Code    28  stm32f7xx_hal_uart.o(i.UART_EndRxTransfer)
    i.UART_Receive_IT                        0x08002860   Section        0  stm32f7xx_hal_uart.o(i.UART_Receive_IT)
    UART_Receive_IT                          0x08002861   Thumb Code   120  stm32f7xx_hal_uart.o(i.UART_Receive_IT)
    i.UART_SetConfig                         0x080028d8   Section        0  stm32f7xx_hal_uart.o(i.UART_SetConfig)
    i.UART_WaitOnFlagUntilTimeout            0x08002b30   Section        0  stm32f7xx_hal_uart.o(i.UART_WaitOnFlagUntilTimeout)
    i.USART1_IRQHandler                      0x08002b94   Section        0  stm32f7xx_it.o(i.USART1_IRQHandler)
    i.UsageFault_Handler                     0x08002ba0   Section        0  stm32f7xx_it.o(i.UsageFault_Handler)
    i.__0printf$6                            0x08002ba4   Section        0  printf6.o(i.__0printf$6)
    i.__scatterload_copy                     0x08002bc4   Section       14  handlers.o(i.__scatterload_copy)
    i.__scatterload_null                     0x08002bd2   Section        2  handlers.o(i.__scatterload_null)
    i.__scatterload_zeroinit                 0x08002bd4   Section       14  handlers.o(i.__scatterload_zeroinit)
    i._printf_core                           0x08002be4   Section        0  printf6.o(i._printf_core)
    _printf_core                             0x08002be5   Thumb Code   748  printf6.o(i._printf_core)
    i._printf_post_padding                   0x08002ed4   Section        0  printf6.o(i._printf_post_padding)
    _printf_post_padding                     0x08002ed5   Thumb Code    36  printf6.o(i._printf_post_padding)
    i._printf_pre_padding                    0x08002ef8   Section        0  printf6.o(i._printf_pre_padding)
    _printf_pre_padding                      0x08002ef9   Thumb Code    46  printf6.o(i._printf_pre_padding)
    i.check_fs                               0x08002f28   Section        0  ff.o(i.check_fs)
    check_fs                                 0x08002f29   Thumb Code   102  ff.o(i.check_fs)
    i.chk_chr                                0x08002f98   Section        0  ff.o(i.chk_chr)
    chk_chr                                  0x08002f99   Thumb Code    16  ff.o(i.chk_chr)
    i.chk_lock                               0x08002fa8   Section        0  ff.o(i.chk_lock)
    chk_lock                                 0x08002fa9   Thumb Code    86  ff.o(i.chk_lock)
    i.clear_lock                             0x08003004   Section        0  ff.o(i.clear_lock)
    clear_lock                               0x08003005   Thumb Code    28  ff.o(i.clear_lock)
    i.clmt_clust                             0x08003024   Section        0  ff.o(i.clmt_clust)
    clmt_clust                               0x08003025   Thumb Code    36  ff.o(i.clmt_clust)
    i.clust2sect                             0x08003048   Section        0  ff.o(i.clust2sect)
    clust2sect                               0x08003049   Thumb Code    24  ff.o(i.clust2sect)
    i.cmp_lfn                                0x08003060   Section        0  ff.o(i.cmp_lfn)
    cmp_lfn                                  0x08003061   Thumb Code   124  ff.o(i.cmp_lfn)
    i.create_chain                           0x080030e0   Section        0  ff.o(i.create_chain)
    create_chain                             0x080030e1   Thumb Code   166  ff.o(i.create_chain)
    i.create_name                            0x08003188   Section        0  ff.o(i.create_name)
    create_name                              0x08003189   Thumb Code   490  ff.o(i.create_name)
    i.dec_lock                               0x0800338c   Section        0  ff.o(i.dec_lock)
    dec_lock                                 0x0800338d   Thumb Code    48  ff.o(i.dec_lock)
    i.dir_find                               0x080033c0   Section        0  ff.o(i.dir_find)
    dir_find                                 0x080033c1   Thumb Code   210  ff.o(i.dir_find)
    i.dir_next                               0x08003494   Section        0  ff.o(i.dir_next)
    dir_next                                 0x08003495   Thumb Code   244  ff.o(i.dir_next)
    i.dir_read                               0x08003588   Section        0  ff.o(i.dir_read)
    dir_read                                 0x08003589   Thumb Code   184  ff.o(i.dir_read)
    i.dir_register                           0x08003640   Section        0  ff.o(i.dir_register)
    dir_register                             0x08003641   Thumb Code   480  ff.o(i.dir_register)
    i.dir_sdi                                0x08003824   Section        0  ff.o(i.dir_sdi)
    dir_sdi                                  0x08003825   Thumb Code   130  ff.o(i.dir_sdi)
    i.disk_initialize                        0x080038a8   Section        0  diskio.o(i.disk_initialize)
    i.disk_ioctl                             0x080038d0   Section        0  diskio.o(i.disk_ioctl)
    i.disk_read                              0x080038e8   Section        0  diskio.o(i.disk_read)
    i.disk_status                            0x08003904   Section        0  diskio.o(i.disk_status)
    i.disk_write                             0x08003918   Section        0  diskio.o(i.disk_write)
    i.f_close                                0x08003934   Section        0  ff.o(i.f_close)
    i.f_lseek                                0x0800395c   Section        0  ff.o(i.f_lseek)
    i.f_mkdir                                0x08003b76   Section        0  ff.o(i.f_mkdir)
    i.f_mount                                0x08003ccc   Section        0  ff.o(i.f_mount)
    i.f_open                                 0x08003d24   Section        0  ff.o(i.f_open)
    i.f_opendir                              0x08003f3c   Section        0  ff.o(i.f_opendir)
    i.f_printf                               0x08003fc8   Section        0  ff.o(i.f_printf)
    i.f_read                                 0x08004198   Section        0  ff.o(i.f_read)
    i.f_readdir                              0x080042ec   Section        0  ff.o(i.f_readdir)
    i.f_sync                                 0x0800433e   Section        0  ff.o(i.f_sync)
    i.f_write                                0x080043cc   Section        0  ff.o(i.f_write)
    i.ff_convert                             0x08004558   Section        0  ccsbcs.o(i.ff_convert)
    i.ff_wtoupper                            0x08004594   Section        0  ccsbcs.o(i.ff_wtoupper)
    i.find_volume                            0x08004614   Section        0  ff.o(i.find_volume)
    find_volume                              0x08004615   Thumb Code   586  ff.o(i.find_volume)
    i.follow_path                            0x0800486c   Section        0  ff.o(i.follow_path)
    follow_path                              0x0800486d   Thumb Code   116  ff.o(i.follow_path)
    i.fputc                                  0x080048e0   Section        0  main.o(i.fputc)
    i.gen_numname                            0x080048f8   Section        0  ff.o(i.gen_numname)
    gen_numname                              0x080048f9   Thumb Code   124  ff.o(i.gen_numname)
    i.get_fat                                0x08004978   Section        0  ff.o(i.get_fat)
    get_fat                                  0x08004979   Thumb Code   190  ff.o(i.get_fat)
    i.get_fattime                            0x08004a36   Section        0  fatfs.o(i.get_fattime)
    i.get_fileinfo                           0x08004a3a   Section        0  ff.o(i.get_fileinfo)
    get_fileinfo                             0x08004a3b   Thumb Code   232  ff.o(i.get_fileinfo)
    i.get_ldnumber                           0x08004b22   Section        0  ff.o(i.get_ldnumber)
    get_ldnumber                             0x08004b23   Thumb Code    60  ff.o(i.get_ldnumber)
    i.inc_lock                               0x08004b60   Section        0  ff.o(i.inc_lock)
    inc_lock                                 0x08004b61   Thumb Code   124  ff.o(i.inc_lock)
    i.ld_clust                               0x08004be0   Section        0  ff.o(i.ld_clust)
    ld_clust                                 0x08004be1   Thumb Code    38  ff.o(i.ld_clust)
    i.ld_dword                               0x08004c06   Section        0  ff.o(i.ld_dword)
    ld_dword                                 0x08004c07   Thumb Code    22  ff.o(i.ld_dword)
    i.ld_word                                0x08004c1c   Section        0  ff.o(i.ld_word)
    ld_word                                  0x08004c1d   Thumb Code    10  ff.o(i.ld_word)
    i.main                                   0x08004c28   Section        0  main.o(i.main)
    i.mem_cpy                                0x08004e94   Section        0  ff.o(i.mem_cpy)
    mem_cpy                                  0x08004e95   Thumb Code    18  ff.o(i.mem_cpy)
    i.mem_set                                0x08004ea8   Section        0  ff.o(i.mem_set)
    mem_set                                  0x08004ea9   Thumb Code    14  ff.o(i.mem_set)
    i.move_window                            0x08004eb6   Section        0  ff.o(i.move_window)
    move_window                              0x08004eb7   Thumb Code    50  ff.o(i.move_window)
    i.pick_lfn                               0x08004ee8   Section        0  ff.o(i.pick_lfn)
    pick_lfn                                 0x08004ee9   Thumb Code   110  ff.o(i.pick_lfn)
    i.put_fat                                0x08004f5c   Section        0  ff.o(i.put_fat)
    put_fat                                  0x08004f5d   Thumb Code   240  ff.o(i.put_fat)
    i.putc_bfd                               0x0800504c   Section        0  ff.o(i.putc_bfd)
    putc_bfd                                 0x0800504d   Thumb Code    70  ff.o(i.putc_bfd)
    i.putc_flush                             0x08005092   Section        0  ff.o(i.putc_flush)
    putc_flush                               0x08005093   Thumb Code    42  ff.o(i.putc_flush)
    i.remove_chain                           0x080050bc   Section        0  ff.o(i.remove_chain)
    remove_chain                             0x080050bd   Thumb Code   116  ff.o(i.remove_chain)
    i.st_clust                               0x08005130   Section        0  ff.o(i.st_clust)
    st_clust                                 0x08005131   Thumb Code    40  ff.o(i.st_clust)
    i.st_dword                               0x08005158   Section        0  ff.o(i.st_dword)
    st_dword                                 0x08005159   Thumb Code    16  ff.o(i.st_dword)
    i.st_word                                0x08005168   Section        0  ff.o(i.st_word)
    st_word                                  0x08005169   Thumb Code     8  ff.o(i.st_word)
    i.sum_sfn                                0x08005170   Section        0  ff.o(i.sum_sfn)
    sum_sfn                                  0x08005171   Thumb Code    28  ff.o(i.sum_sfn)
    i.sync_fs                                0x0800518c   Section        0  ff.o(i.sync_fs)
    sync_fs                                  0x0800518d   Thumb Code   126  ff.o(i.sync_fs)
    i.sync_window                            0x08005214   Section        0  ff.o(i.sync_window)
    sync_window                              0x08005215   Thumb Code    82  ff.o(i.sync_window)
    i.validate                               0x08005266   Section        0  ff.o(i.validate)
    validate                                 0x08005267   Thumb Code    48  ff.o(i.validate)
    .constdata                               0x08005298   Section       20  sd_diskio.o(.constdata)
    .constdata                               0x080052ac   Section       16  system_stm32f7xx.o(.constdata)
    .constdata                               0x080052bc   Section        8  system_stm32f7xx.o(.constdata)
    .constdata                               0x080052c4   Section      942  ccsbcs.o(.constdata)
    Tbl                                      0x080052c4   Data         256  ccsbcs.o(.constdata)
    cvt1                                     0x080053c4   Data         498  ccsbcs.o(.constdata)
    cvt2                                     0x080055b6   Data         188  ccsbcs.o(.constdata)
    .constdata                               0x08005672   Section      170  ff.o(.constdata)
    ExCvt                                    0x08005672   Data         128  ff.o(.constdata)
    LfnOfs                                   0x080056f2   Data          13  ff.o(.constdata)
    cst                                      0x08005700   Data          14  ff.o(.constdata)
    cst32                                    0x0800570e   Data          14  ff.o(.constdata)
    .data                                    0x20000000   Section       58  main.o(.data)
    .data                                    0x2000003a   Section        1  sd_diskio.o(.data)
    Stat                                     0x2000003a   Data           1  sd_diskio.o(.data)
    .data                                    0x2000003b   Section        5  fatfs.o(.data)
    .data                                    0x20000040   Section       12  stm32f7xx_hal.o(.data)
    .data                                    0x2000004c   Section        4  system_stm32f7xx.o(.data)
    .data                                    0x20000050   Section        8  ff.o(.data)
    Fsid                                     0x20000050   Data           2  ff.o(.data)
    FatFs                                    0x20000054   Data           4  ff.o(.data)
    .data                                    0x20000058   Section        4  stdout.o(.data)
    .bss                                     0x2000005c   Section     1470  main.o(.bss)
    .bss                                     0x2000061c   Section       32  ff.o(.bss)
    Files                                    0x2000061c   Data          32  ff.o(.bss)
    .bss                                     0x2000063c   Section       12  ff_gen_drv.o(.bss)
    STACK                                    0x20000648   Section     4096  startup_stm32f746xx.o(STACK)

    Global Symbols

    Symbol Name                              Value     Ov Type        Size  Object(Section)

    BuildAttributes$$THM_ISAv4$E$P$D$K$B$S$7EM$VFPi5$EXTD16$VFPS$VFMA$PE$PLD8$A:L22UL41UL21$X:L11$S22US41US21$IEEE1$IW$USESV6$~STKCKD$USESV7$~SHL$OSPACE$ROPI$EBA8$MICROLIB$REQ8$PRES8$EABIv2 0x00000000   Number         0  anon$$obj.o ABSOLUTE
    __ARM_use_no_argv                        0x00000000   Number         0  main.o ABSOLUTE
    _printf_a                                0x00000000   Number         0  stubs.o ABSOLUTE
    _printf_c                                0x00000000   Number         0  stubs.o ABSOLUTE
    _printf_charcount                        0x00000000   Number         0  stubs.o ABSOLUTE
    _printf_d                                0x00000000   Number         0  stubs.o ABSOLUTE
    _printf_e                                0x00000000   Number         0  stubs.o ABSOLUTE
    _printf_f                                0x00000000   Number         0  stubs.o ABSOLUTE
    _printf_flags                            0x00000000   Number         0  stubs.o ABSOLUTE
    _printf_fp_dec                           0x00000000   Number         0  stubs.o ABSOLUTE
    _printf_fp_hex                           0x00000000   Number         0  stubs.o ABSOLUTE
    _printf_g                                0x00000000   Number         0  stubs.o ABSOLUTE
    _printf_i                                0x00000000   Number         0  stubs.o ABSOLUTE
    _printf_int_dec                          0x00000000   Number         0  stubs.o ABSOLUTE
    _printf_l                                0x00000000   Number         0  stubs.o ABSOLUTE
    _printf_lc                               0x00000000   Number         0  stubs.o ABSOLUTE
    _printf_ll                               0x00000000   Number         0  stubs.o ABSOLUTE
    _printf_lld                              0x00000000   Number         0  stubs.o ABSOLUTE
    _printf_lli                              0x00000000   Number         0  stubs.o ABSOLUTE
    _printf_llo                              0x00000000   Number         0  stubs.o ABSOLUTE
    _printf_llu                              0x00000000   Number         0  stubs.o ABSOLUTE
    _printf_llx                              0x00000000   Number         0  stubs.o ABSOLUTE
    _printf_longlong_dec                     0x00000000   Number         0  stubs.o ABSOLUTE
    _printf_longlong_hex                     0x00000000   Number         0  stubs.o ABSOLUTE
    _printf_longlong_oct                     0x00000000   Number         0  stubs.o ABSOLUTE
    _printf_ls                               0x00000000   Number         0  stubs.o ABSOLUTE
    _printf_mbtowc                           0x00000000   Number         0  stubs.o ABSOLUTE
    _printf_n                                0x00000000   Number         0  stubs.o ABSOLUTE
    _printf_o                                0x00000000   Number         0  stubs.o ABSOLUTE
    _printf_p                                0x00000000   Number         0  stubs.o ABSOLUTE
    _printf_percent                          0x00000000   Number         0  stubs.o ABSOLUTE
    _printf_pre_padding                      0x00000000   Number         0  stubs.o ABSOLUTE
    _printf_return_value                     0x00000000   Number         0  stubs.o ABSOLUTE
    _printf_s                                0x00000000   Number         0  stubs.o ABSOLUTE
    _printf_sizespec                         0x00000000   Number         0  stubs.o ABSOLUTE
    _printf_str                              0x00000000   Number         0  stubs.o ABSOLUTE
    _printf_truncate_signed                  0x00000000   Number         0  stubs.o ABSOLUTE
    _printf_truncate_unsigned                0x00000000   Number         0  stubs.o ABSOLUTE
    _printf_u                                0x00000000   Number         0  stubs.o ABSOLUTE
    _printf_wc                               0x00000000   Number         0  stubs.o ABSOLUTE
    _printf_wctomb                           0x00000000   Number         0  stubs.o ABSOLUTE
    _printf_widthprec                        0x00000000   Number         0  stubs.o ABSOLUTE
    _printf_x                                0x00000000   Number         0  stubs.o ABSOLUTE
    __cpp_initialize__aeabi_                  - Undefined Weak Reference
    __cxa_finalize                            - Undefined Weak Reference
    __decompress                              - Undefined Weak Reference
    _clock_init                               - Undefined Weak Reference
    _microlib_exit                            - Undefined Weak Reference
    __Vectors_Size                           0x000001c8   Number         0  startup_stm32f746xx.o ABSOLUTE
    __Vectors                                0x08000000   Data           4  startup_stm32f746xx.o(RESET)
    __Vectors_End                            0x080001c8   Data           0  startup_stm32f746xx.o(RESET)
    __main                                   0x080001c9   Thumb Code     0  entry.o(.ARM.Collect$$$$00000000)
    _main_stk                                0x080001c9   Thumb Code     0  entry2.o(.ARM.Collect$$$$00000001)
    _main_scatterload                        0x080001cd   Thumb Code     0  entry5.o(.ARM.Collect$$$$00000004)
    __main_after_scatterload                 0x080001d1   Thumb Code     0  entry5.o(.ARM.Collect$$$$00000004)
    _main_clock                              0x080001d1   Thumb Code     0  entry7b.o(.ARM.Collect$$$$00000008)
    _main_cpp_init                           0x080001d1   Thumb Code     0  entry8b.o(.ARM.Collect$$$$0000000A)
    _main_init                               0x080001d1   Thumb Code     0  entry9a.o(.ARM.Collect$$$$0000000B)
    __rt_final_cpp                           0x080001d9   Thumb Code     0  entry10a.o(.ARM.Collect$$$$0000000D)
    __rt_final_exit                          0x080001d9   Thumb Code     0  entry11a.o(.ARM.Collect$$$$0000000F)
    Reset_Handler                            0x080001dd   Thumb Code     8  startup_stm32f746xx.o(.text)
    ADC_IRQHandler                           0x080001f7   Thumb Code     0  startup_stm32f746xx.o(.text)
    CAN1_RX0_IRQHandler                      0x080001f7   Thumb Code     0  startup_stm32f746xx.o(.text)
    CAN1_RX1_IRQHandler                      0x080001f7   Thumb Code     0  startup_stm32f746xx.o(.text)
    CAN1_SCE_IRQHandler                      0x080001f7   Thumb Code     0  startup_stm32f746xx.o(.text)
    CAN1_TX_IRQHandler                       0x080001f7   Thumb Code     0  startup_stm32f746xx.o(.text)
    CAN2_RX0_IRQHandler                      0x080001f7   Thumb Code     0  startup_stm32f746xx.o(.text)
    CAN2_RX1_IRQHandler                      0x080001f7   Thumb Code     0  startup_stm32f746xx.o(.text)
    CAN2_SCE_IRQHandler                      0x080001f7   Thumb Code     0  startup_stm32f746xx.o(.text)
    CAN2_TX_IRQHandler                       0x080001f7   Thumb Code     0  startup_stm32f746xx.o(.text)
    CEC_IRQHandler                           0x080001f7   Thumb Code     0  startup_stm32f746xx.o(.text)
    DCMI_IRQHandler                          0x080001f7   Thumb Code     0  startup_stm32f746xx.o(.text)
    DMA1_Stream0_IRQHandler                  0x080001f7   Thumb Code     0  startup_stm32f746xx.o(.text)
    DMA1_Stream1_IRQHandler                  0x080001f7   Thumb Code     0  startup_stm32f746xx.o(.text)
    DMA1_Stream2_IRQHandler                  0x080001f7   Thumb Code     0  startup_stm32f746xx.o(.text)
    DMA1_Stream3_IRQHandler                  0x080001f7   Thumb Code     0  startup_stm32f746xx.o(.text)
    DMA1_Stream4_IRQHandler                  0x080001f7   Thumb Code     0  startup_stm32f746xx.o(.text)
    DMA1_Stream5_IRQHandler                  0x080001f7   Thumb Code     0  startup_stm32f746xx.o(.text)
    DMA1_Stream6_IRQHandler                  0x080001f7   Thumb Code     0  startup_stm32f746xx.o(.text)
    DMA1_Stream7_IRQHandler                  0x080001f7   Thumb Code     0  startup_stm32f746xx.o(.text)
    DMA2D_IRQHandler                         0x080001f7   Thumb Code     0  startup_stm32f746xx.o(.text)
    DMA2_Stream0_IRQHandler                  0x080001f7   Thumb Code     0  startup_stm32f746xx.o(.text)
    DMA2_Stream1_IRQHandler                  0x080001f7   Thumb Code     0  startup_stm32f746xx.o(.text)
    DMA2_Stream2_IRQHandler                  0x080001f7   Thumb Code     0  startup_stm32f746xx.o(.text)
    DMA2_Stream3_IRQHandler                  0x080001f7   Thumb Code     0  startup_stm32f746xx.o(.text)
    DMA2_Stream4_IRQHandler                  0x080001f7   Thumb Code     0  startup_stm32f746xx.o(.text)
    DMA2_Stream5_IRQHandler                  0x080001f7   Thumb Code     0  startup_stm32f746xx.o(.text)
    DMA2_Stream6_IRQHandler                  0x080001f7   Thumb Code     0  startup_stm32f746xx.o(.text)
    DMA2_Stream7_IRQHandler                  0x080001f7   Thumb Code     0  startup_stm32f746xx.o(.text)
    ETH_IRQHandler                           0x080001f7   Thumb Code     0  startup_stm32f746xx.o(.text)
    ETH_WKUP_IRQHandler                      0x080001f7   Thumb Code     0  startup_stm32f746xx.o(.text)
    EXTI0_IRQHandler                         0x080001f7   Thumb Code     0  startup_stm32f746xx.o(.text)
    EXTI15_10_IRQHandler                     0x080001f7   Thumb Code     0  startup_stm32f746xx.o(.text)
    EXTI1_IRQHandler                         0x080001f7   Thumb Code     0  startup_stm32f746xx.o(.text)
    EXTI2_IRQHandler                         0x080001f7   Thumb Code     0  startup_stm32f746xx.o(.text)
    EXTI3_IRQHandler                         0x080001f7   Thumb Code     0  startup_stm32f746xx.o(.text)
    EXTI4_IRQHandler                         0x080001f7   Thumb Code     0  startup_stm32f746xx.o(.text)
    EXTI9_5_IRQHandler                       0x080001f7   Thumb Code     0  startup_stm32f746xx.o(.text)
    FLASH_IRQHandler                         0x080001f7   Thumb Code     0  startup_stm32f746xx.o(.text)
    FMC_IRQHandler                           0x080001f7   Thumb Code     0  startup_stm32f746xx.o(.text)
    FPU_IRQHandler                           0x080001f7   Thumb Code     0  startup_stm32f746xx.o(.text)
    I2C1_ER_IRQHandler                       0x080001f7   Thumb Code     0  startup_stm32f746xx.o(.text)
    I2C1_EV_IRQHandler                       0x080001f7   Thumb Code     0  startup_stm32f746xx.o(.text)
    I2C2_ER_IRQHandler                       0x080001f7   Thumb Code     0  startup_stm32f746xx.o(.text)
    I2C2_EV_IRQHandler                       0x080001f7   Thumb Code     0  startup_stm32f746xx.o(.text)
    I2C3_ER_IRQHandler                       0x080001f7   Thumb Code     0  startup_stm32f746xx.o(.text)
    I2C3_EV_IRQHandler                       0x080001f7   Thumb Code     0  startup_stm32f746xx.o(.text)
    I2C4_ER_IRQHandler                       0x080001f7   Thumb Code     0  startup_stm32f746xx.o(.text)
    I2C4_EV_IRQHandler                       0x080001f7   Thumb Code     0  startup_stm32f746xx.o(.text)
    LPTIM1_IRQHandler                        0x080001f7   Thumb Code     0  startup_stm32f746xx.o(.text)
    LTDC_ER_IRQHandler                       0x080001f7   Thumb Code     0  startup_stm32f746xx.o(.text)
    LTDC_IRQHandler                          0x080001f7   Thumb Code     0  startup_stm32f746xx.o(.text)
    OTG_FS_IRQHandler                        0x080001f7   Thumb Code     0  startup_stm32f746xx.o(.text)
    OTG_FS_WKUP_IRQHandler                   0x080001f7   Thumb Code     0  startup_stm32f746xx.o(.text)
    OTG_HS_EP1_IN_IRQHandler                 0x080001f7   Thumb Code     0  startup_stm32f746xx.o(.text)
    OTG_HS_EP1_OUT_IRQHandler                0x080001f7   Thumb Code     0  startup_stm32f746xx.o(.text)
    OTG_HS_IRQHandler                        0x080001f7   Thumb Code     0  startup_stm32f746xx.o(.text)
    OTG_HS_WKUP_IRQHandler                   0x080001f7   Thumb Code     0  startup_stm32f746xx.o(.text)
    PVD_IRQHandler                           0x080001f7   Thumb Code     0  startup_stm32f746xx.o(.text)
    QUADSPI_IRQHandler                       0x080001f7   Thumb Code     0  startup_stm32f746xx.o(.text)
    RNG_IRQHandler                           0x080001f7   Thumb Code     0  startup_stm32f746xx.o(.text)
    RTC_Alarm_IRQHandler                     0x080001f7   Thumb Code     0  startup_stm32f746xx.o(.text)
    RTC_WKUP_IRQHandler                      0x080001f7   Thumb Code     0  startup_stm32f746xx.o(.text)
    SAI1_IRQHandler                          0x080001f7   Thumb Code     0  startup_stm32f746xx.o(.text)
    SAI2_IRQHandler                          0x080001f7   Thumb Code     0  startup_stm32f746xx.o(.text)
    SDMMC1_IRQHandler                        0x080001f7   Thumb Code     0  startup_stm32f746xx.o(.text)
    SPDIF_RX_IRQHandler                      0x080001f7   Thumb Code     0  startup_stm32f746xx.o(.text)
    SPI1_IRQHandler                          0x080001f7   Thumb Code     0  startup_stm32f746xx.o(.text)
    SPI2_IRQHandler                          0x080001f7   Thumb Code     0  startup_stm32f746xx.o(.text)
    SPI3_IRQHandler                          0x080001f7   Thumb Code     0  startup_stm32f746xx.o(.text)
    SPI4_IRQHandler                          0x080001f7   Thumb Code     0  startup_stm32f746xx.o(.text)
    SPI5_IRQHandler                          0x080001f7   Thumb Code     0  startup_stm32f746xx.o(.text)
    SPI6_IRQHandler                          0x080001f7   Thumb Code     0  startup_stm32f746xx.o(.text)
    TAMP_STAMP_IRQHandler                    0x080001f7   Thumb Code     0  startup_stm32f746xx.o(.text)
    TIM1_BRK_TIM9_IRQHandler                 0x080001f7   Thumb Code     0  startup_stm32f746xx.o(.text)
    TIM1_CC_IRQHandler                       0x080001f7   Thumb Code     0  startup_stm32f746xx.o(.text)
    TIM1_TRG_COM_TIM11_IRQHandler            0x080001f7   Thumb Code     0  startup_stm32f746xx.o(.text)
    TIM1_UP_TIM10_IRQHandler                 0x080001f7   Thumb Code     0  startup_stm32f746xx.o(.text)
    TIM2_IRQHandler                          0x080001f7   Thumb Code     0  startup_stm32f746xx.o(.text)
    TIM3_IRQHandler                          0x080001f7   Thumb Code     0  startup_stm32f746xx.o(.text)
    TIM4_IRQHandler                          0x080001f7   Thumb Code     0  startup_stm32f746xx.o(.text)
    TIM5_IRQHandler                          0x080001f7   Thumb Code     0  startup_stm32f746xx.o(.text)
    TIM6_DAC_IRQHandler                      0x080001f7   Thumb Code     0  startup_stm32f746xx.o(.text)
    TIM7_IRQHandler                          0x080001f7   Thumb Code     0  startup_stm32f746xx.o(.text)
    TIM8_BRK_TIM12_IRQHandler                0x080001f7   Thumb Code     0  startup_stm32f746xx.o(.text)
    TIM8_CC_IRQHandler                       0x080001f7   Thumb Code     0  startup_stm32f746xx.o(.text)
    TIM8_TRG_COM_TIM14_IRQHandler            0x080001f7   Thumb Code     0  startup_stm32f746xx.o(.text)
    TIM8_UP_TIM13_IRQHandler                 0x080001f7   Thumb Code     0  startup_stm32f746xx.o(.text)
    UART4_IRQHandler                         0x080001f7   Thumb Code     0  startup_stm32f746xx.o(.text)
    UART5_IRQHandler                         0x080001f7   Thumb Code     0  startup_stm32f746xx.o(.text)
    UART7_IRQHandler                         0x080001f7   Thumb Code     0  startup_stm32f746xx.o(.text)
    UART8_IRQHandler                         0x080001f7   Thumb Code     0  startup_stm32f746xx.o(.text)
    USART2_IRQHandler                        0x080001f7   Thumb Code     0  startup_stm32f746xx.o(.text)
    USART3_IRQHandler                        0x080001f7   Thumb Code     0  startup_stm32f746xx.o(.text)
    USART6_IRQHandler                        0x080001f7   Thumb Code     0  startup_stm32f746xx.o(.text)
    WWDG_IRQHandler                          0x080001f7   Thumb Code     0  startup_stm32f746xx.o(.text)
    __aeabi_uldivmod                         0x08000201   Thumb Code    98  uldiv.o(.text)
    __aeabi_uidiv                            0x08000263   Thumb Code     0  uidiv.o(.text)
    __aeabi_uidivmod                         0x08000263   Thumb Code    44  uidiv.o(.text)
    __aeabi_llsl                             0x0800028f   Thumb Code    30  llshl.o(.text)
    _ll_shift_l                              0x0800028f   Thumb Code     0  llshl.o(.text)
    __aeabi_llsr                             0x080002ad   Thumb Code    32  llushr.o(.text)
    _ll_ushift_r                             0x080002ad   Thumb Code     0  llushr.o(.text)
    __scatterload                            0x080002cd   Thumb Code    28  init.o(.text)
    __scatterload_rt2                        0x080002cd   Thumb Code     0  init.o(.text)
    BSP_SD_GetCardInfo                       0x080002f1   Thumb Code     8  bsp_driver_sd.o(i.BSP_SD_GetCardInfo)
    BSP_SD_GetCardState                      0x080002fd   Thumb Code    20  bsp_driver_sd.o(i.BSP_SD_GetCardState)
    BSP_SD_Init                              0x08000315   Thumb Code    30  bsp_driver_sd.o(i.BSP_SD_Init)
    BSP_SD_ReadBlocks                        0x08000339   Thumb Code    26  bsp_driver_sd.o(i.BSP_SD_ReadBlocks)
    BSP_SD_WriteBlocks                       0x08000359   Thumb Code    26  bsp_driver_sd.o(i.BSP_SD_WriteBlocks)
    BusFault_Handler                         0x08000379   Thumb Code     2  stm32f7xx_it.o(i.BusFault_Handler)
    DebugMon_Handler                         0x0800037b   Thumb Code     2  stm32f7xx_it.o(i.DebugMon_Handler)
    FATFS_LinkDriver                         0x0800037d   Thumb Code     6  ff_gen_drv.o(i.FATFS_LinkDriver)
    FATFS_LinkDriverEx                       0x08000385   Thumb Code    58  ff_gen_drv.o(i.FATFS_LinkDriverEx)
    HAL_DMA_Abort_IT                         0x080003c5   Thumb Code    36  stm32f7xx_hal_dma.o(i.HAL_DMA_Abort_IT)
    HAL_Delay                                0x080003e9   Thumb Code    32  stm32f7xx_hal.o(i.HAL_Delay)
    HAL_GPIO_Init                            0x0800040d   Thumb Code   418  stm32f7xx_hal_gpio.o(i.HAL_GPIO_Init)
    HAL_GPIO_TogglePin                       0x080005e5   Thumb Code     8  stm32f7xx_hal_gpio.o(i.HAL_GPIO_TogglePin)
    HAL_GPIO_WritePin                        0x080005ed   Thumb Code    10  stm32f7xx_hal_gpio.o(i.HAL_GPIO_WritePin)
    HAL_GetTick                              0x080005f9   Thumb Code     6  stm32f7xx_hal.o(i.HAL_GetTick)
    HAL_IncTick                              0x08000605   Thumb Code    12  stm32f7xx_hal.o(i.HAL_IncTick)
    HAL_Init                                 0x08000615   Thumb Code    40  stm32f7xx_hal.o(i.HAL_Init)
    HAL_InitTick                             0x08000641   Thumb Code    54  stm32f7xx_hal.o(i.HAL_InitTick)
    HAL_MspInit                              0x08000681   Thumb Code   142  stm32f7xx_hal_msp.o(i.HAL_MspInit)
    HAL_NVIC_EnableIRQ                       0x08000715   Thumb Code    22  stm32f7xx_hal_cortex.o(i.HAL_NVIC_EnableIRQ)
    HAL_NVIC_SetPriority                     0x0800072d   Thumb Code    60  stm32f7xx_hal_cortex.o(i.HAL_NVIC_SetPriority)
    HAL_NVIC_SetPriorityGrouping             0x0800076d   Thumb Code    28  stm32f7xx_hal_cortex.o(i.HAL_NVIC_SetPriorityGrouping)
    HAL_PWREx_EnableOverDrive                0x08000791   Thumb Code   100  stm32f7xx_hal_pwr_ex.o(i.HAL_PWREx_EnableOverDrive)
    HAL_RCCEx_PeriphCLKConfig                0x080007fd   Thumb Code  1276  stm32f7xx_hal_rcc_ex.o(i.HAL_RCCEx_PeriphCLKConfig)
    HAL_RCC_ClockConfig                      0x08000cf9   Thumb Code   282  stm32f7xx_hal_rcc.o(i.HAL_RCC_ClockConfig)
    HAL_RCC_GetHCLKFreq                      0x08000e25   Thumb Code     6  stm32f7xx_hal_rcc.o(i.HAL_RCC_GetHCLKFreq)
    HAL_RCC_GetPCLK1Freq                     0x08000e31   Thumb Code    20  stm32f7xx_hal_rcc.o(i.HAL_RCC_GetPCLK1Freq)
    HAL_RCC_GetPCLK2Freq                     0x08000e51   Thumb Code    20  stm32f7xx_hal_rcc.o(i.HAL_RCC_GetPCLK2Freq)
    HAL_RCC_GetSysClockFreq                  0x08000e71   Thumb Code    88  stm32f7xx_hal_rcc.o(i.HAL_RCC_GetSysClockFreq)
    HAL_RCC_OscConfig                        0x08000ed5   Thumb Code   810  stm32f7xx_hal_rcc.o(i.HAL_RCC_OscConfig)
    HAL_SD_GetCardCSD                        0x0800120d   Thumb Code   506  stm32f7xx_hal_sd.o(i.HAL_SD_GetCardCSD)
    HAL_SD_GetCardInfo                       0x08001407   Thumb Code    36  stm32f7xx_hal_sd.o(i.HAL_SD_GetCardInfo)
    HAL_SD_GetCardState                      0x0800142b   Thumb Code    44  stm32f7xx_hal_sd.o(i.HAL_SD_GetCardState)
    HAL_SD_Init                              0x08001457   Thumb Code    54  stm32f7xx_hal_sd.o(i.HAL_SD_Init)
    HAL_SD_InitCard                          0x0800148d   Thumb Code    92  stm32f7xx_hal_sd.o(i.HAL_SD_InitCard)
    HAL_SD_MspInit                           0x080014e9   Thumb Code    72  stm32f7xx_hal_msp.o(i.HAL_SD_MspInit)
    HAL_SD_ReadBlocks                        0x08001541   Thumb Code   432  stm32f7xx_hal_sd.o(i.HAL_SD_ReadBlocks)
    HAL_SD_WriteBlocks                       0x080016f1   Thumb Code   418  stm32f7xx_hal_sd.o(i.HAL_SD_WriteBlocks)
    HAL_SYSTICK_CLKSourceConfig              0x08001893   Thumb Code    24  stm32f7xx_hal_cortex.o(i.HAL_SYSTICK_CLKSourceConfig)
    HAL_SYSTICK_Callback                     0x080018ab   Thumb Code     2  stm32f7xx_hal_cortex.o(i.HAL_SYSTICK_Callback)
    HAL_SYSTICK_Config                       0x080018ad   Thumb Code    38  stm32f7xx_hal_cortex.o(i.HAL_SYSTICK_Config)
    HAL_SYSTICK_IRQHandler                   0x080018d3   Thumb Code     8  stm32f7xx_hal_cortex.o(i.HAL_SYSTICK_IRQHandler)
    HAL_UART_ErrorCallback                   0x080018db   Thumb Code     2  stm32f7xx_hal_uart.o(i.HAL_UART_ErrorCallback)
    HAL_UART_IRQHandler                      0x080018dd   Thumb Code   372  stm32f7xx_hal_uart.o(i.HAL_UART_IRQHandler)
    HAL_UART_Init                            0x08001a55   Thumb Code   106  stm32f7xx_hal_uart.o(i.HAL_UART_Init)
    HAL_UART_MspInit                         0x08001ac1   Thumb Code    86  stm32f7xx_hal_msp.o(i.HAL_UART_MspInit)
    HAL_UART_RxCpltCallback                  0x08001b29   Thumb Code     2  stm32f7xx_hal_uart.o(i.HAL_UART_RxCpltCallback)
    HAL_UART_Transmit                        0x08001b2d   Thumb Code   182  stm32f7xx_hal_uart.o(i.HAL_UART_Transmit)
    HAL_UART_TxCpltCallback                  0x08001be3   Thumb Code     2  stm32f7xx_hal_uart.o(i.HAL_UART_TxCpltCallback)
    HardFault_Handler                        0x08001c11   Thumb Code     2  stm32f7xx_it.o(i.HardFault_Handler)
    ListDirectory                            0x08001c15   Thumb Code    84  main.o(i.ListDirectory)
    MX_FATFS_Init                            0x08001c99   Thumb Code    18  fatfs.o(i.MX_FATFS_Init)
    MemManage_Handler                        0x08001d65   Thumb Code     2  stm32f7xx_it.o(i.MemManage_Handler)
    NMI_Handler                              0x08001d67   Thumb Code     2  stm32f7xx_it.o(i.NMI_Handler)
    PendSV_Handler                           0x08001d8b   Thumb Code     2  stm32f7xx_it.o(i.PendSV_Handler)
    RCC_IRQHandler                           0x08001d8d   Thumb Code     2  stm32f7xx_it.o(i.RCC_IRQHandler)
    SDMMC_CmdAppCommand                      0x08001d8f   Thumb Code    50  stm32f7xx_ll_sdmmc.o(i.SDMMC_CmdAppCommand)
    SDMMC_CmdAppOperCommand                  0x08001dc1   Thumb Code    48  stm32f7xx_ll_sdmmc.o(i.SDMMC_CmdAppOperCommand)
    SDMMC_CmdBlockLength                     0x08001df5   Thumb Code    50  stm32f7xx_ll_sdmmc.o(i.SDMMC_CmdBlockLength)
    SDMMC_CmdGoIdleState                     0x08001e29   Thumb Code    76  stm32f7xx_ll_sdmmc.o(i.SDMMC_CmdGoIdleState)
    SDMMC_CmdOperCond                        0x08001e79   Thumb Code    94  stm32f7xx_ll_sdmmc.o(i.SDMMC_CmdOperCond)
    SDMMC_CmdReadMultiBlock                  0x08001edd   Thumb Code    50  stm32f7xx_ll_sdmmc.o(i.SDMMC_CmdReadMultiBlock)
    SDMMC_CmdReadSingleBlock                 0x08001f0f   Thumb Code    50  stm32f7xx_ll_sdmmc.o(i.SDMMC_CmdReadSingleBlock)
    SDMMC_CmdSelDesel                        0x08001f41   Thumb Code    48  stm32f7xx_ll_sdmmc.o(i.SDMMC_CmdSelDesel)
    SDMMC_CmdSendCID                         0x08001f71   Thumb Code    42  stm32f7xx_ll_sdmmc.o(i.SDMMC_CmdSendCID)
    SDMMC_CmdSendCSD                         0x08001f9b   Thumb Code    46  stm32f7xx_ll_sdmmc.o(i.SDMMC_CmdSendCSD)
    SDMMC_CmdSendStatus                      0x08001fc9   Thumb Code    50  stm32f7xx_ll_sdmmc.o(i.SDMMC_CmdSendStatus)
    SDMMC_CmdSetRelAdd                       0x08001ffb   Thumb Code    48  stm32f7xx_ll_sdmmc.o(i.SDMMC_CmdSetRelAdd)
    SDMMC_CmdStopTransfer                    0x0800202d   Thumb Code    46  stm32f7xx_ll_sdmmc.o(i.SDMMC_CmdStopTransfer)
    SDMMC_CmdWriteMultiBlock                 0x08002061   Thumb Code    50  stm32f7xx_ll_sdmmc.o(i.SDMMC_CmdWriteMultiBlock)
    SDMMC_CmdWriteSingleBlock                0x08002093   Thumb Code    50  stm32f7xx_ll_sdmmc.o(i.SDMMC_CmdWriteSingleBlock)
    SDMMC_ConfigData                         0x080020c5   Thumb Code    38  stm32f7xx_ll_sdmmc.o(i.SDMMC_ConfigData)
    SDMMC_GetPowerState                      0x0800231d   Thumb Code     8  stm32f7xx_ll_sdmmc.o(i.SDMMC_GetPowerState)
    SDMMC_GetResponse                        0x08002325   Thumb Code    12  stm32f7xx_ll_sdmmc.o(i.SDMMC_GetResponse)
    SDMMC_Init                               0x08002331   Thumb Code    34  stm32f7xx_ll_sdmmc.o(i.SDMMC_Init)
    SDMMC_PowerState_ON                      0x08002353   Thumb Code     8  stm32f7xx_ll_sdmmc.o(i.SDMMC_PowerState_ON)
    SDMMC_ReadFIFO                           0x0800235b   Thumb Code     6  stm32f7xx_ll_sdmmc.o(i.SDMMC_ReadFIFO)
    SDMMC_SendCommand                        0x08002361   Thumb Code    34  stm32f7xx_ll_sdmmc.o(i.SDMMC_SendCommand)
    SDMMC_WriteFIFO                          0x08002383   Thumb Code    10  stm32f7xx_ll_sdmmc.o(i.SDMMC_WriteFIFO)
    SD_initialize                            0x08002539   Thumb Code    28  sd_diskio.o(i.SD_initialize)
    SD_ioctl                                 0x08002559   Thumb Code    84  sd_diskio.o(i.SD_ioctl)
    SD_read                                  0x080025b1   Thumb Code    38  sd_diskio.o(i.SD_read)
    SD_status                                0x080025d7   Thumb Code     4  sd_diskio.o(i.SD_status)
    SD_write                                 0x080025dd   Thumb Code    38  sd_diskio.o(i.SD_write)
    SVC_Handler                              0x08002603   Thumb Code     2  stm32f7xx_it.o(i.SVC_Handler)
    SysTick_Handler                          0x08002605   Thumb Code    14  stm32f7xx_it.o(i.SysTick_Handler)
    SystemClock_Config                       0x08002615   Thumb Code   178  main.o(i.SystemClock_Config)
    SystemInit                               0x080026d5   Thumb Code    68  system_stm32f7xx.o(i.SystemInit)
    UART_AdvFeatureConfig                    0x08002729   Thumb Code   200  stm32f7xx_hal_uart.o(i.UART_AdvFeatureConfig)
    UART_CheckIdleState                      0x080027f1   Thumb Code    64  stm32f7xx_hal_uart.o(i.UART_CheckIdleState)
    UART_SetConfig                           0x080028d9   Thumb Code   550  stm32f7xx_hal_uart.o(i.UART_SetConfig)
    UART_WaitOnFlagUntilTimeout              0x08002b31   Thumb Code   100  stm32f7xx_hal_uart.o(i.UART_WaitOnFlagUntilTimeout)
    USART1_IRQHandler                        0x08002b95   Thumb Code     6  stm32f7xx_it.o(i.USART1_IRQHandler)
    UsageFault_Handler                       0x08002ba1   Thumb Code     2  stm32f7xx_it.o(i.UsageFault_Handler)
    __0printf$6                              0x08002ba5   Thumb Code    22  printf6.o(i.__0printf$6)
    __1printf$6                              0x08002ba5   Thumb Code     0  printf6.o(i.__0printf$6)
    __2printf                                0x08002ba5   Thumb Code     0  printf6.o(i.__0printf$6)
    __scatterload_copy                       0x08002bc5   Thumb Code    14  handlers.o(i.__scatterload_copy)
    __scatterload_null                       0x08002bd3   Thumb Code     2  handlers.o(i.__scatterload_null)
    __scatterload_zeroinit                   0x08002bd5   Thumb Code    14  handlers.o(i.__scatterload_zeroinit)
    disk_initialize                          0x080038a9   Thumb Code    34  diskio.o(i.disk_initialize)
    disk_ioctl                               0x080038d1   Thumb Code    20  diskio.o(i.disk_ioctl)
    disk_read                                0x080038e9   Thumb Code    22  diskio.o(i.disk_read)
    disk_status                              0x08003905   Thumb Code    16  diskio.o(i.disk_status)
    disk_write                               0x08003919   Thumb Code    22  diskio.o(i.disk_write)
    f_close                                  0x08003935   Thumb Code    40  ff.o(i.f_close)
    f_lseek                                  0x0800395d   Thumb Code   538  ff.o(i.f_lseek)
    f_mkdir                                  0x08003b77   Thumb Code   342  ff.o(i.f_mkdir)
    f_mount                                  0x08003ccd   Thumb Code    84  ff.o(i.f_mount)
    f_open                                   0x08003d25   Thumb Code   530  ff.o(i.f_open)
    f_opendir                                0x08003f3d   Thumb Code   140  ff.o(i.f_opendir)
    f_printf                                 0x08003fc9   Thumb Code   464  ff.o(i.f_printf)
    f_read                                   0x08004199   Thumb Code   340  ff.o(i.f_read)
    f_readdir                                0x080042ed   Thumb Code    82  ff.o(i.f_readdir)
    f_sync                                   0x0800433f   Thumb Code   142  ff.o(i.f_sync)
    f_write                                  0x080043cd   Thumb Code   396  ff.o(i.f_write)
    ff_convert                               0x08004559   Thumb Code    54  ccsbcs.o(i.ff_convert)
    ff_wtoupper                              0x08004595   Thumb Code   120  ccsbcs.o(i.ff_wtoupper)
    fputc                                    0x080048e1   Thumb Code    20  main.o(i.fputc)
    get_fattime                              0x08004a37   Thumb Code     4  fatfs.o(i.get_fattime)
    main                                     0x08004c29   Thumb Code   396  main.o(i.main)
    SD_Driver                                0x08005298   Data          20  sd_diskio.o(.constdata)
    AHBPrescTable                            0x080052ac   Data          16  system_stm32f7xx.o(.constdata)
    APBPrescTable                            0x080052bc   Data           8  system_stm32f7xx.o(.constdata)
    Region$$Table$$Base                      0x0800571c   Number         0  anon$$obj.o(Region$$Table)
    Region$$Table$$Limit                     0x0800573c   Number         0  anon$$obj.o(Region$$Table)
    result                                   0x20000000   Data           1  main.o(.data)
    res                                      0x20000001   Data           1  main.o(.data)
    bytes_read                               0x20000004   Data           4  main.o(.data)
    buffer_write                             0x20000008   Data          50  main.o(.data)
    retSD                                    0x2000003b   Data           1  fatfs.o(.data)
    SDPath                                   0x2000003c   Data           4  fatfs.o(.data)
    uwTickFreq                               0x20000040   Data           1  stm32f7xx_hal.o(.data)
    uwTickPrio                               0x20000044   Data           4  stm32f7xx_hal.o(.data)
    uwTick                                   0x20000048   Data           4  stm32f7xx_hal.o(.data)
    SystemCoreClock                          0x2000004c   Data           4  system_stm32f7xx.o(.data)
    __stdout                                 0x20000058   Data           4  stdout.o(.data)
    hsd1                                     0x2000005c   Data         132  main.o(.bss)
    huart1                                   0x200000e0   Data         112  main.o(.bss)
    sdfat                                    0x20000150   Data         564  main.o(.bss)
    myfile                                   0x20000384   Data         560  main.o(.bss)
    dir                                      0x200005b4   Data          52  main.o(.bss)
    buffer_read                              0x200005e8   Data          50  main.o(.bss)
    disk                                     0x2000063c   Data          12  ff_gen_drv.o(.bss)
    __initial_sp                             0x20001648   Data           0  startup_stm32f746xx.o(STACK)



==============================================================================

Memory Map of the image

  Image Entry point : 0x080001c9

  Load Region LR_IROM1 (Base: 0x08000000, Size: 0x00005798, Max: 0x00100000, ABSOLUTE)

    Execution Region ER_IROM1 (Exec base: 0x08000000, Load base: 0x08000000, Size: 0x0000573c, Max: 0x00100000, ABSOLUTE)

    Exec Addr    Load Addr    Size         Type   Attr      Idx    E Section Name        Object

    0x08000000   0x08000000   0x000001c8   Data   RO            3    RESET               startup_stm32f746xx.o
    0x080001c8   0x080001c8   0x00000000   Code   RO         3605  * .ARM.Collect$$$$00000000  mc_w.l(entry.o)
    0x080001c8   0x080001c8   0x00000004   Code   RO         3871    .ARM.Collect$$$$00000001  mc_w.l(entry2.o)
    0x080001cc   0x080001cc   0x00000004   Code   RO         3874    .ARM.Collect$$$$00000004  mc_w.l(entry5.o)
    0x080001d0   0x080001d0   0x00000000   Code   RO         3876    .ARM.Collect$$$$00000008  mc_w.l(entry7b.o)
    0x080001d0   0x080001d0   0x00000000   Code   RO         3878    .ARM.Collect$$$$0000000A  mc_w.l(entry8b.o)
    0x080001d0   0x080001d0   0x00000008   Code   RO         3879    .ARM.Collect$$$$0000000B  mc_w.l(entry9a.o)
    0x080001d8   0x080001d8   0x00000000   Code   RO         3881    .ARM.Collect$$$$0000000D  mc_w.l(entry10a.o)
    0x080001d8   0x080001d8   0x00000000   Code   RO         3883    .ARM.Collect$$$$0000000F  mc_w.l(entry11a.o)
    0x080001d8   0x080001d8   0x00000004   Code   RO         3872    .ARM.Collect$$$$00002712  mc_w.l(entry2.o)
    0x080001dc   0x080001dc   0x00000024   Code   RO            4    .text               startup_stm32f746xx.o
    0x08000200   0x08000200   0x00000062   Code   RO         3608    .text               mc_w.l(uldiv.o)
    0x08000262   0x08000262   0x0000002c   Code   RO         3886    .text               mc_w.l(uidiv.o)
    0x0800028e   0x0800028e   0x0000001e   Code   RO         3888    .text               mc_w.l(llshl.o)
    0x080002ac   0x080002ac   0x00000020   Code   RO         3890    .text               mc_w.l(llushr.o)
    0x080002cc   0x080002cc   0x00000024   Code   RO         3903    .text               mc_w.l(init.o)
    0x080002f0   0x080002f0   0x0000000c   Code   RO          213    i.BSP_SD_GetCardInfo  bsp_driver_sd.o
    0x080002fc   0x080002fc   0x00000018   Code   RO          214    i.BSP_SD_GetCardState  bsp_driver_sd.o
    0x08000314   0x08000314   0x00000024   Code   RO          216    i.BSP_SD_Init       bsp_driver_sd.o
    0x08000338   0x08000338   0x00000020   Code   RO          218    i.BSP_SD_ReadBlocks  bsp_driver_sd.o
    0x08000358   0x08000358   0x00000020   Code   RO          221    i.BSP_SD_WriteBlocks  bsp_driver_sd.o
    0x08000378   0x08000378   0x00000002   Code   RO          537    i.BusFault_Handler  stm32f7xx_it.o
    0x0800037a   0x0800037a   0x00000002   Code   RO          538    i.DebugMon_Handler  stm32f7xx_it.o
    0x0800037c   0x0800037c   0x00000006   Code   RO         3558    i.FATFS_LinkDriver  ff_gen_drv.o
    0x08000382   0x08000382   0x00000002   PAD
    0x08000384   0x08000384   0x00000040   Code   RO         3559    i.FATFS_LinkDriverEx  ff_gen_drv.o
    0x080003c4   0x080003c4   0x00000024   Code   RO         2036    i.HAL_DMA_Abort_IT  stm32f7xx_hal_dma.o
    0x080003e8   0x080003e8   0x00000024   Code   RO         2402    i.HAL_Delay         stm32f7xx_hal.o
    0x0800040c   0x0800040c   0x000001d8   Code   RO         1969    i.HAL_GPIO_Init     stm32f7xx_hal_gpio.o
    0x080005e4   0x080005e4   0x00000008   Code   RO         1972    i.HAL_GPIO_TogglePin  stm32f7xx_hal_gpio.o
    0x080005ec   0x080005ec   0x0000000a   Code   RO         1973    i.HAL_GPIO_WritePin  stm32f7xx_hal_gpio.o
    0x080005f6   0x080005f6   0x00000002   PAD
    0x080005f8   0x080005f8   0x0000000c   Code   RO         2410    i.HAL_GetTick       stm32f7xx_hal.o
    0x08000604   0x08000604   0x00000010   Code   RO         2416    i.HAL_IncTick       stm32f7xx_hal.o
    0x08000614   0x08000614   0x0000002c   Code   RO         2417    i.HAL_Init          stm32f7xx_hal.o
    0x08000640   0x08000640   0x00000040   Code   RO         2418    i.HAL_InitTick      stm32f7xx_hal.o
    0x08000680   0x08000680   0x00000094   Code   RO          625    i.HAL_MspInit       stm32f7xx_hal_msp.o
    0x08000714   0x08000714   0x00000016   Code   RO          678    i.HAL_NVIC_EnableIRQ  stm32f7xx_hal_cortex.o
    0x0800072a   0x0800072a   0x00000002   PAD
    0x0800072c   0x0800072c   0x00000040   Code   RO          684    i.HAL_NVIC_SetPriority  stm32f7xx_hal_cortex.o
    0x0800076c   0x0800076c   0x00000024   Code   RO          685    i.HAL_NVIC_SetPriorityGrouping  stm32f7xx_hal_cortex.o
    0x08000790   0x08000790   0x0000006c   Code   RO         2309    i.HAL_PWREx_EnableOverDrive  stm32f7xx_hal_pwr_ex.o
    0x080007fc   0x080007fc   0x000004fc   Code   RO         1730    i.HAL_RCCEx_PeriphCLKConfig  stm32f7xx_hal_rcc_ex.o
    0x08000cf8   0x08000cf8   0x0000012c   Code   RO         1623    i.HAL_RCC_ClockConfig  stm32f7xx_hal_rcc.o
    0x08000e24   0x08000e24   0x0000000c   Code   RO         1628    i.HAL_RCC_GetHCLKFreq  stm32f7xx_hal_rcc.o
    0x08000e30   0x08000e30   0x00000020   Code   RO         1630    i.HAL_RCC_GetPCLK1Freq  stm32f7xx_hal_rcc.o
    0x08000e50   0x08000e50   0x00000020   Code   RO         1631    i.HAL_RCC_GetPCLK2Freq  stm32f7xx_hal_rcc.o
    0x08000e70   0x08000e70   0x00000064   Code   RO         1632    i.HAL_RCC_GetSysClockFreq  stm32f7xx_hal_rcc.o
    0x08000ed4   0x08000ed4   0x00000338   Code   RO         1635    i.HAL_RCC_OscConfig  stm32f7xx_hal_rcc.o
    0x0800120c   0x0800120c   0x000001fa   Code   RO         1080    i.HAL_SD_GetCardCSD  stm32f7xx_hal_sd.o
    0x08001406   0x08001406   0x00000024   Code   RO         1081    i.HAL_SD_GetCardInfo  stm32f7xx_hal_sd.o
    0x0800142a   0x0800142a   0x0000002c   Code   RO         1082    i.HAL_SD_GetCardState  stm32f7xx_hal_sd.o
    0x08001456   0x08001456   0x00000036   Code   RO         1087    i.HAL_SD_Init       stm32f7xx_hal_sd.o
    0x0800148c   0x0800148c   0x0000005c   Code   RO         1088    i.HAL_SD_InitCard   stm32f7xx_hal_sd.o
    0x080014e8   0x080014e8   0x00000058   Code   RO          627    i.HAL_SD_MspInit    stm32f7xx_hal_msp.o
    0x08001540   0x08001540   0x000001b0   Code   RO         1091    i.HAL_SD_ReadBlocks  stm32f7xx_hal_sd.o
    0x080016f0   0x080016f0   0x000001a2   Code   RO         1096    i.HAL_SD_WriteBlocks  stm32f7xx_hal_sd.o
    0x08001892   0x08001892   0x00000018   Code   RO          687    i.HAL_SYSTICK_CLKSourceConfig  stm32f7xx_hal_cortex.o
    0x080018aa   0x080018aa   0x00000002   Code   RO          688    i.HAL_SYSTICK_Callback  stm32f7xx_hal_cortex.o
    0x080018ac   0x080018ac   0x00000026   Code   RO          689    i.HAL_SYSTICK_Config  stm32f7xx_hal_cortex.o
    0x080018d2   0x080018d2   0x00000008   Code   RO          690    i.HAL_SYSTICK_IRQHandler  stm32f7xx_hal_cortex.o
    0x080018da   0x080018da   0x00000002   Code   RO         1358    i.HAL_UART_ErrorCallback  stm32f7xx_hal_uart.o
    0x080018dc   0x080018dc   0x00000178   Code   RO         1361    i.HAL_UART_IRQHandler  stm32f7xx_hal_uart.o
    0x08001a54   0x08001a54   0x0000006a   Code   RO         1362    i.HAL_UART_Init     stm32f7xx_hal_uart.o
    0x08001abe   0x08001abe   0x00000002   PAD
    0x08001ac0   0x08001ac0   0x00000068   Code   RO          629    i.HAL_UART_MspInit  stm32f7xx_hal_msp.o
    0x08001b28   0x08001b28   0x00000002   Code   RO         1368    i.HAL_UART_RxCpltCallback  stm32f7xx_hal_uart.o
    0x08001b2a   0x08001b2a   0x00000002   PAD
    0x08001b2c   0x08001b2c   0x000000b6   Code   RO         1370    i.HAL_UART_Transmit  stm32f7xx_hal_uart.o
    0x08001be2   0x08001be2   0x00000002   Code   RO         1373    i.HAL_UART_TxCpltCallback  stm32f7xx_hal_uart.o
    0x08001be4   0x08001be4   0x0000002c   Code   RO           13    i.Handle_Error      main.o
    0x08001c10   0x08001c10   0x00000002   Code   RO          539    i.HardFault_Handler  stm32f7xx_it.o
    0x08001c12   0x08001c12   0x00000002   PAD
    0x08001c14   0x08001c14   0x00000084   Code   RO           14    i.ListDirectory     main.o
    0x08001c98   0x08001c98   0x0000001c   Code   RO          495    i.MX_FATFS_Init     fatfs.o
    0x08001cb4   0x08001cb4   0x00000078   Code   RO           15    i.MX_GPIO_Init      main.o
    0x08001d2c   0x08001d2c   0x00000038   Code   RO           16    i.MX_USART1_UART_Init  main.o
    0x08001d64   0x08001d64   0x00000002   Code   RO          540    i.MemManage_Handler  stm32f7xx_it.o
    0x08001d66   0x08001d66   0x00000002   Code   RO          541    i.NMI_Handler       stm32f7xx_it.o
    0x08001d68   0x08001d68   0x00000022   Code   RO          691    i.NVIC_SetPriority  stm32f7xx_hal_cortex.o
    0x08001d8a   0x08001d8a   0x00000002   Code   RO          542    i.PendSV_Handler    stm32f7xx_it.o
    0x08001d8c   0x08001d8c   0x00000002   Code   RO          543    i.RCC_IRQHandler    stm32f7xx_it.o
    0x08001d8e   0x08001d8e   0x00000032   Code   RO          808    i.SDMMC_CmdAppCommand  stm32f7xx_ll_sdmmc.o
    0x08001dc0   0x08001dc0   0x00000034   Code   RO          809    i.SDMMC_CmdAppOperCommand  stm32f7xx_ll_sdmmc.o
    0x08001df4   0x08001df4   0x00000032   Code   RO          810    i.SDMMC_CmdBlockLength  stm32f7xx_ll_sdmmc.o
    0x08001e26   0x08001e26   0x00000002   PAD
    0x08001e28   0x08001e28   0x00000050   Code   RO          815    i.SDMMC_CmdGoIdleState  stm32f7xx_ll_sdmmc.o
    0x08001e78   0x08001e78   0x00000064   Code   RO          817    i.SDMMC_CmdOperCond  stm32f7xx_ll_sdmmc.o
    0x08001edc   0x08001edc   0x00000032   Code   RO          818    i.SDMMC_CmdReadMultiBlock  stm32f7xx_ll_sdmmc.o
    0x08001f0e   0x08001f0e   0x00000032   Code   RO          819    i.SDMMC_CmdReadSingleBlock  stm32f7xx_ll_sdmmc.o
    0x08001f40   0x08001f40   0x00000030   Code   RO          822    i.SDMMC_CmdSelDesel  stm32f7xx_ll_sdmmc.o
    0x08001f70   0x08001f70   0x0000002a   Code   RO          823    i.SDMMC_CmdSendCID  stm32f7xx_ll_sdmmc.o
    0x08001f9a   0x08001f9a   0x0000002e   Code   RO          824    i.SDMMC_CmdSendCSD  stm32f7xx_ll_sdmmc.o
    0x08001fc8   0x08001fc8   0x00000032   Code   RO          826    i.SDMMC_CmdSendStatus  stm32f7xx_ll_sdmmc.o
    0x08001ffa   0x08001ffa   0x00000030   Code   RO          827    i.SDMMC_CmdSetRelAdd  stm32f7xx_ll_sdmmc.o
    0x0800202a   0x0800202a   0x00000002   PAD
    0x0800202c   0x0800202c   0x00000034   Code   RO          829    i.SDMMC_CmdStopTransfer  stm32f7xx_ll_sdmmc.o
    0x08002060   0x08002060   0x00000032   Code   RO          831    i.SDMMC_CmdWriteMultiBlock  stm32f7xx_ll_sdmmc.o
    0x08002092   0x08002092   0x00000032   Code   RO          832    i.SDMMC_CmdWriteSingleBlock  stm32f7xx_ll_sdmmc.o
    0x080020c4   0x080020c4   0x00000026   Code   RO          833    i.SDMMC_ConfigData  stm32f7xx_ll_sdmmc.o
    0x080020ea   0x080020ea   0x00000002   PAD
    0x080020ec   0x080020ec   0x0000011c   Code   RO          834    i.SDMMC_GetCmdResp1  stm32f7xx_ll_sdmmc.o
    0x08002208   0x08002208   0x00000050   Code   RO          835    i.SDMMC_GetCmdResp2  stm32f7xx_ll_sdmmc.o
    0x08002258   0x08002258   0x00000040   Code   RO          836    i.SDMMC_GetCmdResp3  stm32f7xx_ll_sdmmc.o
    0x08002298   0x08002298   0x00000084   Code   RO          837    i.SDMMC_GetCmdResp6  stm32f7xx_ll_sdmmc.o
    0x0800231c   0x0800231c   0x00000008   Code   RO          841    i.SDMMC_GetPowerState  stm32f7xx_ll_sdmmc.o
    0x08002324   0x08002324   0x0000000c   Code   RO          842    i.SDMMC_GetResponse  stm32f7xx_ll_sdmmc.o
    0x08002330   0x08002330   0x00000022   Code   RO          843    i.SDMMC_Init        stm32f7xx_ll_sdmmc.o
    0x08002352   0x08002352   0x00000008   Code   RO          845    i.SDMMC_PowerState_ON  stm32f7xx_ll_sdmmc.o
    0x0800235a   0x0800235a   0x00000006   Code   RO          846    i.SDMMC_ReadFIFO    stm32f7xx_ll_sdmmc.o
    0x08002360   0x08002360   0x00000022   Code   RO          847    i.SDMMC_SendCommand  stm32f7xx_ll_sdmmc.o
    0x08002382   0x08002382   0x0000000a   Code   RO          849    i.SDMMC_WriteFIFO   stm32f7xx_ll_sdmmc.o
    0x0800238c   0x0800238c   0x00000020   Code   RO          420    i.SD_CheckStatus    sd_diskio.o
    0x080023ac   0x080023ac   0x000000e6   Code   RO         1105    i.SD_InitCard       stm32f7xx_hal_sd.o
    0x08002492   0x08002492   0x000000a6   Code   RO         1106    i.SD_PowerON        stm32f7xx_hal_sd.o
    0x08002538   0x08002538   0x00000020   Code   RO          421    i.SD_initialize     sd_diskio.o
    0x08002558   0x08002558   0x00000058   Code   RO          422    i.SD_ioctl          sd_diskio.o
    0x080025b0   0x080025b0   0x00000026   Code   RO          423    i.SD_read           sd_diskio.o
    0x080025d6   0x080025d6   0x00000004   Code   RO          424    i.SD_status         sd_diskio.o
    0x080025da   0x080025da   0x00000002   PAD
    0x080025dc   0x080025dc   0x00000026   Code   RO          425    i.SD_write          sd_diskio.o
    0x08002602   0x08002602   0x00000002   Code   RO          544    i.SVC_Handler       stm32f7xx_it.o
    0x08002604   0x08002604   0x0000000e   Code   RO          545    i.SysTick_Handler   stm32f7xx_it.o
    0x08002612   0x08002612   0x00000002   PAD
    0x08002614   0x08002614   0x000000c0   Code   RO           17    i.SystemClock_Config  main.o
    0x080026d4   0x080026d4   0x00000054   Code   RO         3049    i.SystemInit        system_stm32f7xx.o
    0x08002728   0x08002728   0x000000c8   Code   RO         1375    i.UART_AdvFeatureConfig  stm32f7xx_hal_uart.o
    0x080027f0   0x080027f0   0x00000040   Code   RO         1376    i.UART_CheckIdleState  stm32f7xx_hal_uart.o
    0x08002830   0x08002830   0x00000014   Code   RO         1377    i.UART_DMAAbortOnError  stm32f7xx_hal_uart.o
    0x08002844   0x08002844   0x0000001c   Code   RO         1383    i.UART_EndRxTransfer  stm32f7xx_hal_uart.o
    0x08002860   0x08002860   0x00000078   Code   RO         1385    i.UART_Receive_IT   stm32f7xx_hal_uart.o
    0x080028d8   0x080028d8   0x00000258   Code   RO         1386    i.UART_SetConfig    stm32f7xx_hal_uart.o
    0x08002b30   0x08002b30   0x00000064   Code   RO         1387    i.UART_WaitOnFlagUntilTimeout  stm32f7xx_hal_uart.o
    0x08002b94   0x08002b94   0x0000000c   Code   RO          546    i.USART1_IRQHandler  stm32f7xx_it.o
    0x08002ba0   0x08002ba0   0x00000002   Code   RO          547    i.UsageFault_Handler  stm32f7xx_it.o
    0x08002ba2   0x08002ba2   0x00000002   PAD
    0x08002ba4   0x08002ba4   0x00000020   Code   RO         3765    i.__0printf$6       mc_w.l(printf6.o)
    0x08002bc4   0x08002bc4   0x0000000e   Code   RO         3911    i.__scatterload_copy  mc_w.l(handlers.o)
    0x08002bd2   0x08002bd2   0x00000002   Code   RO         3912    i.__scatterload_null  mc_w.l(handlers.o)
    0x08002bd4   0x08002bd4   0x0000000e   Code   RO         3913    i.__scatterload_zeroinit  mc_w.l(handlers.o)
    0x08002be2   0x08002be2   0x00000002   PAD
    0x08002be4   0x08002be4   0x000002f0   Code   RO         3772    i._printf_core      mc_w.l(printf6.o)
    0x08002ed4   0x08002ed4   0x00000024   Code   RO         3773    i._printf_post_padding  mc_w.l(printf6.o)
    0x08002ef8   0x08002ef8   0x0000002e   Code   RO         3774    i._printf_pre_padding  mc_w.l(printf6.o)
    0x08002f26   0x08002f26   0x00000002   PAD
    0x08002f28   0x08002f28   0x00000070   Code   RO         3197    i.check_fs          ff.o
    0x08002f98   0x08002f98   0x00000010   Code   RO         3198    i.chk_chr           ff.o
    0x08002fa8   0x08002fa8   0x0000005c   Code   RO         3199    i.chk_lock          ff.o
    0x08003004   0x08003004   0x00000020   Code   RO         3200    i.clear_lock        ff.o
    0x08003024   0x08003024   0x00000024   Code   RO         3201    i.clmt_clust        ff.o
    0x08003048   0x08003048   0x00000018   Code   RO         3202    i.clust2sect        ff.o
    0x08003060   0x08003060   0x00000080   Code   RO         3203    i.cmp_lfn           ff.o
    0x080030e0   0x080030e0   0x000000a6   Code   RO         3204    i.create_chain      ff.o
    0x08003186   0x08003186   0x00000002   PAD
    0x08003188   0x08003188   0x00000204   Code   RO         3205    i.create_name       ff.o
    0x0800338c   0x0800338c   0x00000034   Code   RO         3206    i.dec_lock          ff.o
    0x080033c0   0x080033c0   0x000000d2   Code   RO         3207    i.dir_find          ff.o
    0x08003492   0x08003492   0x00000002   PAD
    0x08003494   0x08003494   0x000000f4   Code   RO         3208    i.dir_next          ff.o
    0x08003588   0x08003588   0x000000b8   Code   RO         3209    i.dir_read          ff.o
    0x08003640   0x08003640   0x000001e4   Code   RO         3210    i.dir_register      ff.o
    0x08003824   0x08003824   0x00000082   Code   RO         3212    i.dir_sdi           ff.o
    0x080038a6   0x080038a6   0x00000002   PAD
    0x080038a8   0x080038a8   0x00000028   Code   RO         3142    i.disk_initialize   diskio.o
    0x080038d0   0x080038d0   0x00000018   Code   RO         3143    i.disk_ioctl        diskio.o
    0x080038e8   0x080038e8   0x0000001c   Code   RO         3144    i.disk_read         diskio.o
    0x08003904   0x08003904   0x00000014   Code   RO         3145    i.disk_status       diskio.o
    0x08003918   0x08003918   0x0000001c   Code   RO         3146    i.disk_write        diskio.o
    0x08003934   0x08003934   0x00000028   Code   RO         3213    i.f_close           ff.o
    0x0800395c   0x0800395c   0x0000021a   Code   RO         3217    i.f_lseek           ff.o
    0x08003b76   0x08003b76   0x00000156   Code   RO         3218    i.f_mkdir           ff.o
    0x08003ccc   0x08003ccc   0x00000058   Code   RO         3220    i.f_mount           ff.o
    0x08003d24   0x08003d24   0x00000218   Code   RO         3221    i.f_open            ff.o
    0x08003f3c   0x08003f3c   0x0000008c   Code   RO         3222    i.f_opendir         ff.o
    0x08003fc8   0x08003fc8   0x000001d0   Code   RO         3223    i.f_printf          ff.o
    0x08004198   0x08004198   0x00000154   Code   RO         3226    i.f_read            ff.o
    0x080042ec   0x080042ec   0x00000052   Code   RO         3227    i.f_readdir         ff.o
    0x0800433e   0x0800433e   0x0000008e   Code   RO         3230    i.f_sync            ff.o
    0x080043cc   0x080043cc   0x0000018c   Code   RO         3233    i.f_write           ff.o
    0x08004558   0x08004558   0x0000003c   Code   RO         3110    i.ff_convert        ccsbcs.o
    0x08004594   0x08004594   0x00000080   Code   RO         3111    i.ff_wtoupper       ccsbcs.o
    0x08004614   0x08004614   0x00000258   Code   RO         3234    i.find_volume       ff.o
    0x0800486c   0x0800486c   0x00000074   Code   RO         3235    i.follow_path       ff.o
    0x080048e0   0x080048e0   0x00000018   Code   RO           19    i.fputc             main.o
    0x080048f8   0x080048f8   0x00000080   Code   RO         3236    i.gen_numname       ff.o
    0x08004978   0x08004978   0x000000be   Code   RO         3237    i.get_fat           ff.o
    0x08004a36   0x08004a36   0x00000004   Code   RO          496    i.get_fattime       fatfs.o
    0x08004a3a   0x08004a3a   0x000000e8   Code   RO         3238    i.get_fileinfo      ff.o
    0x08004b22   0x08004b22   0x0000003c   Code   RO         3239    i.get_ldnumber      ff.o
    0x08004b5e   0x08004b5e   0x00000002   PAD
    0x08004b60   0x08004b60   0x00000080   Code   RO         3240    i.inc_lock          ff.o
    0x08004be0   0x08004be0   0x00000026   Code   RO         3241    i.ld_clust          ff.o
    0x08004c06   0x08004c06   0x00000016   Code   RO         3242    i.ld_dword          ff.o
    0x08004c1c   0x08004c1c   0x0000000a   Code   RO         3243    i.ld_word           ff.o
    0x08004c26   0x08004c26   0x00000002   PAD
    0x08004c28   0x08004c28   0x0000026c   Code   RO           20    i.main              main.o
    0x08004e94   0x08004e94   0x00000012   Code   RO         3244    i.mem_cpy           ff.o
    0x08004ea6   0x08004ea6   0x00000002   PAD
    0x08004ea8   0x08004ea8   0x0000000e   Code   RO         3245    i.mem_set           ff.o
    0x08004eb6   0x08004eb6   0x00000032   Code   RO         3246    i.move_window       ff.o
    0x08004ee8   0x08004ee8   0x00000074   Code   RO         3247    i.pick_lfn          ff.o
    0x08004f5c   0x08004f5c   0x000000f0   Code   RO         3248    i.put_fat           ff.o
    0x0800504c   0x0800504c   0x00000046   Code   RO         3249    i.putc_bfd          ff.o
    0x08005092   0x08005092   0x0000002a   Code   RO         3250    i.putc_flush        ff.o
    0x080050bc   0x080050bc   0x00000074   Code   RO         3251    i.remove_chain      ff.o
    0x08005130   0x08005130   0x00000028   Code   RO         3252    i.st_clust          ff.o
    0x08005158   0x08005158   0x00000010   Code   RO         3253    i.st_dword          ff.o
    0x08005168   0x08005168   0x00000008   Code   RO         3254    i.st_word           ff.o
    0x08005170   0x08005170   0x0000001c   Code   RO         3255    i.sum_sfn           ff.o
    0x0800518c   0x0800518c   0x00000088   Code   RO         3256    i.sync_fs           ff.o
    0x08005214   0x08005214   0x00000052   Code   RO         3257    i.sync_window       ff.o
    0x08005266   0x08005266   0x00000030   Code   RO         3258    i.validate          ff.o
    0x08005296   0x08005296   0x00000002   PAD
    0x08005298   0x08005298   0x00000014   Data   RO          426    .constdata          sd_diskio.o
    0x080052ac   0x080052ac   0x00000010   Data   RO         3050    .constdata          system_stm32f7xx.o
    0x080052bc   0x080052bc   0x00000008   Data   RO         3051    .constdata          system_stm32f7xx.o
    0x080052c4   0x080052c4   0x000003ae   Data   RO         3112    .constdata          ccsbcs.o
    0x08005672   0x08005672   0x000000aa   Data   RO         3260    .constdata          ff.o
    0x0800571c   0x0800571c   0x00000020   Data   RO         3909    Region$$Table       anon$$obj.o


    Execution Region RW_IRAM1 (Exec base: 0x20000000, Load base: 0x0800573c, Size: 0x00001648, Max: 0x00050000, ABSOLUTE)

    Exec Addr    Load Addr    Size         Type   Attr      Idx    E Section Name        Object

    0x20000000   0x0800573c   0x0000003a   Data   RW           23    .data               main.o
    0x2000003a   0x08005776   0x00000001   Data   RW          427    .data               sd_diskio.o
    0x2000003b   0x08005777   0x00000005   Data   RW          499    .data               fatfs.o
    0x20000040   0x0800577c   0x0000000c   Data   RW         2424    .data               stm32f7xx_hal.o
    0x2000004c   0x08005788   0x00000004   Data   RW         3052    .data               system_stm32f7xx.o
    0x20000050   0x0800578c   0x00000008   Data   RW         3261    .data               ff.o
    0x20000058   0x08005794   0x00000004   Data   RW         3885    .data               mc_w.l(stdout.o)
    0x2000005c        -       0x000005be   Zero   RW           21    .bss                main.o
    0x2000061a   0x08005798   0x00000002   PAD
    0x2000061c        -       0x00000020   Zero   RW         3259    .bss                ff.o
    0x2000063c        -       0x0000000c   Zero   RW         3562    .bss                ff_gen_drv.o
    0x20000648        -       0x00001000   Zero   RW            1    STACK               startup_stm32f746xx.o


==============================================================================

Image component sizes


      Code (inc. data)   RO Data    RW Data    ZI Data      Debug   Object Name

       136         26          0          0          0     792231   bsp_driver_sd.o
       188         24        942          0          0       2287   ccsbcs.o
       140         26          0          0          0       3769   diskio.o
        32         10          0          5          0       1496   fatfs.o
      8082        106        170          8         32      55745   ff.o
        70          6          0          0         12       1695   ff_gen_drv.o
      1188        312          0         58       1470     828547   main.o
       232         14         20          1          0       8896   sd_diskio.o
        36          8        456          0       4096        840   startup_stm32f746xx.o
       172         28          0         12          0       4017   stm32f7xx_hal.o
       228         12          0          0          0      37273   stm32f7xx_hal_cortex.o
        36          0          0          0          0       1235   stm32f7xx_hal_dma.o
       490         54          0          0          0       3201   stm32f7xx_hal_gpio.o
       340         40          0          0          0       2282   stm32f7xx_hal_msp.o
       108          8          0          0          0       1276   stm32f7xx_hal_pwr_ex.o
      1300         74          0          0          0       5620   stm32f7xx_hal_rcc.o
      1276         16          0          0          0       2292   stm32f7xx_hal_rcc_ex.o
      1978          0          0          0          0      10048   stm32f7xx_hal_sd.o
      1802         74          0          0          0      11124   stm32f7xx_hal_uart.o
        44          6          0          0          0       5091   stm32f7xx_it.o
      1528         42          0          0          0      21557   stm32f7xx_ll_sdmmc.o
         0          0          0          0          0        544   syscall.o
        84         16         24          4          0       1243   system_stm32f7xx.o

    ----------------------------------------------------------------------
     19528        902       1644         88       5612    1802309   Object Totals
         0          0         32          0          0          0   (incl. Generated)
        38          0          0          0          2          0   (incl. Padding)

    ----------------------------------------------------------------------

      Code (inc. data)   RO Data    RW Data    ZI Data      Debug   Library Member Name

         0          0          0          0          0          0   entry.o
         0          0          0          0          0          0   entry10a.o
         0          0          0          0          0          0   entry11a.o
         8          4          0          0          0          0   entry2.o
         4          0          0          0          0          0   entry5.o
         0          0          0          0          0          0   entry7b.o
         0          0          0          0          0          0   entry8b.o
         8          4          0          0          0          0   entry9a.o
        30          0          0          0          0          0   handlers.o
        36          8          0          0          0         68   init.o
        30          0          0          0          0         68   llshl.o
        32          0          0          0          0         68   llushr.o
       866         14          0          0          0        352   printf6.o
         0          0          0          4          0          0   stdout.o
        44          0          0          0          0         80   uidiv.o
        98          0          0          0          0         92   uldiv.o

    ----------------------------------------------------------------------
      1160         30          0          4          0        728   Library Totals
         4          0          0          0          0          0   (incl. Padding)

    ----------------------------------------------------------------------

      Code (inc. data)   RO Data    RW Data    ZI Data      Debug   Library Name

      1156         30          0          4          0        728   mc_w.l

    ----------------------------------------------------------------------
      1160         30          0          4          0        728   Library Totals

    ----------------------------------------------------------------------

==============================================================================


      Code (inc. data)   RO Data    RW Data    ZI Data      Debug   

     20688        932       1644         92       5612    1786829   Grand Totals
     20688        932       1644         92       5612    1786829   ELF Image Totals
     20688        932       1644         92          0          0   ROM Totals

==============================================================================

    Total RO  Size (Code + RO Data)                22332 (  21.81kB)
    Total RW  Size (RW Data + ZI Data)              5704 (   5.57kB)
    Total ROM Size (Code + RO Data + RW Data)      22424 (  21.90kB)

==============================================================================

